Archive member included to satisfy reference by file (symbol)

/opt/Atollic_TrueSTUDIO_for_STM32_x86_64_9.3.0/ARMTools/bin/../lib/gcc/arm-atollic-eabi/6.3.1/../../../../arm-atollic-eabi/lib/armv7e-m/fpu/libc.a(lib_a-errno.o)
                              Core/Src/syscalls.o (__errno)
/opt/Atollic_TrueSTUDIO_for_STM32_x86_64_9.3.0/ARMTools/bin/../lib/gcc/arm-atollic-eabi/6.3.1/../../../../arm-atollic-eabi/lib/armv7e-m/fpu/libc.a(lib_a-impure.o)
                              /opt/Atollic_TrueSTUDIO_for_STM32_x86_64_9.3.0/ARMTools/bin/../lib/gcc/arm-atollic-eabi/6.3.1/../../../../arm-atollic-eabi/lib/armv7e-m/fpu/libc.a(lib_a-errno.o) (_impure_ptr)
/opt/Atollic_TrueSTUDIO_for_STM32_x86_64_9.3.0/ARMTools/bin/../lib/gcc/arm-atollic-eabi/6.3.1/../../../../arm-atollic-eabi/lib/armv7e-m/fpu/libc.a(lib_a-init.o)
                              startup/startup_stm32f407xx.o (__libc_init_array)
/opt/Atollic_TrueSTUDIO_for_STM32_x86_64_9.3.0/ARMTools/bin/../lib/gcc/arm-atollic-eabi/6.3.1/../../../../arm-atollic-eabi/lib/armv7e-m/fpu/libc.a(lib_a-malloc.o)
                              Middlewares/ST/STM32_USB_Host_Library/Class/CDC/Src/usbh_cdc.o (malloc)
/opt/Atollic_TrueSTUDIO_for_STM32_x86_64_9.3.0/ARMTools/bin/../lib/gcc/arm-atollic-eabi/6.3.1/../../../../arm-atollic-eabi/lib/armv7e-m/fpu/libc.a(lib_a-mallocr.o)
                              /opt/Atollic_TrueSTUDIO_for_STM32_x86_64_9.3.0/ARMTools/bin/../lib/gcc/arm-atollic-eabi/6.3.1/../../../../arm-atollic-eabi/lib/armv7e-m/fpu/libc.a(lib_a-malloc.o) (_malloc_r)
/opt/Atollic_TrueSTUDIO_for_STM32_x86_64_9.3.0/ARMTools/bin/../lib/gcc/arm-atollic-eabi/6.3.1/../../../../arm-atollic-eabi/lib/armv7e-m/fpu/libc.a(lib_a-memcpy-stub.o)
                              lvgl/src/lv_core/lv_refr.o (memcpy)
/opt/Atollic_TrueSTUDIO_for_STM32_x86_64_9.3.0/ARMTools/bin/../lib/gcc/arm-atollic-eabi/6.3.1/../../../../arm-atollic-eabi/lib/armv7e-m/fpu/libc.a(lib_a-memset.o)
                              Core/Src/main.o (memset)
/opt/Atollic_TrueSTUDIO_for_STM32_x86_64_9.3.0/ARMTools/bin/../lib/gcc/arm-atollic-eabi/6.3.1/../../../../arm-atollic-eabi/lib/armv7e-m/fpu/libc.a(lib_a-mlock.o)
                              /opt/Atollic_TrueSTUDIO_for_STM32_x86_64_9.3.0/ARMTools/bin/../lib/gcc/arm-atollic-eabi/6.3.1/../../../../arm-atollic-eabi/lib/armv7e-m/fpu/libc.a(lib_a-mallocr.o) (__malloc_lock)
/opt/Atollic_TrueSTUDIO_for_STM32_x86_64_9.3.0/ARMTools/bin/../lib/gcc/arm-atollic-eabi/6.3.1/../../../../arm-atollic-eabi/lib/armv7e-m/fpu/libc.a(lib_a-sbrkr.o)
                              /opt/Atollic_TrueSTUDIO_for_STM32_x86_64_9.3.0/ARMTools/bin/../lib/gcc/arm-atollic-eabi/6.3.1/../../../../arm-atollic-eabi/lib/armv7e-m/fpu/libc.a(lib_a-mallocr.o) (_sbrk_r)
/opt/Atollic_TrueSTUDIO_for_STM32_x86_64_9.3.0/ARMTools/bin/../lib/gcc/arm-atollic-eabi/6.3.1/../../../../arm-atollic-eabi/lib/armv7e-m/fpu/libc.a(lib_a-strcmp.o)
                              lvgl/src/lv_draw/lv_img_decoder.o (strcmp)
/opt/Atollic_TrueSTUDIO_for_STM32_x86_64_9.3.0/ARMTools/bin/../lib/gcc/arm-atollic-eabi/6.3.1/../../../../arm-atollic-eabi/lib/armv7e-m/fpu/libc.a(lib_a-strcpy.o)
                              lvgl/src/lv_objx/lv_calendar.o (strcpy)
/opt/Atollic_TrueSTUDIO_for_STM32_x86_64_9.3.0/ARMTools/bin/../lib/gcc/arm-atollic-eabi/6.3.1/../../../../arm-atollic-eabi/lib/armv7e-m/fpu/libc.a(lib_a-strlen.o)
                              lvgl/src/lv_misc/lv_fs.o (strlen)
/opt/Atollic_TrueSTUDIO_for_STM32_x86_64_9.3.0/ARMTools/bin/../lib/gcc/arm-atollic-eabi/6.3.1/../../../../arm-atollic-eabi/lib/armv7e-m/fpu/libc.a(lib_a-freer.o)
                              /opt/Atollic_TrueSTUDIO_for_STM32_x86_64_9.3.0/ARMTools/bin/../lib/gcc/arm-atollic-eabi/6.3.1/../../../../arm-atollic-eabi/lib/armv7e-m/fpu/libc.a(lib_a-malloc.o) (_free_r)
/opt/Atollic_TrueSTUDIO_for_STM32_x86_64_9.3.0/ARMTools/bin/../lib/gcc/arm-atollic-eabi/6.3.1/../../../../arm-atollic-eabi/lib/armv7e-m/fpu/libc.a(lib_a-lock.o)
                              /opt/Atollic_TrueSTUDIO_for_STM32_x86_64_9.3.0/ARMTools/bin/../lib/gcc/arm-atollic-eabi/6.3.1/../../../../arm-atollic-eabi/lib/armv7e-m/fpu/libc.a(lib_a-mlock.o) (__retarget_lock_acquire_recursive)
/opt/Atollic_TrueSTUDIO_for_STM32_x86_64_9.3.0/ARMTools/bin/../lib/gcc/arm-atollic-eabi/6.3.1/../../../../arm-atollic-eabi/lib/armv7e-m/fpu/libc.a(lib_a-reent.o)
                              /opt/Atollic_TrueSTUDIO_for_STM32_x86_64_9.3.0/ARMTools/bin/../lib/gcc/arm-atollic-eabi/6.3.1/../../../../arm-atollic-eabi/lib/armv7e-m/fpu/libc.a(lib_a-sbrkr.o) (errno)
/opt/Atollic_TrueSTUDIO_for_STM32_x86_64_9.3.0/ARMTools/bin/../lib/gcc/arm-atollic-eabi/6.3.1/armv7e-m/fpu/libgcc.a(_aeabi_uldivmod.o)
                              Drivers/STM32F4xx_HAL_Driver/Src/stm32f4xx_hal_rcc.o (__aeabi_uldivmod)
/opt/Atollic_TrueSTUDIO_for_STM32_x86_64_9.3.0/ARMTools/bin/../lib/gcc/arm-atollic-eabi/6.3.1/armv7e-m/fpu/libgcc.a(_udivmoddi4.o)
[...]
Memory Configuration

Name             Origin             Length             Attributes
RAM              0x0000000020000000 0x0000000000020000 xrw
CCMRAM           0x0000000010000000 0x0000000000010000 rw
FLASH            0x0000000008000000 0x0000000000100000 xr
*default*        0x0000000000000000 0xffffffffffffffff

Linker script and memory map

LOAD /opt/Atollic_TrueSTUDIO_for_STM32_x86_64_9.3.0/ARMTools/bin/../lib/gcc/arm-atollic-eabi/6.3.1/armv7e-m/fpu/crti.o
LOAD /opt/Atollic_TrueSTUDIO_for_STM32_x86_64_9.3.0/ARMTools/bin/../lib/gcc/arm-atollic-eabi/6.3.1/armv7e-m/fpu/crtbegin.o
LOAD Core/Src/main.o
LOAD Core/Src/stm32f4xx_hal_msp.o
LOAD Core/Src/stm32f4xx_hal_timebase_tim.o
LOAD Core/Src/stm32f4xx_it.o
LOAD Core/Src/syscalls.o
LOAD Core/Src/system_stm32f4xx.o
LOAD Drivers/STM32F4xx_HAL_Driver/Src/stm32f4xx_hal.o
LOAD Drivers/STM32F4xx_HAL_Driver/Src/stm32f4xx_hal_cortex.o
LOAD Drivers/STM32F4xx_HAL_Driver/Src/stm32f4xx_hal_dma.o
LOAD Drivers/STM32F4xx_HAL_Driver/Src/stm32f4xx_hal_dma_ex.o
LOAD Drivers/STM32F4xx_HAL_Driver/Src/stm32f4xx_hal_exti.o
LOAD Drivers/STM32F4xx_HAL_Driver/Src/stm32f4xx_hal_flash.o
LOAD Drivers/STM32F4xx_HAL_Driver/Src/stm32f4xx_hal_flash_ex.o
LOAD Drivers/STM32F4xx_HAL_Driver/Src/stm32f4xx_hal_flash_ramfunc.o
LOAD Drivers/STM32F4xx_HAL_Driver/Src/stm32f4xx_hal_gpio.o
LOAD Drivers/STM32F4xx_HAL_Driver/Src/stm32f4xx_hal_hcd.o
LOAD Drivers/STM32F4xx_HAL_Driver/Src/stm32f4xx_hal_i2c.o
LOAD Drivers/STM32F4xx_HAL_Driver/Src/stm32f4xx_hal_i2c_ex.o
LOAD Drivers/STM32F4xx_HAL_Driver/Src/stm32f4xx_hal_i2s.o
LOAD Drivers/STM32F4xx_HAL_Driver/Src/stm32f4xx_hal_i2s_ex.o
LOAD Drivers/STM32F4xx_HAL_Driver/Src/stm32f4xx_hal_pwr.o
LOAD Drivers/STM32F4xx_HAL_Driver/Src/stm32f4xx_hal_pwr_ex.o
LOAD Drivers/STM32F4xx_HAL_Driver/Src/stm32f4xx_hal_rcc.o
LOAD Drivers/STM32F4xx_HAL_Driver/Src/stm32f4xx_hal_rcc_ex.o
LOAD Drivers/STM32F4xx_HAL_Driver/Src/stm32f4xx_hal_spi.o
LOAD Drivers/STM32F4xx_HAL_Driver/Src/stm32f4xx_hal_tim.o
LOAD Drivers/STM32F4xx_HAL_Driver/Src/stm32f4xx_hal_tim_ex.o
LOAD Drivers/STM32F4xx_HAL_Driver/Src/stm32f4xx_hal_uart.o
LOAD Drivers/STM32F4xx_HAL_Driver/Src/stm32f4xx_ll_usb.o
LOAD Middlewares/ST/STM32_USB_Host_Library/Class/CDC/Src/usbh_cdc.o
LOAD Middlewares/ST/STM32_USB_Host_Library/Core/Src/usbh_core.o
LOAD Middlewares/ST/STM32_USB_Host_Library/Core/Src/usbh_ctlreq.o
LOAD Middlewares/ST/STM32_USB_Host_Library/Core/Src/usbh_ioreq.o
LOAD Middlewares/ST/STM32_USB_Host_Library/Core/Src/usbh_pipes.o
LOAD USB_HOST/App/usb_host.o
LOAD USB_HOST/Target/usbh_conf.o
LOAD USB_HOST/Target/usbh_platform.o
LOAD lvgl/porting/lv_port_disp_template.o
LOAD lvgl/porting/lv_port_fs_template.o
LOAD lvgl/porting/lv_port_indev_template.o
LOAD lvgl/src/lv_core/lv_disp.o
LOAD lvgl/src/lv_core/lv_group.o
LOAD lvgl/src/lv_core/lv_indev.o
LOAD lvgl/src/lv_core/lv_obj.o
LOAD lvgl/src/lv_core/lv_refr.o
LOAD lvgl/src/lv_core/lv_style.o
LOAD lvgl/src/lv_draw/lv_draw.o
LOAD lvgl/src/lv_draw/lv_draw_arc.o
LOAD lvgl/src/lv_draw/lv_draw_basic.o
LOAD lvgl/src/lv_draw/lv_draw_img.o
LOAD lvgl/src/lv_draw/lv_draw_label.o
LOAD lvgl/src/lv_draw/lv_draw_line.o
LOAD lvgl/src/lv_draw/lv_draw_rect.o
LOAD lvgl/src/lv_draw/lv_draw_triangle.o
LOAD lvgl/src/lv_draw/lv_img_cache.o
LOAD lvgl/src/lv_draw/lv_img_decoder.o
LOAD lvgl/src/lv_font/lv_font.o
LOAD lvgl/src/lv_font/lv_font_fmt_txt.o
LOAD lvgl/src/lv_font/lv_font_roboto_12.o
LOAD lvgl/src/lv_font/lv_font_roboto_16.o
LOAD lvgl/src/lv_font/lv_font_roboto_22.o
LOAD lvgl/src/lv_font/lv_font_roboto_28.o
LOAD lvgl/src/lv_font/lv_font_unscii_8.o
LOAD lvgl/src/lv_hal/lv_hal_disp.o
LOAD lvgl/src/lv_hal/lv_hal_indev.o
LOAD lvgl/src/lv_hal/lv_hal_tick.o
LOAD lvgl/src/lv_misc/lv_anim.o
LOAD lvgl/src/lv_misc/lv_area.o
LOAD lvgl/src/lv_misc/lv_async.o
LOAD lvgl/src/lv_misc/lv_circ.o
LOAD lvgl/src/lv_misc/lv_color.o
LOAD lvgl/src/lv_misc/lv_fs.o
LOAD lvgl/src/lv_misc/lv_gc.o
LOAD lvgl/src/lv_misc/lv_ll.o
LOAD lvgl/src/lv_misc/lv_log.o
LOAD lvgl/src/lv_misc/lv_math.o
LOAD lvgl/src/lv_misc/lv_mem.o
LOAD lvgl/src/lv_misc/lv_task.o
LOAD lvgl/src/lv_misc/lv_templ.o
LOAD lvgl/src/lv_misc/lv_txt.o
LOAD lvgl/src/lv_misc/lv_utils.o
LOAD lvgl/src/lv_objx/lv_arc.o
LOAD lvgl/src/lv_objx/lv_bar.o
LOAD lvgl/src/lv_objx/lv_btn.o
LOAD lvgl/src/lv_objx/lv_btnm.o
LOAD lvgl/src/lv_objx/lv_calendar.o
LOAD lvgl/src/lv_objx/lv_canvas.o
LOAD lvgl/src/lv_objx/lv_cb.o
LOAD lvgl/src/lv_objx/lv_chart.o
LOAD lvgl/src/lv_objx/lv_cont.o
LOAD lvgl/src/lv_objx/lv_ddlist.o
LOAD lvgl/src/lv_objx/lv_gauge.o
LOAD lvgl/src/lv_objx/lv_img.o
LOAD lvgl/src/lv_objx/lv_imgbtn.o
LOAD lvgl/src/lv_objx/lv_kb.o
LOAD lvgl/src/lv_objx/lv_label.o
LOAD lvgl/src/lv_objx/lv_led.o
LOAD lvgl/src/lv_objx/lv_line.o
LOAD lvgl/src/lv_objx/lv_list.o
LOAD lvgl/src/lv_objx/lv_lmeter.o
LOAD lvgl/src/lv_objx/lv_mbox.o
LOAD lvgl/src/lv_objx/lv_objx_templ.o
LOAD lvgl/src/lv_objx/lv_page.o
LOAD lvgl/src/lv_objx/lv_preload.o
LOAD lvgl/src/lv_objx/lv_roller.o
LOAD lvgl/src/lv_objx/lv_slider.o
LOAD lvgl/src/lv_objx/lv_spinbox.o
LOAD lvgl/src/lv_objx/lv_sw.o
LOAD lvgl/src/lv_objx/lv_ta.o
LOAD lvgl/src/lv_objx/lv_table.o
LOAD lvgl/src/lv_objx/lv_tabview.o
LOAD lvgl/src/lv_objx/lv_tileview.o
LOAD lvgl/src/lv_objx/lv_win.o
LOAD lvgl/src/lv_themes/lv_theme.o
LOAD lvgl/src/lv_themes/lv_theme_alien.o
LOAD lvgl/src/lv_themes/lv_theme_default.o
LOAD lvgl/src/lv_themes/lv_theme_material.o
LOAD lvgl/src/lv_themes/lv_theme_mono.o
LOAD lvgl/src/lv_themes/lv_theme_nemo.o
LOAD lvgl/src/lv_themes/lv_theme_night.o
LOAD lvgl/src/lv_themes/lv_theme_templ.o
LOAD lvgl/src/lv_themes/lv_theme_zen.o
LOAD startup/startup_stm32f407xx.o
                0x0000000000000080                malloc_getpagesize_P = 0x80
START GROUP
LOAD /opt/Atollic_TrueSTUDIO_for_STM32_x86_64_9.3.0/ARMTools/bin/../lib/gcc/arm-atollic-eabi/6.3.1/../../../../arm-atollic-eabi/lib/armv7e-m/fpu/libc.a
LOAD /opt/Atollic_TrueSTUDIO_for_STM32_x86_64_9.3.0/ARMTools/bin/../lib/gcc/arm-atollic-eabi/6.3.1/../../../../arm-atollic-eabi/lib/armv7e-m/fpu/libm.a
END GROUP
START GROUP
LOAD /opt/Atollic_TrueSTUDIO_for_STM32_x86_64_9.3.0/ARMTools/bin/../lib/gcc/arm-atollic-eabi/6.3.1/armv7e-m/fpu/libgcc.a
LOAD /opt/Atollic_TrueSTUDIO_for_STM32_x86_64_9.3.0/ARMTools/bin/../lib/gcc/arm-atollic-eabi/6.3.1/../../../../arm-atollic-eabi/lib/armv7e-m/fpu/libc.a
END GROUP
START GROUP
LOAD /opt/Atollic_TrueSTUDIO_for_STM32_x86_64_9.3.0/ARMTools/bin/../lib/gcc/arm-atollic-eabi/6.3.1/armv7e-m/fpu/libgcc.a
LOAD /opt/Atollic_TrueSTUDIO_for_STM32_x86_64_9.3.0/ARMTools/bin/../lib/gcc/arm-atollic-eabi/6.3.1/../../../../arm-atollic-eabi/lib/armv7e-m/fpu/libc.a
LOAD /opt/Atollic_TrueSTUDIO_for_STM32_x86_64_9.3.0/ARMTools/bin/../lib/gcc/arm-atollic-eabi/6.3.1/../../../../arm-atollic-eabi/lib/armv7e-m/fpu/libnosys.a
END GROUP
LOAD /opt/Atollic_TrueSTUDIO_for_STM32_x86_64_9.3.0/ARMTools/bin/../lib/gcc/arm-atollic-eabi/6.3.1/armv7e-m/fpu/crtend.o
LOAD /opt/Atollic_TrueSTUDIO_for_STM32_x86_64_9.3.0/ARMTools/bin/../lib/gcc/arm-atollic-eabi/6.3.1/armv7e-m/fpu/crtn.o
                0x0000000020020000                _estack = 0x20020000
                0x0000000000000200                _Min_Heap_Size = 0x200
                0x0000000000000400                _Min_Stack_Size = 0x400

.isr_vector     0x0000000008000000      0x188
                0x0000000008000000                . = ALIGN (0x4)
 *(.isr_vector)
 .isr_vector    0x0000000008000000      0x188 startup/startup_stm32f407xx.o
                0x0000000008000000                g_pfnVectors
                0x0000000008000188                . = ALIGN (0x4)

.text           0x0000000008000188     0x4544
                0x0000000008000188                . = ALIGN (0x4)
 *(.text)
 .text          0x0000000008000188       0x40 /opt/Atollic_TrueSTUDIO_for_STM32_x86_64_9.3.0/ARMTools/bin/../lib/gcc/arm-atollic-eabi/6.3.1/armv7e-m/fpu/crtbegin.o
 .text          0x00000000080001c8       0x30 /opt/Atollic_TrueSTUDIO_for_STM32_x86_64_9.3.0/ARMTools/bin/../lib/gcc/arm-atollic-eabi/6.3.1/armv7e-m/fpu/libgcc.a(_aeabi_uldivmod.o)
                0x00000000080001c8                __aeabi_uldivmod
 .text          0x00000000080001f8      0x2dc /opt/Atollic_TrueSTUDIO_for_STM32_x86_64_9.3.0/ARMTools/bin/../lib/gcc/arm-atollic-eabi/6.3.1/armv7e-m/fpu/libgcc.a(_udivmoddi4.o)
                0x00000000080001f8                __udivmoddi4
 .text          0x00000000080004d4        0x4 /opt/Atollic_TrueSTUDIO_for_STM32_x86_64_9.3.0/ARMTools/bin/../lib/gcc/arm-atollic-eabi/6.3.1/armv7e-m/fpu/libgcc.a(_dvmd_tls.o)
                0x00000000080004d4                __aeabi_ldiv0
                0x00000000080004d4                __aeabi_idiv0
 *(.text*)
 .text.SystemClock_Config
                0x00000000080004d8       0xb4 Core/Src/main.o
                0x00000000080004d8                SystemClock_Config
 .text.startup.main
                0x000000000800058c      0x274 Core/Src/main.o
                0x000000000800058c                main
 .text.HAL_TIM_PeriodElapsedCallback
                0x0000000008000800       0x14 Core/Src/main.o
                0x0000000008000800                HAL_TIM_PeriodElapsedCallback
 .text.Error_Handler
                0x0000000008000814        0x2 Core/Src/main.o
                0x0000000008000814                Error_Handler
 *fill*         0x0000000008000816        0x2 
 .text.HAL_MspInit
                0x0000000008000818       0x40 Core/Src/stm32f4xx_hal_msp.o
                0x0000000008000818                HAL_MspInit
 .text.HAL_I2C_MspInit
                0x0000000008000858       0x70 Core/Src/stm32f4xx_hal_msp.o
                0x0000000008000858                HAL_I2C_MspInit
 .text.HAL_I2S_MspInit
                0x00000000080008c8       0x94 Core/Src/stm32f4xx_hal_msp.o
                0x00000000080008c8                HAL_I2S_MspInit
 .text.HAL_SPI_MspInit
                0x000000000800095c       0x68 Core/Src/stm32f4xx_hal_msp.o
                0x000000000800095c                HAL_SPI_MspInit
 .text.HAL_UART_MspInit
                0x00000000080009c4       0xc8 Core/Src/stm32f4xx_hal_msp.o
                0x00000000080009c4                HAL_UART_MspInit
 .text.HAL_InitTick
                0x0000000008000a8c       0x7c Core/Src/stm32f4xx_hal_timebase_tim.o
                0x0000000008000a8c                HAL_InitTick
 .text.NMI_Handler
                0x0000000008000b08        0x2 Core/Src/stm32f4xx_it.o
                0x0000000008000b08                NMI_Handler
 .text.HardFault_Handler
                0x0000000008000b0a        0x2 Core/Src/stm32f4xx_it.o
                0x0000000008000b0a                HardFault_Handler
 .text.MemManage_Handler
                0x0000000008000b0c        0x2 Core/Src/stm32f4xx_it.o
                0x0000000008000b0c                MemManage_Handler
 .text.BusFault_Handler
                0x0000000008000b0e        0x2 Core/Src/stm32f4xx_it.o
                0x0000000008000b0e                BusFault_Handler
 .text.UsageFault_Handler
                0x0000000008000b10        0x2 Core/Src/stm32f4xx_it.o
                0x0000000008000b10                UsageFault_Handler
 .text.SVC_Handler
                0x0000000008000b12        0x2 Core/Src/stm32f4xx_it.o
                0x0000000008000b12                SVC_Handler
 .text.DebugMon_Handler
                0x0000000008000b14        0x2 Core/Src/stm32f4xx_it.o
                0x0000000008000b14                DebugMon_Handler
 .text.PendSV_Handler
                0x0000000008000b16        0x2 Core/Src/stm32f4xx_it.o
                0x0000000008000b16                PendSV_Handler
 .text.SysTick_Handler
                0x0000000008000b18        0x2 Core/Src/stm32f4xx_it.o
                0x0000000008000b18                SysTick_Handler
 *fill*         0x0000000008000b1a        0x2 
 .text.TIM6_DAC_IRQHandler
                0x0000000008000b1c        0xc Core/Src/stm32f4xx_it.o
                0x0000000008000b1c                TIM6_DAC_IRQHandler
 .text.OTG_FS_IRQHandler
                0x0000000008000b28        0xc Core/Src/stm32f4xx_it.o
                0x0000000008000b28                OTG_FS_IRQHandler
 .text._sbrk    0x0000000008000b34       0x34 Core/Src/syscalls.o
                0x0000000008000b34                _sbrk
 .text.SystemInit
                0x0000000008000b68       0x4c Core/Src/system_stm32f4xx.o
                0x0000000008000b68                SystemInit
 .text.HAL_Init
                0x0000000008000bb4       0x34 Drivers/STM32F4xx_HAL_Driver/Src/stm32f4xx_hal.o
                0x0000000008000bb4                HAL_Init
 .text.HAL_IncTick
                0x0000000008000be8       0x18 Drivers/STM32F4xx_HAL_Driver/Src/stm32f4xx_hal.o
                0x0000000008000be8                HAL_IncTick
 .text.HAL_GetTick
                0x0000000008000c00        0xc Drivers/STM32F4xx_HAL_Driver/Src/stm32f4xx_hal.o
                0x0000000008000c00                HAL_GetTick
 .text.HAL_Delay
                0x0000000008000c0c       0x28 Drivers/STM32F4xx_HAL_Driver/Src/stm32f4xx_hal.o
                0x0000000008000c0c                HAL_Delay
 .text.HAL_NVIC_SetPriorityGrouping
                0x0000000008000c34       0x24 Drivers/STM32F4xx_HAL_Driver/Src/stm32f4xx_hal_cortex.o
                0x0000000008000c34                HAL_NVIC_SetPriorityGrouping
 .text.HAL_NVIC_SetPriority
                0x0000000008000c58       0x68 Drivers/STM32F4xx_HAL_Driver/Src/stm32f4xx_hal_cortex.o
                0x0000000008000c58                HAL_NVIC_SetPriority
 .text.HAL_NVIC_EnableIRQ
                0x0000000008000cc0       0x1c Drivers/STM32F4xx_HAL_Driver/Src/stm32f4xx_hal_cortex.o
                0x0000000008000cc0                HAL_NVIC_EnableIRQ
 .text.HAL_GPIO_Init
                0x0000000008000cdc      0x1c0 Drivers/STM32F4xx_HAL_Driver/Src/stm32f4xx_hal_gpio.o
                0x0000000008000cdc                HAL_GPIO_Init
 .text.HAL_GPIO_WritePin
                0x0000000008000e9c        0xa Drivers/STM32F4xx_HAL_Driver/Src/stm32f4xx_hal_gpio.o
                0x0000000008000e9c                HAL_GPIO_WritePin
 .text.HAL_HCD_HC_Init
                0x0000000008000ea6       0x70 Drivers/STM32F4xx_HAL_Driver/Src/stm32f4xx_hal_hcd.o
                0x0000000008000ea6                HAL_HCD_HC_Init
 .text.HAL_HCD_HC_Halt
                0x0000000008000f16       0x24 Drivers/STM32F4xx_HAL_Driver/Src/stm32f4xx_hal_hcd.o
                0x0000000008000f16                HAL_HCD_HC_Halt
 .text.HAL_HCD_Init
                0x0000000008000f3a       0x94 Drivers/STM32F4xx_HAL_Driver/Src/stm32f4xx_hal_hcd.o
                0x0000000008000f3a                HAL_HCD_Init
 *fill*         0x0000000008000fce        0x2 
 .text.HAL_HCD_HC_SubmitRequest
                0x0000000008000fd0       0xc4 Drivers/STM32F4xx_HAL_Driver/Src/stm32f4xx_hal_hcd.o
                0x0000000008000fd0                HAL_HCD_HC_SubmitRequest
 .text.HAL_HCD_IRQHandler
                0x0000000008001094      0x638 Drivers/STM32F4xx_HAL_Driver/Src/stm32f4xx_hal_hcd.o
                0x0000000008001094                HAL_HCD_IRQHandler
 .text.HAL_HCD_Start
                0x00000000080016cc       0x2c Drivers/STM32F4xx_HAL_Driver/Src/stm32f4xx_hal_hcd.o
                0x00000000080016cc                HAL_HCD_Start
 .text.HAL_HCD_Stop
                0x00000000080016f8       0x24 Drivers/STM32F4xx_HAL_Driver/Src/stm32f4xx_hal_hcd.o
                0x00000000080016f8                HAL_HCD_Stop
 .text.HAL_HCD_ResetPort
                0x000000000800171c        0x6 Drivers/STM32F4xx_HAL_Driver/Src/stm32f4xx_hal_hcd.o
                0x000000000800171c                HAL_HCD_ResetPort
 .text.HAL_HCD_HC_GetURBState
                0x0000000008001722        0xc Drivers/STM32F4xx_HAL_Driver/Src/stm32f4xx_hal_hcd.o
                0x0000000008001722                HAL_HCD_HC_GetURBState
 .text.HAL_HCD_HC_GetXferCount
                0x000000000800172e        0xa Drivers/STM32F4xx_HAL_Driver/Src/stm32f4xx_hal_hcd.o
                0x000000000800172e                HAL_HCD_HC_GetXferCount
 .text.HAL_HCD_GetCurrentFrame
                0x0000000008001738        0x6 Drivers/STM32F4xx_HAL_Driver/Src/stm32f4xx_hal_hcd.o
                0x0000000008001738                HAL_HCD_GetCurrentFrame
 .text.HAL_HCD_GetCurrentSpeed
                0x000000000800173e        0x6 Drivers/STM32F4xx_HAL_Driver/Src/stm32f4xx_hal_hcd.o
                0x000000000800173e                HAL_HCD_GetCurrentSpeed
 .text.HAL_I2C_Init
                0x0000000008001744      0x148 Drivers/STM32F4xx_HAL_Driver/Src/stm32f4xx_hal_i2c.o
                0x0000000008001744                HAL_I2C_Init
 .text.HAL_I2S_Init
                0x000000000800188c      0x130 Drivers/STM32F4xx_HAL_Driver/Src/stm32f4xx_hal_i2s.o
                0x000000000800188c                HAL_I2S_Init
 .text.HAL_I2S_TxCpltCallback
                0x00000000080019bc        0x2 Drivers/STM32F4xx_HAL_Driver/Src/stm32f4xx_hal_i2s.o
                0x00000000080019bc                HAL_I2S_TxCpltCallback
 .text.HAL_I2S_RxCpltCallback
                0x00000000080019be        0x2 Drivers/STM32F4xx_HAL_Driver/Src/stm32f4xx_hal_i2s.o
                0x00000000080019be                HAL_I2S_RxCpltCallback
 .text.HAL_I2S_ErrorCallback
                0x00000000080019c0        0x2 Drivers/STM32F4xx_HAL_Driver/Src/stm32f4xx_hal_i2s.o
                0x00000000080019c0                HAL_I2S_ErrorCallback
 .text.I2S_IRQHandler
                0x00000000080019c2       0xfa Drivers/STM32F4xx_HAL_Driver/Src/stm32f4xx_hal_i2s.o
 .text.HAL_I2SEx_TxRxCpltCallback
                0x0000000008001abc        0x2 Drivers/STM32F4xx_HAL_Driver/Src/stm32f4xx_hal_i2s_ex.o
                0x0000000008001abc                HAL_I2SEx_TxRxCpltCallback
 *fill*         0x0000000008001abe        0x2 
 .text.HAL_I2SEx_FullDuplex_IRQHandler
                0x0000000008001ac0      0x23c Drivers/STM32F4xx_HAL_Driver/Src/stm32f4xx_hal_i2s_ex.o
                0x0000000008001ac0                HAL_I2SEx_FullDuplex_IRQHandler
 .text.HAL_RCC_OscConfig
                0x0000000008001cfc      0x304 Drivers/STM32F4xx_HAL_Driver/Src/stm32f4xx_hal_rcc.o
                0x0000000008001cfc                HAL_RCC_OscConfig
 .text.HAL_RCC_GetSysClockFreq
                0x0000000008002000       0x5c Drivers/STM32F4xx_HAL_Driver/Src/stm32f4xx_hal_rcc.o
                0x0000000008002000                HAL_RCC_GetSysClockFreq
 .text.HAL_RCC_ClockConfig
                0x000000000800205c      0x134 Drivers/STM32F4xx_HAL_Driver/Src/stm32f4xx_hal_rcc.o
                0x000000000800205c                HAL_RCC_ClockConfig
 .text.HAL_RCC_GetPCLK1Freq
                0x0000000008002190       0x20 Drivers/STM32F4xx_HAL_Driver/Src/stm32f4xx_hal_rcc.o
                0x0000000008002190                HAL_RCC_GetPCLK1Freq
 .text.HAL_RCC_GetPCLK2Freq
                0x00000000080021b0       0x20 Drivers/STM32F4xx_HAL_Driver/Src/stm32f4xx_hal_rcc.o
                0x00000000080021b0                HAL_RCC_GetPCLK2Freq
 .text.HAL_RCC_GetClockConfig
                0x00000000080021d0       0x3c Drivers/STM32F4xx_HAL_Driver/Src/stm32f4xx_hal_rcc.o
                0x00000000080021d0                HAL_RCC_GetClockConfig
 .text.HAL_RCCEx_PeriphCLKConfig
                0x000000000800220c      0x130 Drivers/STM32F4xx_HAL_Driver/Src/stm32f4xx_hal_rcc_ex.o
                0x000000000800220c                HAL_RCCEx_PeriphCLKConfig
 .text.HAL_RCCEx_GetPeriphCLKFreq
                0x000000000800233c       0x5c Drivers/STM32F4xx_HAL_Driver/Src/stm32f4xx_hal_rcc_ex.o
                0x000000000800233c                HAL_RCCEx_GetPeriphCLKFreq
 .text.HAL_SPI_Init
                0x0000000008002398       0x7a Drivers/STM32F4xx_HAL_Driver/Src/stm32f4xx_hal_spi.o
                0x0000000008002398                HAL_SPI_Init
 .text.HAL_TIM_Base_MspInit
                0x0000000008002412        0x2 Drivers/STM32F4xx_HAL_Driver/Src/stm32f4xx_hal_tim.o
                0x0000000008002412                HAL_TIM_Base_MspInit
 .text.HAL_TIM_Base_Start_IT
                0x0000000008002414       0x20 Drivers/STM32F4xx_HAL_Driver/Src/stm32f4xx_hal_tim.o
                0x0000000008002414                HAL_TIM_Base_Start_IT
 .text.HAL_TIM_OC_DelayElapsedCallback
                0x0000000008002434        0x2 Drivers/STM32F4xx_HAL_Driver/Src/stm32f4xx_hal_tim.o
                0x0000000008002434                HAL_TIM_OC_DelayElapsedCallback
 .text.HAL_TIM_IC_CaptureCallback
                0x0000000008002436        0x2 Drivers/STM32F4xx_HAL_Driver/Src/stm32f4xx_hal_tim.o
                0x0000000008002436                HAL_TIM_IC_CaptureCallback
 .text.HAL_TIM_PWM_PulseFinishedCallback
                0x0000000008002438        0x2 Drivers/STM32F4xx_HAL_Driver/Src/stm32f4xx_hal_tim.o
                0x0000000008002438                HAL_TIM_PWM_PulseFinishedCallback
 .text.HAL_TIM_TriggerCallback
                0x000000000800243a        0x2 Drivers/STM32F4xx_HAL_Driver/Src/stm32f4xx_hal_tim.o
                0x000000000800243a                HAL_TIM_TriggerCallback
 .text.HAL_TIM_IRQHandler
                0x000000000800243c      0x144 Drivers/STM32F4xx_HAL_Driver/Src/stm32f4xx_hal_tim.o
                0x000000000800243c                HAL_TIM_IRQHandler
 .text.TIM_Base_SetConfig
                0x0000000008002580       0xcc Drivers/STM32F4xx_HAL_Driver/Src/stm32f4xx_hal_tim.o
                0x0000000008002580                TIM_Base_SetConfig
 .text.HAL_TIM_Base_Init
                0x000000000800264c       0x34 Drivers/STM32F4xx_HAL_Driver/Src/stm32f4xx_hal_tim.o
                0x000000000800264c                HAL_TIM_Base_Init
 .text.HAL_TIMEx_CommutCallback
                0x0000000008002680        0x2 Drivers/STM32F4xx_HAL_Driver/Src/stm32f4xx_hal_tim_ex.o
                0x0000000008002680                HAL_TIMEx_CommutCallback
 .text.HAL_TIMEx_BreakCallback
                0x0000000008002682        0x2 Drivers/STM32F4xx_HAL_Driver/Src/stm32f4xx_hal_tim_ex.o
                0x0000000008002682                HAL_TIMEx_BreakCallback
 .text.UART_SetConfig
                0x0000000008002684      0x234 Drivers/STM32F4xx_HAL_Driver/Src/stm32f4xx_hal_uart.o
 .text.HAL_UART_Init
                0x00000000080028b8       0x5c Drivers/STM32F4xx_HAL_Driver/Src/stm32f4xx_hal_uart.o
                0x00000000080028b8                HAL_UART_Init
 .text.USB_CoreReset
                0x0000000008002914       0x30 Drivers/STM32F4xx_HAL_Driver/Src/stm32f4xx_ll_usb.o
 .text.USB_CoreInit
                0x0000000008002944       0x80 Drivers/STM32F4xx_HAL_Driver/Src/stm32f4xx_ll_usb.o
                0x0000000008002944                USB_CoreInit
 .text.USB_EnableGlobalInt
                0x00000000080029c4        0xc Drivers/STM32F4xx_HAL_Driver/Src/stm32f4xx_ll_usb.o
                0x00000000080029c4                USB_EnableGlobalInt
 .text.USB_DisableGlobalInt
                0x00000000080029d0        0xc Drivers/STM32F4xx_HAL_Driver/Src/stm32f4xx_ll_usb.o
                0x00000000080029d0                USB_DisableGlobalInt
 .text.USB_SetCurrentMode
                0x00000000080029dc       0x2e Drivers/STM32F4xx_HAL_Driver/Src/stm32f4xx_ll_usb.o
                0x00000000080029dc                USB_SetCurrentMode
 *fill*         0x0000000008002a0a        0x2 
 .text.USB_FlushTxFifo
                0x0000000008002a0c       0x24 Drivers/STM32F4xx_HAL_Driver/Src/stm32f4xx_ll_usb.o
                0x0000000008002a0c                USB_FlushTxFifo
 .text.USB_FlushRxFifo
                0x0000000008002a30       0x20 Drivers/STM32F4xx_HAL_Driver/Src/stm32f4xx_ll_usb.o
                0x0000000008002a30                USB_FlushRxFifo
 .text.USB_WritePacket
                0x0000000008002a50       0x28 Drivers/STM32F4xx_HAL_Driver/Src/stm32f4xx_ll_usb.o
                0x0000000008002a50                USB_WritePacket
 .text.USB_ReadPacket
                0x0000000008002a78       0x1c Drivers/STM32F4xx_HAL_Driver/Src/stm32f4xx_ll_usb.o
                0x0000000008002a78                USB_ReadPacket
 .text.USB_ReadInterrupts
                0x0000000008002a94        0x8 Drivers/STM32F4xx_HAL_Driver/Src/stm32f4xx_ll_usb.o
                0x0000000008002a94                USB_ReadInterrupts
 .text.USB_GetMode
                0x0000000008002a9c        0x8 Drivers/STM32F4xx_HAL_Driver/Src/stm32f4xx_ll_usb.o
                0x0000000008002a9c                USB_GetMode
 .text.USB_InitFSLSPClkSel
                0x0000000008002aa4       0x38 Drivers/STM32F4xx_HAL_Driver/Src/stm32f4xx_ll_usb.o
                0x0000000008002aa4                USB_InitFSLSPClkSel
 .text.USB_ResetPort
                0x0000000008002adc       0x3c Drivers/STM32F4xx_HAL_Driver/Src/stm32f4xx_ll_usb.o
                0x0000000008002adc                USB_ResetPort
 .text.USB_DriveVbus
                0x0000000008002b18       0x40 Drivers/STM32F4xx_HAL_Driver/Src/stm32f4xx_ll_usb.o
                0x0000000008002b18                USB_DriveVbus
 .text.USB_HostInit
                0x0000000008002b58       0xe0 Drivers/STM32F4xx_HAL_Driver/Src/stm32f4xx_ll_usb.o
                0x0000000008002b58                USB_HostInit
 .text.USB_GetHostSpeed
                0x0000000008002c38       0x16 Drivers/STM32F4xx_HAL_Driver/Src/stm32f4xx_ll_usb.o
                0x0000000008002c38                USB_GetHostSpeed
 .text.USB_GetCurrentFrame
                0x0000000008002c4e        0xa Drivers/STM32F4xx_HAL_Driver/Src/stm32f4xx_ll_usb.o
                0x0000000008002c4e                USB_GetCurrentFrame
 .text.USB_HC_Init
                0x0000000008002c58      0x10a Drivers/STM32F4xx_HAL_Driver/Src/stm32f4xx_ll_usb.o
                0x0000000008002c58                USB_HC_Init
 .text.USB_HC_ReadInterrupt
                0x0000000008002d62        0xa Drivers/STM32F4xx_HAL_Driver/Src/stm32f4xx_ll_usb.o
                0x0000000008002d62                USB_HC_ReadInterrupt
 .text.USB_HC_Halt
                0x0000000008002d6c       0xa4 Drivers/STM32F4xx_HAL_Driver/Src/stm32f4xx_ll_usb.o
                0x0000000008002d6c                USB_HC_Halt
 .text.USB_DoPing
                0x0000000008002e10       0x24 Drivers/STM32F4xx_HAL_Driver/Src/stm32f4xx_ll_usb.o
                0x0000000008002e10                USB_DoPing
 .text.USB_HC_StartXfer
                0x0000000008002e34      0x164 Drivers/STM32F4xx_HAL_Driver/Src/stm32f4xx_ll_usb.o
                0x0000000008002e34                USB_HC_StartXfer
 .text.USB_StopHost
                0x0000000008002f98       0x6c Drivers/STM32F4xx_HAL_Driver/Src/stm32f4xx_ll_usb.o
                0x0000000008002f98                USB_StopHost
 .text.USBH_CDC_SOFProcess
                0x0000000008003004        0x4 Middlewares/ST/STM32_USB_Host_Library/Class/CDC/Src/usbh_cdc.o
 .text.USBH_CDC_InterfaceDeInit
                0x0000000008003008       0x62 Middlewares/ST/STM32_USB_Host_Library/Class/CDC/Src/usbh_cdc.o
 .text.USBH_CDC_InterfaceInit
                0x000000000800306a      0x12a Middlewares/ST/STM32_USB_Host_Library/Class/CDC/Src/usbh_cdc.o
 .text.USBH_CDC_ClassRequest
                0x0000000008003194       0x34 Middlewares/ST/STM32_USB_Host_Library/Class/CDC/Src/usbh_cdc.o
 .text.USBH_CDC_TransmitCallback
                0x00000000080031c8        0x2 Middlewares/ST/STM32_USB_Host_Library/Class/CDC/Src/usbh_cdc.o
                0x00000000080031c8                USBH_CDC_TransmitCallback
 .text.USBH_CDC_ReceiveCallback
                0x00000000080031ca        0x2 Middlewares/ST/STM32_USB_Host_Library/Class/CDC/Src/usbh_cdc.o
                0x00000000080031ca                USBH_CDC_ReceiveCallback
 .text.USBH_CDC_LineCodingChanged
                0x00000000080031cc        0x2 Middlewares/ST/STM32_USB_Host_Library/Class/CDC/Src/usbh_cdc.o
                0x00000000080031cc                USBH_CDC_LineCodingChanged
 .text.USBH_CDC_Process
                0x00000000080031ce      0x172 Middlewares/ST/STM32_USB_Host_Library/Class/CDC/Src/usbh_cdc.o
 .text.DeInitStateMachine
                0x0000000008003340       0x44 Middlewares/ST/STM32_USB_Host_Library/Core/Src/usbh_core.o
 .text.USBH_Init
                0x0000000008003384       0x2e Middlewares/ST/STM32_USB_Host_Library/Core/Src/usbh_core.o
                0x0000000008003384                USBH_Init
 .text.USBH_RegisterClass
                0x00000000080033b2       0x1a Middlewares/ST/STM32_USB_Host_Library/Core/Src/usbh_core.o
                0x00000000080033b2                USBH_RegisterClass
 .text.USBH_SelectInterface
                0x00000000080033cc       0x12 Middlewares/ST/STM32_USB_Host_Library/Core/Src/usbh_core.o
                0x00000000080033cc                USBH_SelectInterface
 .text.USBH_FindInterface
                0x00000000080033de       0x3a Middlewares/ST/STM32_USB_Host_Library/Core/Src/usbh_core.o
                0x00000000080033de                USBH_FindInterface
 .text.USBH_Start
                0x0000000008003418       0x14 Middlewares/ST/STM32_USB_Host_Library/Core/Src/usbh_core.o
                0x0000000008003418                USBH_Start
 .text.USBH_Process
                0x000000000800342c      0x28a Middlewares/ST/STM32_USB_Host_Library/Core/Src/usbh_core.o
                0x000000000800342c                USBH_Process
 .text.USBH_LL_SetTimer
                0x00000000080036b6        0x6 Middlewares/ST/STM32_USB_Host_Library/Core/Src/usbh_core.o
                0x00000000080036b6                USBH_LL_SetTimer
 .text.USBH_LL_IncTimer
                0x00000000080036bc       0x1c Middlewares/ST/STM32_USB_Host_Library/Core/Src/usbh_core.o
                0x00000000080036bc                USBH_LL_IncTimer
 .text.USBH_LL_PortEnabled
                0x00000000080036d8        0x8 Middlewares/ST/STM32_USB_Host_Library/Core/Src/usbh_core.o
                0x00000000080036d8                USBH_LL_PortEnabled
 .text.USBH_LL_PortDisabled
                0x00000000080036e0        0x8 Middlewares/ST/STM32_USB_Host_Library/Core/Src/usbh_core.o
                0x00000000080036e0                USBH_LL_PortDisabled
 .text.USBH_LL_Connect
                0x00000000080036e8       0x28 Middlewares/ST/STM32_USB_Host_Library/Core/Src/usbh_core.o
                0x00000000080036e8                USBH_LL_Connect
 .text.USBH_LL_Disconnect
                0x0000000008003710       0x38 Middlewares/ST/STM32_USB_Host_Library/Core/Src/usbh_core.o
                0x0000000008003710                USBH_LL_Disconnect
 .text.USBH_CtlReq
                0x0000000008003748      0x182 Middlewares/ST/STM32_USB_Host_Library/Core/Src/usbh_ctlreq.o
                0x0000000008003748                USBH_CtlReq
 .text.USBH_GetDescriptor
                0x00000000080038ca       0x38 Middlewares/ST/STM32_USB_Host_Library/Core/Src/usbh_ctlreq.o
                0x00000000080038ca                USBH_GetDescriptor
 .text.USBH_Get_DevDesc
                0x0000000008003902       0x90 Middlewares/ST/STM32_USB_Host_Library/Core/Src/usbh_ctlreq.o
                0x0000000008003902                USBH_Get_DevDesc
 .text.USBH_Get_CfgDesc
                0x0000000008003992      0x11c Middlewares/ST/STM32_USB_Host_Library/Core/Src/usbh_ctlreq.o
                0x0000000008003992                USBH_Get_CfgDesc
 .text.USBH_Get_StringDesc
                0x0000000008003aae       0x4e Middlewares/ST/STM32_USB_Host_Library/Core/Src/usbh_ctlreq.o
                0x0000000008003aae                USBH_Get_StringDesc
 .text.USBH_SetAddress
                0x0000000008003afc       0x1c Middlewares/ST/STM32_USB_Host_Library/Core/Src/usbh_ctlreq.o
                0x0000000008003afc                USBH_SetAddress
 .text.USBH_SetCfg
                0x0000000008003b18       0x1c Middlewares/ST/STM32_USB_Host_Library/Core/Src/usbh_ctlreq.o
                0x0000000008003b18                USBH_SetCfg
 .text.USBH_SetFeature
                0x0000000008003b34       0x1c Middlewares/ST/STM32_USB_Host_Library/Core/Src/usbh_ctlreq.o
                0x0000000008003b34                USBH_SetFeature
 .text.USBH_ClrFeature
                0x0000000008003b50       0x1c Middlewares/ST/STM32_USB_Host_Library/Core/Src/usbh_ctlreq.o
                0x0000000008003b50                USBH_ClrFeature
 .text.USBH_CtlSendSetup
                0x0000000008003b6c       0x22 Middlewares/ST/STM32_USB_Host_Library/Core/Src/usbh_ioreq.o
                0x0000000008003b6c                USBH_CtlSendSetup
 .text.USBH_CtlSendData
                0x0000000008003b8e       0x2e Middlewares/ST/STM32_USB_Host_Library/Core/Src/usbh_ioreq.o
                0x0000000008003b8e                USBH_CtlSendData
 .text.USBH_CtlReceiveData
                0x0000000008003bbc       0x20 Middlewares/ST/STM32_USB_Host_Library/Core/Src/usbh_ioreq.o
                0x0000000008003bbc                USBH_CtlReceiveData
 .text.USBH_BulkSendData
                0x0000000008003bdc       0x2e Middlewares/ST/STM32_USB_Host_Library/Core/Src/usbh_ioreq.o
                0x0000000008003bdc                USBH_BulkSendData
 .text.USBH_BulkReceiveData
                0x0000000008003c0a       0x20 Middlewares/ST/STM32_USB_Host_Library/Core/Src/usbh_ioreq.o
                0x0000000008003c0a                USBH_BulkReceiveData
 .text.USBH_OpenPipe
                0x0000000008003c2a       0x1e Middlewares/ST/STM32_USB_Host_Library/Core/Src/usbh_pipes.o
                0x0000000008003c2a                USBH_OpenPipe
 .text.USBH_ClosePipe
                0x0000000008003c48        0xa Middlewares/ST/STM32_USB_Host_Library/Core/Src/usbh_pipes.o
                0x0000000008003c48                USBH_ClosePipe
 .text.USBH_AllocPipe
                0x0000000008003c52       0x2e Middlewares/ST/STM32_USB_Host_Library/Core/Src/usbh_pipes.o
                0x0000000008003c52                USBH_AllocPipe
 .text.USBH_FreePipe
                0x0000000008003c80       0x18 Middlewares/ST/STM32_USB_Host_Library/Core/Src/usbh_pipes.o
                0x0000000008003c80                USBH_FreePipe
 .text.USBH_UserProcess
                0x0000000008003c98       0x24 USB_HOST/App/usb_host.o
 .text.MX_USB_HOST_Init
                0x0000000008003cbc       0x40 USB_HOST/App/usb_host.o
                0x0000000008003cbc                MX_USB_HOST_Init
 .text.MX_USB_HOST_Process
                0x0000000008003cfc        0xc USB_HOST/App/usb_host.o
                0x0000000008003cfc                MX_USB_HOST_Process
 .text.HAL_HCD_MspInit
                0x0000000008003d08       0x90 USB_HOST/Target/usbh_conf.o
                0x0000000008003d08                HAL_HCD_MspInit
 .text.HAL_HCD_SOF_Callback
                0x0000000008003d98        0x8 USB_HOST/Target/usbh_conf.o
                0x0000000008003d98                HAL_HCD_SOF_Callback
 .text.HAL_HCD_Connect_Callback
                0x0000000008003da0        0x8 USB_HOST/Target/usbh_conf.o
                0x0000000008003da0                HAL_HCD_Connect_Callback
 .text.HAL_HCD_Disconnect_Callback
                0x0000000008003da8        0x8 USB_HOST/Target/usbh_conf.o
                0x0000000008003da8                HAL_HCD_Disconnect_Callback
 .text.HAL_HCD_HC_NotifyURBChange_Callback
                0x0000000008003db0        0x2 USB_HOST/Target/usbh_conf.o
                0x0000000008003db0                HAL_HCD_HC_NotifyURBChange_Callback
 .text.HAL_HCD_PortEnabled_Callback
                0x0000000008003db2        0x8 USB_HOST/Target/usbh_conf.o
                0x0000000008003db2                HAL_HCD_PortEnabled_Callback
 .text.HAL_HCD_PortDisabled_Callback
                0x0000000008003dba        0x8 USB_HOST/Target/usbh_conf.o
                0x0000000008003dba                HAL_HCD_PortDisabled_Callback
 *fill*         0x0000000008003dc2        0x2 
 .text.USBH_LL_Init
                0x0000000008003dc4       0x4c USB_HOST/Target/usbh_conf.o
                0x0000000008003dc4                USBH_LL_Init
 .text.USBH_LL_Start
                0x0000000008003e10       0x1c USB_HOST/Target/usbh_conf.o
                0x0000000008003e10                USBH_LL_Start
 .text.USBH_LL_Stop
                0x0000000008003e2c       0x1c USB_HOST/Target/usbh_conf.o
                0x0000000008003e2c                USBH_LL_Stop
 .text.USBH_LL_GetSpeed
                0x0000000008003e48       0x1c USB_HOST/Target/usbh_conf.o
                0x0000000008003e48                USBH_LL_GetSpeed
 .text.USBH_LL_ResetPort
                0x0000000008003e64       0x1c USB_HOST/Target/usbh_conf.o
                0x0000000008003e64                USBH_LL_ResetPort
 .text.USBH_LL_GetLastXferSize
                0x0000000008003e80        0x8 USB_HOST/Target/usbh_conf.o
                0x0000000008003e80                USBH_LL_GetLastXferSize
 .text.USBH_LL_OpenPipe
                0x0000000008003e88       0x30 USB_HOST/Target/usbh_conf.o
                0x0000000008003e88                USBH_LL_OpenPipe
 .text.USBH_LL_ClosePipe
                0x0000000008003eb8       0x1c USB_HOST/Target/usbh_conf.o
                0x0000000008003eb8                USBH_LL_ClosePipe
 .text.USBH_LL_SubmitURB
                0x0000000008003ed4       0x34 USB_HOST/Target/usbh_conf.o
                0x0000000008003ed4                USBH_LL_SubmitURB
 .text.USBH_LL_GetURBState
                0x0000000008003f08        0x8 USB_HOST/Target/usbh_conf.o
                0x0000000008003f08                USBH_LL_GetURBState
 .text.USBH_LL_DriverVBUS
                0x0000000008003f10       0x1a USB_HOST/Target/usbh_conf.o
                0x0000000008003f10                USBH_LL_DriverVBUS
 .text.USBH_LL_SetToggle
                0x0000000008003f2a       0x1e USB_HOST/Target/usbh_conf.o
                0x0000000008003f2a                USBH_LL_SetToggle
 .text.USBH_Delay
                0x0000000008003f48        0x4 USB_HOST/Target/usbh_conf.o
                0x0000000008003f48                USBH_Delay
 .text.MX_DriverVbusFS
                0x0000000008003f4c       0x14 USB_HOST/Target/usbh_platform.o
                0x0000000008003f4c                MX_DriverVbusFS
 .text.Reset_Handler
                0x0000000008003f60       0x50 startup/startup_stm32f407xx.o
                0x0000000008003f60                Reset_Handler
 .text.Default_Handler
                0x0000000008003fb0        0x2 startup/startup_stm32f407xx.o
                0x0000000008003fb0                RTC_Alarm_IRQHandler
                0x0000000008003fb0                HASH_RNG_IRQHandler
                0x0000000008003fb0                EXTI2_IRQHandler
                0x0000000008003fb0                TIM8_CC_IRQHandler
                0x0000000008003fb0                TIM1_CC_IRQHandler
                0x0000000008003fb0                DMA2_Stream5_IRQHandler
                0x0000000008003fb0                DMA1_Stream5_IRQHandler
                0x0000000008003fb0                PVD_IRQHandler
                0x0000000008003fb0                SDIO_IRQHandler
                0x0000000008003fb0                TAMP_STAMP_IRQHandler
                0x0000000008003fb0                CAN2_RX1_IRQHandler
                0x0000000008003fb0                EXTI3_IRQHandler
                0x0000000008003fb0                TIM8_TRG_COM_TIM14_IRQHandler
                0x0000000008003fb0                TIM1_UP_TIM10_IRQHandler
                0x0000000008003fb0                TIM8_UP_TIM13_IRQHandler
                0x0000000008003fb0                I2C3_ER_IRQHandler
                0x0000000008003fb0                EXTI0_IRQHandler
                0x0000000008003fb0                I2C2_EV_IRQHandler
                0x0000000008003fb0                DMA1_Stream2_IRQHandler
                0x0000000008003fb0                CAN1_RX0_IRQHandler
                0x0000000008003fb0                FPU_IRQHandler
                0x0000000008003fb0                OTG_HS_WKUP_IRQHandler
                0x0000000008003fb0                CAN2_SCE_IRQHandler
                0x0000000008003fb0                DMA2_Stream2_IRQHandler
                0x0000000008003fb0                SPI1_IRQHandler
                0x0000000008003fb0                TIM1_BRK_TIM9_IRQHandler
                0x0000000008003fb0                DCMI_IRQHandler
                0x0000000008003fb0                CAN2_RX0_IRQHandler
                0x0000000008003fb0                DMA2_Stream3_IRQHandler
                0x0000000008003fb0                USART6_IRQHandler
                0x0000000008003fb0                USART3_IRQHandler
                0x0000000008003fb0                CAN1_RX1_IRQHandler
                0x0000000008003fb0                UART5_IRQHandler
                0x0000000008003fb0                DMA2_Stream0_IRQHandler
                0x0000000008003fb0                TIM4_IRQHandler
                0x0000000008003fb0                I2C1_EV_IRQHandler
                0x0000000008003fb0                DMA1_Stream6_IRQHandler
                0x0000000008003fb0                DMA1_Stream1_IRQHandler
                0x0000000008003fb0                UART4_IRQHandler
                0x0000000008003fb0                TIM3_IRQHandler
                0x0000000008003fb0                RCC_IRQHandler
                0x0000000008003fb0                TIM8_BRK_TIM12_IRQHandler
                0x0000000008003fb0                Default_Handler
                0x0000000008003fb0                EXTI15_10_IRQHandler
                0x0000000008003fb0                ADC_IRQHandler
                0x0000000008003fb0                DMA1_Stream7_IRQHandler
                0x0000000008003fb0                TIM7_IRQHandler
                0x0000000008003fb0                CAN2_TX_IRQHandler
                0x0000000008003fb0                TIM5_IRQHandler
                0x0000000008003fb0                DMA2_Stream7_IRQHandler
                0x0000000008003fb0                I2C3_EV_IRQHandler
                0x0000000008003fb0                EXTI9_5_IRQHandler
                0x0000000008003fb0                RTC_WKUP_IRQHandler
                0x0000000008003fb0                ETH_WKUP_IRQHandler
                0x0000000008003fb0                SPI2_IRQHandler
                0x0000000008003fb0                OTG_HS_EP1_IN_IRQHandler
                0x0000000008003fb0                DMA1_Stream0_IRQHandler
                0x0000000008003fb0                CAN1_TX_IRQHandler
                0x0000000008003fb0                EXTI4_IRQHandler
                0x0000000008003fb0                FSMC_IRQHandler
                0x0000000008003fb0                ETH_IRQHandler
                0x0000000008003fb0                OTG_HS_EP1_OUT_IRQHandler
                0x0000000008003fb0                WWDG_IRQHandler
                0x0000000008003fb0                TIM2_IRQHandler
                0x0000000008003fb0                OTG_FS_WKUP_IRQHandler
                0x0000000008003fb0                TIM1_TRG_COM_TIM11_IRQHandler
                0x0000000008003fb0                OTG_HS_IRQHandler
                0x0000000008003fb0                EXTI1_IRQHandler
                0x0000000008003fb0                USART2_IRQHandler
                0x0000000008003fb0                I2C2_ER_IRQHandler
                0x0000000008003fb0                DMA2_Stream1_IRQHandler
                0x0000000008003fb0                CAN1_SCE_IRQHandler
                0x0000000008003fb0                FLASH_IRQHandler
                0x0000000008003fb0                DMA2_Stream4_IRQHandler
                0x0000000008003fb0                USART1_IRQHandler
                0x0000000008003fb0                SPI3_IRQHandler
                0x0000000008003fb0                DMA1_Stream4_IRQHandler
                0x0000000008003fb0                I2C1_ER_IRQHandler
                0x0000000008003fb0                DMA2_Stream6_IRQHandler
                0x0000000008003fb0                DMA1_Stream3_IRQHandler
 *fill*         0x0000000008003fb2        0x2 
 .text.__errno  0x0000000008003fb4        0xc /opt/Atollic_TrueSTUDIO_for_STM32_x86_64_9.3.0/ARMTools/bin/../lib/gcc/arm-atollic-eabi/6.3.1/../../../../arm-atollic-eabi/lib/armv7e-m/fpu/libc.a(lib_a-errno.o)
                0x0000000008003fb4                __errno
 .text.__libc_init_array
                0x0000000008003fc0       0x48 /opt/Atollic_TrueSTUDIO_for_STM32_x86_64_9.3.0/ARMTools/bin/../lib/gcc/arm-atollic-eabi/6.3.1/../../../../arm-atollic-eabi/lib/armv7e-m/fpu/libc.a(lib_a-init.o)
                0x0000000008003fc0                __libc_init_array
 .text.malloc   0x0000000008004008       0x10 /opt/Atollic_TrueSTUDIO_for_STM32_x86_64_9.3.0/ARMTools/bin/../lib/gcc/arm-atollic-eabi/6.3.1/../../../../arm-atollic-eabi/lib/armv7e-m/fpu/libc.a(lib_a-malloc.o)
                0x0000000008004008                malloc
 .text.free     0x0000000008004018       0x10 /opt/Atollic_TrueSTUDIO_for_STM32_x86_64_9.3.0/ARMTools/bin/../lib/gcc/arm-atollic-eabi/6.3.1/../../../../arm-atollic-eabi/lib/armv7e-m/fpu/libc.a(lib_a-malloc.o)
                0x0000000008004018                free
 .text._malloc_r
                0x0000000008004028      0x41c /opt/Atollic_TrueSTUDIO_for_STM32_x86_64_9.3.0/ARMTools/bin/../lib/gcc/arm-atollic-eabi/6.3.1/../../../../arm-atollic-eabi/lib/armv7e-m/fpu/libc.a(lib_a-mallocr.o)
                0x0000000008004028                _malloc_r
 .text.memset   0x0000000008004444       0x10 /opt/Atollic_TrueSTUDIO_for_STM32_x86_64_9.3.0/ARMTools/bin/../lib/gcc/arm-atollic-eabi/6.3.1/../../../../arm-atollic-eabi/lib/armv7e-m/fpu/libc.a(lib_a-memset.o)
                0x0000000008004444                memset
 .text.__malloc_lock
                0x0000000008004454        0xc /opt/Atollic_TrueSTUDIO_for_STM32_x86_64_9.3.0/ARMTools/bin/../lib/gcc/arm-atollic-eabi/6.3.1/../../../../arm-atollic-eabi/lib/armv7e-m/fpu/libc.a(lib_a-mlock.o)
                0x0000000008004454                __malloc_lock
 .text.__malloc_unlock
                0x0000000008004460        0xc /opt/Atollic_TrueSTUDIO_for_STM32_x86_64_9.3.0/ARMTools/bin/../lib/gcc/arm-atollic-eabi/6.3.1/../../../../arm-atollic-eabi/lib/armv7e-m/fpu/libc.a(lib_a-mlock.o)
                0x0000000008004460                __malloc_unlock
 .text._sbrk_r  0x000000000800446c       0x20 /opt/Atollic_TrueSTUDIO_for_STM32_x86_64_9.3.0/ARMTools/bin/../lib/gcc/arm-atollic-eabi/6.3.1/../../../../arm-atollic-eabi/lib/armv7e-m/fpu/libc.a(lib_a-sbrkr.o)
                0x000000000800446c                _sbrk_r
 .text._malloc_trim_r
                0x000000000800448c       0xac /opt/Atollic_TrueSTUDIO_for_STM32_x86_64_9.3.0/ARMTools/bin/../lib/gcc/arm-atollic-eabi/6.3.1/../../../../arm-atollic-eabi/lib/armv7e-m/fpu/libc.a(lib_a-freer.o)
                0x000000000800448c                _malloc_trim_r
 .text._free_r  0x0000000008004538      0x178 /opt/Atollic_TrueSTUDIO_for_STM32_x86_64_9.3.0/ARMTools/bin/../lib/gcc/arm-atollic-eabi/6.3.1/../../../../arm-atollic-eabi/lib/armv7e-m/fpu/libc.a(lib_a-freer.o)
                0x0000000008004538                _free_r
 .text.__retarget_lock_acquire_recursive
                0x00000000080046b0        0x2 /opt/Atollic_TrueSTUDIO_for_STM32_x86_64_9.3.0/ARMTools/bin/../lib/gcc/arm-atollic-eabi/6.3.1/../../../../arm-atollic-eabi/lib/armv7e-m/fpu/libc.a(lib_a-lock.o)
                0x00000000080046b0                __retarget_lock_acquire_recursive
 .text.__retarget_lock_release_recursive
                0x00000000080046b2        0x2 /opt/Atollic_TrueSTUDIO_for_STM32_x86_64_9.3.0/ARMTools/bin/../lib/gcc/arm-atollic-eabi/6.3.1/../../../../arm-atollic-eabi/lib/armv7e-m/fpu/libc.a(lib_a-lock.o)
                0x00000000080046b2                __retarget_lock_release_recursive
 *(.glue_7)
 .glue_7        0x00000000080046b4        0x0 linker stubs
 *(.glue_7t)
 .glue_7t       0x00000000080046b4        0x0 linker stubs
 *(.eh_frame)
 .eh_frame      0x00000000080046b4        0x0 /opt/Atollic_TrueSTUDIO_for_STM32_x86_64_9.3.0/ARMTools/bin/../lib/gcc/arm-atollic-eabi/6.3.1/armv7e-m/fpu/crtbegin.o
 *(.init)
 .init          0x00000000080046b4        0x4 /opt/Atollic_TrueSTUDIO_for_STM32_x86_64_9.3.0/ARMTools/bin/../lib/gcc/arm-atollic-eabi/6.3.1/armv7e-m/fpu/crti.o
                0x00000000080046b4                _init
 .init          0x00000000080046b8        0x8 /opt/Atollic_TrueSTUDIO_for_STM32_x86_64_9.3.0/ARMTools/bin/../lib/gcc/arm-atollic-eabi/6.3.1/armv7e-m/fpu/crtn.o
 *(.fini)
 .fini          0x00000000080046c0        0x4 /opt/Atollic_TrueSTUDIO_for_STM32_x86_64_9.3.0/ARMTools/bin/../lib/gcc/arm-atollic-eabi/6.3.1/armv7e-m/fpu/crti.o
                0x00000000080046c0                _fini
 .fini          0x00000000080046c4        0x8 /opt/Atollic_TrueSTUDIO_for_STM32_x86_64_9.3.0/ARMTools/bin/../lib/gcc/arm-atollic-eabi/6.3.1/armv7e-m/fpu/crtn.o
                0x00000000080046cc                . = ALIGN (0x4)
                0x00000000080046cc                _etext = .

.vfp11_veneer   0x00000000080046cc        0x0
 .vfp11_veneer  0x00000000080046cc        0x0 linker stubs

.v4_bx          0x00000000080046cc        0x0
 .v4_bx         0x00000000080046cc        0x0 linker stubs

.iplt           0x00000000080046cc        0x0
 .iplt          0x00000000080046cc        0x0 /opt/Atollic_TrueSTUDIO_for_STM32_x86_64_9.3.0/ARMTools/bin/../lib/gcc/arm-atollic-eabi/6.3.1/armv7e-m/fpu/crtbegin.o

.rodata         0x00000000080046cc       0x24
                0x00000000080046cc                . = ALIGN (0x4)
 *(.rodata)
 *(.rodata*)
 .rodata.AHBPrescTable
                0x00000000080046cc       0x10 Core/Src/system_stm32f4xx.o
                0x00000000080046cc                AHBPrescTable
 .rodata.APBPrescTable
                0x00000000080046dc        0x8 Core/Src/system_stm32f4xx.o
                0x00000000080046dc                APBPrescTable
 .rodata.str1.1
                0x00000000080046e4        0x4 Middlewares/ST/STM32_USB_Host_Library/Class/CDC/Src/usbh_cdc.o
 .rodata.CSWTCH.14
                0x00000000080046e8        0x3 USB_HOST/Target/usbh_conf.o
 .rodata.CSWTCH.22
                0x00000000080046eb        0x4 USB_HOST/Target/usbh_conf.o
                0x00000000080046f0                . = ALIGN (0x4)
 *fill*         0x00000000080046ef        0x1 

.ARM.extab
 *(.ARM.extab* .gnu.linkonce.armextab.*)

.ARM            0x00000000080046f0        0x8
                0x00000000080046f0                __exidx_start = .
 *(.ARM.exidx*)
 .ARM.exidx     0x00000000080046f0        0x8 /opt/Atollic_TrueSTUDIO_for_STM32_x86_64_9.3.0/ARMTools/bin/../lib/gcc/arm-atollic-eabi/6.3.1/armv7e-m/fpu/libgcc.a(_udivmoddi4.o)
                0x00000000080046f8                __exidx_end = .

.rel.dyn        0x00000000080046f8        0x0
 .rel.iplt      0x00000000080046f8        0x0 /opt/Atollic_TrueSTUDIO_for_STM32_x86_64_9.3.0/ARMTools/bin/../lib/gcc/arm-atollic-eabi/6.3.1/armv7e-m/fpu/crtbegin.o

.preinit_array  0x00000000080046f8        0x0
                0x00000000080046f8                PROVIDE (__preinit_array_start, .)
 *(.preinit_array*)
                0x00000000080046f8                PROVIDE (__preinit_array_end, .)

.init_array     0x00000000080046f8        0x4
                0x00000000080046f8                PROVIDE (__init_array_start, .)
 *(SORT(.init_array.*))
 *(.init_array*)
 .init_array    0x00000000080046f8        0x4 /opt/Atollic_TrueSTUDIO_for_STM32_x86_64_9.3.0/ARMTools/bin/../lib/gcc/arm-atollic-eabi/6.3.1/armv7e-m/fpu/crtbegin.o
                0x00000000080046fc                PROVIDE (__init_array_end, .)

.fini_array     0x00000000080046fc        0x4
                [!provide]                        PROVIDE (__fini_array_start, .)
 *(SORT(.fini_array.*))
 *(.fini_array*)
 .fini_array    0x00000000080046fc        0x4 /opt/Atollic_TrueSTUDIO_for_STM32_x86_64_9.3.0/ARMTools/bin/../lib/gcc/arm-atollic-eabi/6.3.1/armv7e-m/fpu/crtbegin.o
                [!provide]                        PROVIDE (__fini_array_end, .)
                0x0000000008004700                _sidata = LOADADDR (.data)

.data           0x0000000020000000      0x52c load address 0x0000000008004700
                0x0000000020000000                . = ALIGN (0x4)
                0x0000000020000000                _sdata = .
 *(.data)
 *(.data*)
 .data.SystemCoreClock
                0x0000000020000000        0x4 Core/Src/system_stm32f4xx.o
                0x0000000020000000                SystemCoreClock
 .data.uwTickFreq
                0x0000000020000004        0x1 Drivers/STM32F4xx_HAL_Driver/Src/stm32f4xx_hal.o
                0x0000000020000004                uwTickFreq
 *fill*         0x0000000020000005        0x3 
 .data.CDC_Class
                0x0000000020000008       0x20 Middlewares/ST/STM32_USB_Host_Library/Class/CDC/Src/usbh_cdc.o
                0x0000000020000008                CDC_Class
 .data._impure_ptr
                0x0000000020000028        0x4 /opt/Atollic_TrueSTUDIO_for_STM32_x86_64_9.3.0/ARMTools/bin/../lib/gcc/arm-atollic-eabi/6.3.1/../../../../arm-atollic-eabi/lib/armv7e-m/fpu/libc.a(lib_a-impure.o)
                0x0000000020000028                _impure_ptr
 .data.impure_data
                0x000000002000002c       0xf0 /opt/Atollic_TrueSTUDIO_for_STM32_x86_64_9.3.0/ARMTools/bin/../lib/gcc/arm-atollic-eabi/6.3.1/../../../../arm-atollic-eabi/lib/armv7e-m/fpu/libc.a(lib_a-impure.o)
 .data.__malloc_av_
                0x000000002000011c      0x408 /opt/Atollic_TrueSTUDIO_for_STM32_x86_64_9.3.0/ARMTools/bin/../lib/gcc/arm-atollic-eabi/6.3.1/../../../../arm-atollic-eabi/lib/armv7e-m/fpu/libc.a(lib_a-mallocr.o)
                0x000000002000011c                __malloc_av_
 .data.__malloc_sbrk_base
                0x0000000020000524        0x4 /opt/Atollic_TrueSTUDIO_for_STM32_x86_64_9.3.0/ARMTools/bin/../lib/gcc/arm-atollic-eabi/6.3.1/../../../../arm-atollic-eabi/lib/armv7e-m/fpu/libc.a(lib_a-mallocr.o)
                0x0000000020000524                __malloc_sbrk_base
 .data.__malloc_trim_threshold
                0x0000000020000528        0x4 /opt/Atollic_TrueSTUDIO_for_STM32_x86_64_9.3.0/ARMTools/bin/../lib/gcc/arm-atollic-eabi/6.3.1/../../../../arm-atollic-eabi/lib/armv7e-m/fpu/libc.a(lib_a-mallocr.o)
                0x0000000020000528                __malloc_trim_threshold
                0x000000002000052c                . = ALIGN (0x4)
                0x000000002000052c                _edata = .
                0x0000000008004c2c                _siccmram = LOADADDR (.ccmram)

.igot.plt       0x000000002000052c        0x0 load address 0x0000000008004c2c
 .igot.plt      0x000000002000052c        0x0 /opt/Atollic_TrueSTUDIO_for_STM32_x86_64_9.3.0/ARMTools/bin/../lib/gcc/arm-atollic-eabi/6.3.1/armv7e-m/fpu/crtbegin.o

.ccmram         0x0000000010000000        0x0 load address 0x0000000008004c2c
                0x0000000010000000                . = ALIGN (0x4)
                0x0000000010000000                _sccmram = .
 *(.ccmram)
 *(.ccmram*)
                0x0000000010000000                . = ALIGN (0x4)
                0x0000000010000000                _eccmram = .
                0x0000000010000000                . = ALIGN (0x4)

.bss            0x000000002000052c      0x8b4
                0x000000002000052c                _sbss = .
                0x000000002000052c                __bss_start__ = _sbss
 *(.bss)
 .bss           0x000000002000052c       0x1c /opt/Atollic_TrueSTUDIO_for_STM32_x86_64_9.3.0/ARMTools/bin/../lib/gcc/arm-atollic-eabi/6.3.1/armv7e-m/fpu/crtbegin.o
 *(.bss*)
 .bss.heap_end.7031
                0x0000000020000548        0x4 Core/Src/syscalls.o
 .bss.tmpreg.8918
                0x000000002000054c        0x4 Drivers/STM32F4xx_HAL_Driver/Src/stm32f4xx_ll_usb.o
 .bss.Appli_state
                0x0000000020000550        0x1 USB_HOST/App/usb_host.o
                0x0000000020000550                Appli_state
 *fill*         0x0000000020000551        0x3 
 .bss.__malloc_current_mallinfo
                0x0000000020000554       0x28 /opt/Atollic_TrueSTUDIO_for_STM32_x86_64_9.3.0/ARMTools/bin/../lib/gcc/arm-atollic-eabi/6.3.1/../../../../arm-atollic-eabi/lib/armv7e-m/fpu/libc.a(lib_a-mallocr.o)
                0x0000000020000554                __malloc_current_mallinfo
 .bss.__malloc_max_sbrked_mem
                0x000000002000057c        0x4 /opt/Atollic_TrueSTUDIO_for_STM32_x86_64_9.3.0/ARMTools/bin/../lib/gcc/arm-atollic-eabi/6.3.1/../../../../arm-atollic-eabi/lib/armv7e-m/fpu/libc.a(lib_a-mallocr.o)
                0x000000002000057c                __malloc_max_sbrked_mem
 .bss.__malloc_max_total_mem
                0x0000000020000580        0x4 /opt/Atollic_TrueSTUDIO_for_STM32_x86_64_9.3.0/ARMTools/bin/../lib/gcc/arm-atollic-eabi/6.3.1/../../../../arm-atollic-eabi/lib/armv7e-m/fpu/libc.a(lib_a-mallocr.o)
                0x0000000020000580                __malloc_max_total_mem
 .bss.__malloc_top_pad
                0x0000000020000584        0x4 /opt/Atollic_TrueSTUDIO_for_STM32_x86_64_9.3.0/ARMTools/bin/../lib/gcc/arm-atollic-eabi/6.3.1/../../../../arm-atollic-eabi/lib/armv7e-m/fpu/libc.a(lib_a-mallocr.o)
                0x0000000020000584                __malloc_top_pad
 *(COMMON)
 COMMON         0x0000000020000588      0x174 Core/Src/main.o
                0x0000000020000588                huart3
                0x00000000200005c8                hi2c1
                0x000000002000061c                hspi1
                0x0000000020000674                huart2
                0x00000000200006b4                hi2s3
 COMMON         0x00000000200006fc       0x40 Core/Src/stm32f4xx_hal_timebase_tim.o
                0x00000000200006fc                htim6
 COMMON         0x000000002000073c        0x4 Drivers/STM32F4xx_HAL_Driver/Src/stm32f4xx_hal.o
                0x000000002000073c                uwTick
 COMMON         0x0000000020000740      0x3cc USB_HOST/App/usb_host.o
                0x0000000020000740                hUsbHostFS
 COMMON         0x0000000020000b0c      0x2c4 USB_HOST/Target/usbh_conf.o
                0x0000000020000b0c                hhcd_USB_OTG_FS
 COMMON         0x0000000020000dd0        0x9 /opt/Atollic_TrueSTUDIO_for_STM32_x86_64_9.3.0/ARMTools/bin/../lib/gcc/arm-atollic-eabi/6.3.1/../../../../arm-atollic-eabi/lib/armv7e-m/fpu/libc.a(lib_a-lock.o)
                0x0000000020000dd0                __lock___atexit_recursive_mutex
                0x0000000020000dd1                __lock___arc4random_mutex
                0x0000000020000dd2                __lock___env_recursive_mutex
                0x0000000020000dd3                __lock___sinit_recursive_mutex
                0x0000000020000dd4                __lock___malloc_recursive_mutex
                0x0000000020000dd5                __lock___at_quick_exit_mutex
                0x0000000020000dd6                __lock___dd_hash_mutex
                0x0000000020000dd7                __lock___tz_mutex
                0x0000000020000dd8                __lock___sfp_recursive_mutex
 *fill*         0x0000000020000dd9        0x3 
 COMMON         0x0000000020000ddc        0x4 /opt/Atollic_TrueSTUDIO_for_STM32_x86_64_9.3.0/ARMTools/bin/../lib/gcc/arm-atollic-eabi/6.3.1/../../../../arm-atollic-eabi/lib/armv7e-m/fpu/libc.a(lib_a-reent.o)
                0x0000000020000ddc                errno
                0x0000000020000de0                . = ALIGN (0x4)
                0x0000000020000de0                _ebss = .
                0x0000000020000de0                __bss_end__ = _ebss

._user_heap_stack
                0x0000000020000de0      0x600
                0x0000000020000de0                . = ALIGN (0x4)
                0x0000000020000de0                PROVIDE (end, .)
                [!provide]                        PROVIDE (_end, .)
                0x0000000020000fe0                . = (. + _Min_Heap_Size)
 *fill*         0x0000000020000de0      0x200 
                0x00000000200013e0                . = (. + _Min_Stack_Size)
 *fill*         0x0000000020000fe0      0x400 
                0x00000000200013e0                . = ALIGN (0x4)

/DISCARD/
 libc.a(*)
 libm.a(*)
 libgcc.a(*)

.ARM.attributes
                0x0000000000000000       0x30
 *(.ARM.attributes)
 .ARM.attributes
                0x0000000000000000       0x22 /opt/Atollic_TrueSTUDIO_for_STM32_x86_64_9.3.0/ARMTools/bin/../lib/gcc/arm-atollic-eabi/6.3.1/armv7e-m/fpu/crti.o
 .ARM.attributes
                0x0000000000000022       0x34 /opt/Atollic_TrueSTUDIO_for_STM32_x86_64_9.3.0/ARMTools/bin/../lib/gcc/arm-atollic-eabi/6.3.1/armv7e-m/fpu/crtbegin.o
 .ARM.attributes
                0x0000000000000056       0x39 Core/Src/main.o
 .ARM.attributes
                0x000000000000008f       0x39 Core/Src/stm32f4xx_hal_msp.o
 .ARM.attributes
                0x00000000000000c8       0x39 Core/Src/stm32f4xx_hal_timebase_tim.o
 .ARM.attributes
                0x0000000000000101       0x39 Core/Src/stm32f4xx_it.o
 .ARM.attributes
                0x000000000000013a       0x39 Core/Src/syscalls.o
 .ARM.attributes
                0x0000000000000173       0x39 Core/Src/system_stm32f4xx.o
 .ARM.attributes
                0x00000000000001ac       0x39 Drivers/STM32F4xx_HAL_Driver/Src/stm32f4xx_hal.o
 .ARM.attributes
                0x00000000000001e5       0x39 Drivers/STM32F4xx_HAL_Driver/Src/stm32f4xx_hal_cortex.o
 .ARM.attributes
                0x000000000000021e       0x39 Drivers/STM32F4xx_HAL_Driver/Src/stm32f4xx_hal_gpio.o
 .ARM.attributes
                0x0000000000000257       0x39 Drivers/STM32F4xx_HAL_Driver/Src/stm32f4xx_hal_hcd.o
 .ARM.attributes
                0x0000000000000290       0x39 Drivers/STM32F4xx_HAL_Driver/Src/stm32f4xx_hal_i2c.o
 .ARM.attributes
                0x00000000000002c9       0x39 Drivers/STM32F4xx_HAL_Driver/Src/stm32f4xx_hal_i2s.o
 .ARM.attributes
                0x0000000000000302       0x39 Drivers/STM32F4xx_HAL_Driver/Src/stm32f4xx_hal_i2s_ex.o
 .ARM.attributes
                0x000000000000033b       0x39 Drivers/STM32F4xx_HAL_Driver/Src/stm32f4xx_hal_rcc.o
 .ARM.attributes
                0x0000000000000374       0x39 Drivers/STM32F4xx_HAL_Driver/Src/stm32f4xx_hal_rcc_ex.o
 .ARM.attributes
                0x00000000000003ad       0x39 Drivers/STM32F4xx_HAL_Driver/Src/stm32f4xx_hal_spi.o
 .ARM.attributes
                0x00000000000003e6       0x39 Drivers/STM32F4xx_HAL_Driver/Src/stm32f4xx_hal_tim.o
 .ARM.attributes
                0x000000000000041f       0x39 Drivers/STM32F4xx_HAL_Driver/Src/stm32f4xx_hal_tim_ex.o
 .ARM.attributes
                0x0000000000000458       0x39 Drivers/STM32F4xx_HAL_Driver/Src/stm32f4xx_hal_uart.o
 .ARM.attributes
                0x0000000000000491       0x39 Drivers/STM32F4xx_HAL_Driver/Src/stm32f4xx_ll_usb.o
 .ARM.attributes
                0x00000000000004ca       0x39 Middlewares/ST/STM32_USB_Host_Library/Class/CDC/Src/usbh_cdc.o
 .ARM.attributes
                0x0000000000000503       0x39 Middlewares/ST/STM32_USB_Host_Library/Core/Src/usbh_core.o
 .ARM.attributes
                0x000000000000053c       0x39 Middlewares/ST/STM32_USB_Host_Library/Core/Src/usbh_ctlreq.o
 .ARM.attributes
                0x0000000000000575       0x39 Middlewares/ST/STM32_USB_Host_Library/Core/Src/usbh_ioreq.o
 .ARM.attributes
                0x00000000000005ae       0x39 Middlewares/ST/STM32_USB_Host_Library/Core/Src/usbh_pipes.o
 .ARM.attributes
                0x00000000000005e7       0x39 USB_HOST/App/usb_host.o
 .ARM.attributes
                0x0000000000000620       0x39 USB_HOST/Target/usbh_conf.o
 .ARM.attributes
                0x0000000000000659       0x39 USB_HOST/Target/usbh_platform.o
 .ARM.attributes
                0x0000000000000692       0x21 startup/startup_stm32f407xx.o
 .ARM.attributes
                0x00000000000006b3       0x34 /opt/Atollic_TrueSTUDIO_for_STM32_x86_64_9.3.0/ARMTools/bin/../lib/gcc/arm-atollic-eabi/6.3.1/../../../../arm-atollic-eabi/lib/armv7e-m/fpu/libc.a(lib_a-errno.o)
 .ARM.attributes
                0x00000000000006e7       0x34 /opt/Atollic_TrueSTUDIO_for_STM32_x86_64_9.3.0/ARMTools/bin/../lib/gcc/arm-atollic-eabi/6.3.1/../../../../arm-atollic-eabi/lib/armv7e-m/fpu/libc.a(lib_a-impure.o)
 .ARM.attributes
                0x000000000000071b       0x34 /opt/Atollic_TrueSTUDIO_for_STM32_x86_64_9.3.0/ARMTools/bin/../lib/gcc/arm-atollic-eabi/6.3.1/../../../../arm-atollic-eabi/lib/armv7e-m/fpu/libc.a(lib_a-init.o)
 .ARM.attributes
                0x000000000000074f       0x34 /opt/Atollic_TrueSTUDIO_for_STM32_x86_64_9.3.0/ARMTools/bin/../lib/gcc/arm-atollic-eabi/6.3.1/../../../../arm-atollic-eabi/lib/armv7e-m/fpu/libc.a(lib_a-malloc.o)
 .ARM.attributes
                0x0000000000000783       0x34 /opt/Atollic_TrueSTUDIO_for_STM32_x86_64_9.3.0/ARMTools/bin/../lib/gcc/arm-atollic-eabi/6.3.1/../../../../arm-atollic-eabi/lib/armv7e-m/fpu/libc.a(lib_a-mallocr.o)
 .ARM.attributes
                0x00000000000007b7       0x34 /opt/Atollic_TrueSTUDIO_for_STM32_x86_64_9.3.0/ARMTools/bin/../lib/gcc/arm-atollic-eabi/6.3.1/../../../../arm-atollic-eabi/lib/armv7e-m/fpu/libc.a(lib_a-memset.o)
 .ARM.attributes
                0x00000000000007eb       0x34 /opt/Atollic_TrueSTUDIO_for_STM32_x86_64_9.3.0/ARMTools/bin/../lib/gcc/arm-atollic-eabi/6.3.1/../../../../arm-atollic-eabi/lib/armv7e-m/fpu/libc.a(lib_a-mlock.o)
 .ARM.attributes
                0x000000000000081f       0x34 /opt/Atollic_TrueSTUDIO_for_STM32_x86_64_9.3.0/ARMTools/bin/../lib/gcc/arm-atollic-eabi/6.3.1/../../../../arm-atollic-eabi/lib/armv7e-m/fpu/libc.a(lib_a-sbrkr.o)
 .ARM.attributes
                0x0000000000000853       0x34 /opt/Atollic_TrueSTUDIO_for_STM32_x86_64_9.3.0/ARMTools/bin/../lib/gcc/arm-atollic-eabi/6.3.1/../../../../arm-atollic-eabi/lib/armv7e-m/fpu/libc.a(lib_a-freer.o)
 .ARM.attributes
                0x0000000000000887       0x34 /opt/Atollic_TrueSTUDIO_for_STM32_x86_64_9.3.0/ARMTools/bin/../lib/gcc/arm-atollic-eabi/6.3.1/../../../../arm-atollic-eabi/lib/armv7e-m/fpu/libc.a(lib_a-lock.o)
 .ARM.attributes
                0x00000000000008bb       0x34 /opt/Atollic_TrueSTUDIO_for_STM32_x86_64_9.3.0/ARMTools/bin/../lib/gcc/arm-atollic-eabi/6.3.1/../../../../arm-atollic-eabi/lib/armv7e-m/fpu/libc.a(lib_a-reent.o)
 .ARM.attributes
                0x00000000000008ef       0x22 /opt/Atollic_TrueSTUDIO_for_STM32_x86_64_9.3.0/ARMTools/bin/../lib/gcc/arm-atollic-eabi/6.3.1/armv7e-m/fpu/libgcc.a(_aeabi_uldivmod.o)
 .ARM.attributes
                0x0000000000000911       0x34 /opt/Atollic_TrueSTUDIO_for_STM32_x86_64_9.3.0/ARMTools/bin/../lib/gcc/arm-atollic-eabi/6.3.1/armv7e-m/fpu/libgcc.a(_udivmoddi4.o)
 .ARM.attributes
                0x0000000000000945       0x22 /opt/Atollic_TrueSTUDIO_for_STM32_x86_64_9.3.0/ARMTools/bin/../lib/gcc/arm-atollic-eabi/6.3.1/armv7e-m/fpu/libgcc.a(_dvmd_tls.o)
 .ARM.attributes
                0x0000000000000967       0x22 /opt/Atollic_TrueSTUDIO_for_STM32_x86_64_9.3.0/ARMTools/bin/../lib/gcc/arm-atollic-eabi/6.3.1/armv7e-m/fpu/crtn.o
OUTPUT(F407_SSD1963.elf elf32-littlearm)

.debug_info     0x0000000000000000    0x24a8d
 .debug_info    0x0000000000000000     0x2720 Core/Src/main.o
 .debug_info    0x0000000000002720     0x1311 Core/Src/stm32f4xx_hal_msp.o
 .debug_info    0x0000000000003a31      0xba2 Core/Src/stm32f4xx_hal_timebase_tim.o
 .debug_info    0x00000000000045d3      0xb29 Core/Src/stm32f4xx_it.o
 .debug_info    0x00000000000050fc      0xffa Core/Src/syscalls.o
 .debug_info    0x00000000000060f6      0x50a Core/Src/system_stm32f4xx.o
 .debug_info    0x0000000000006600      0x9ef Drivers/STM32F4xx_HAL_Driver/Src/stm32f4xx_hal.o
 .debug_info    0x0000000000006fef      0xf39 Drivers/STM32F4xx_HAL_Driver/Src/stm32f4xx_hal_cortex.o
 .debug_info    0x0000000000007f28      0x775 Drivers/STM32F4xx_HAL_Driver/Src/stm32f4xx_hal_gpio.o
 .debug_info    0x000000000000869d     0x1273 Drivers/STM32F4xx_HAL_Driver/Src/stm32f4xx_hal_hcd.o
 .debug_info    0x0000000000009910     0x334f Drivers/STM32F4xx_HAL_Driver/Src/stm32f4xx_hal_i2c.o
 .debug_info    0x000000000000cc5f      0xf62 Drivers/STM32F4xx_HAL_Driver/Src/stm32f4xx_hal_i2s.o
 .debug_info    0x000000000000dbc1      0xd8b Drivers/STM32F4xx_HAL_Driver/Src/stm32f4xx_hal_i2s_ex.o
 .debug_info    0x000000000000e94c      0xa57 Drivers/STM32F4xx_HAL_Driver/Src/stm32f4xx_hal_rcc.o
 .debug_info    0x000000000000f3a3      0x663 Drivers/STM32F4xx_HAL_Driver/Src/stm32f4xx_hal_rcc_ex.o
 .debug_info    0x000000000000fa06     0x1d9a Drivers/STM32F4xx_HAL_Driver/Src/stm32f4xx_hal_spi.o
 .debug_info    0x00000000000117a0     0x34cf Drivers/STM32F4xx_HAL_Driver/Src/stm32f4xx_hal_tim.o
 .debug_info    0x0000000000014c6f     0x12fe Drivers/STM32F4xx_HAL_Driver/Src/stm32f4xx_hal_tim_ex.o
 .debug_info    0x0000000000015f6d     0x16c9 Drivers/STM32F4xx_HAL_Driver/Src/stm32f4xx_hal_uart.o
 .debug_info    0x0000000000017636     0x1b55 Drivers/STM32F4xx_HAL_Driver/Src/stm32f4xx_ll_usb.o
 .debug_info    0x000000000001918b     0x1eeb Middlewares/ST/STM32_USB_Host_Library/Class/CDC/Src/usbh_cdc.o
 .debug_info    0x000000000001b076     0x1b22 Middlewares/ST/STM32_USB_Host_Library/Core/Src/usbh_core.o
 .debug_info    0x000000000001cb98     0x1ae6 Middlewares/ST/STM32_USB_Host_Library/Core/Src/usbh_ctlreq.o
 .debug_info    0x000000000001e67e     0x16af Middlewares/ST/STM32_USB_Host_Library/Core/Src/usbh_ioreq.o
 .debug_info    0x000000000001fd2d     0x1311 Middlewares/ST/STM32_USB_Host_Library/Core/Src/usbh_pipes.o
 .debug_info    0x000000000002103e     0x12b1 USB_HOST/App/usb_host.o
 .debug_info    0x00000000000222ef     0x24db USB_HOST/Target/usbh_conf.o
 .debug_info    0x00000000000247ca      0x253 USB_HOST/Target/usbh_platform.o
 .debug_info    0x0000000000024a1d       0x70 startup/startup_stm32f407xx.o

.debug_abbrev   0x0000000000000000     0x4cb4
 .debug_abbrev  0x0000000000000000      0x341 Core/Src/main.o
 .debug_abbrev  0x0000000000000341      0x221 Core/Src/stm32f4xx_hal_msp.o
 .debug_abbrev  0x0000000000000562      0x1e7 Core/Src/stm32f4xx_hal_timebase_tim.o
 .debug_abbrev  0x0000000000000749      0x1fc Core/Src/stm32f4xx_it.o
 .debug_abbrev  0x0000000000000945      0x2d9 Core/Src/syscalls.o
 .debug_abbrev  0x0000000000000c1e      0x10e Core/Src/system_stm32f4xx.o
 .debug_abbrev  0x0000000000000d2c      0x23d Drivers/STM32F4xx_HAL_Driver/Src/stm32f4xx_hal.o
 .debug_abbrev  0x0000000000000f69      0x314 Drivers/STM32F4xx_HAL_Driver/Src/stm32f4xx_hal_cortex.o
 .debug_abbrev  0x000000000000127d      0x1ef Drivers/STM32F4xx_HAL_Driver/Src/stm32f4xx_hal_gpio.o
 .debug_abbrev  0x000000000000146c      0x319 Drivers/STM32F4xx_HAL_Driver/Src/stm32f4xx_hal_hcd.o
 .debug_abbrev  0x0000000000001785      0x399 Drivers/STM32F4xx_HAL_Driver/Src/stm32f4xx_hal_i2c.o
 .debug_abbrev  0x0000000000001b1e      0x2a0 Drivers/STM32F4xx_HAL_Driver/Src/stm32f4xx_hal_i2s.o
 .debug_abbrev  0x0000000000001dbe      0x301 Drivers/STM32F4xx_HAL_Driver/Src/stm32f4xx_hal_i2s_ex.o
 .debug_abbrev  0x00000000000020bf      0x2cb Drivers/STM32F4xx_HAL_Driver/Src/stm32f4xx_hal_rcc.o
 .debug_abbrev  0x000000000000238a      0x172 Drivers/STM32F4xx_HAL_Driver/Src/stm32f4xx_hal_rcc_ex.o
 .debug_abbrev  0x00000000000024fc      0x335 Drivers/STM32F4xx_HAL_Driver/Src/stm32f4xx_hal_spi.o
 .debug_abbrev  0x0000000000002831      0x324 Drivers/STM32F4xx_HAL_Driver/Src/stm32f4xx_hal_tim.o
 .debug_abbrev  0x0000000000002b55      0x29c Drivers/STM32F4xx_HAL_Driver/Src/stm32f4xx_hal_tim_ex.o
 .debug_abbrev  0x0000000000002df1      0x2fb Drivers/STM32F4xx_HAL_Driver/Src/stm32f4xx_hal_uart.o
 .debug_abbrev  0x00000000000030ec      0x33b Drivers/STM32F4xx_HAL_Driver/Src/stm32f4xx_ll_usb.o
 .debug_abbrev  0x0000000000003427      0x3ca Middlewares/ST/STM32_USB_Host_Library/Class/CDC/Src/usbh_cdc.o
 .debug_abbrev  0x00000000000037f1      0x3ea Middlewares/ST/STM32_USB_Host_Library/Core/Src/usbh_core.o
 .debug_abbrev  0x0000000000003bdb      0x3be Middlewares/ST/STM32_USB_Host_Library/Core/Src/usbh_ctlreq.o
 .debug_abbrev  0x0000000000003f99      0x271 Middlewares/ST/STM32_USB_Host_Library/Core/Src/usbh_ioreq.o
 .debug_abbrev  0x000000000000420a      0x2c6 Middlewares/ST/STM32_USB_Host_Library/Core/Src/usbh_pipes.o
 .debug_abbrev  0x00000000000044d0      0x2b4 USB_HOST/App/usb_host.o
 .debug_abbrev  0x0000000000004784      0x3f2 USB_HOST/Target/usbh_conf.o
 .debug_abbrev  0x0000000000004b76      0x12c USB_HOST/Target/usbh_platform.o
 .debug_abbrev  0x0000000000004ca2       0x12 startup/startup_stm32f407xx.o

.debug_loc      0x0000000000000000    0x107f5
 .debug_loc     0x0000000000000000       0x2c Core/Src/main.o
 .debug_loc     0x000000000000002c      0x16b Core/Src/stm32f4xx_hal_msp.o
 .debug_loc     0x0000000000000197       0xa5 Core/Src/stm32f4xx_hal_timebase_tim.o
 .debug_loc     0x000000000000023c      0x3ef Core/Src/syscalls.o
 .debug_loc     0x000000000000062b      0x11c Core/Src/system_stm32f4xx.o
 .debug_loc     0x0000000000000747      0x11b Drivers/STM32F4xx_HAL_Driver/Src/stm32f4xx_hal.o
 .debug_loc     0x0000000000000862      0x4fb Drivers/STM32F4xx_HAL_Driver/Src/stm32f4xx_hal_cortex.o
 .debug_loc     0x0000000000000d5d      0x36d Drivers/STM32F4xx_HAL_Driver/Src/stm32f4xx_hal_gpio.o
 .debug_loc     0x00000000000010ca      0x9c1 Drivers/STM32F4xx_HAL_Driver/Src/stm32f4xx_hal_hcd.o
 .debug_loc     0x0000000000001a8b     0x2f30 Drivers/STM32F4xx_HAL_Driver/Src/stm32f4xx_hal_i2c.o
 .debug_loc     0x00000000000049bb      0x9bf Drivers/STM32F4xx_HAL_Driver/Src/stm32f4xx_hal_i2s.o
 .debug_loc     0x000000000000537a      0x745 Drivers/STM32F4xx_HAL_Driver/Src/stm32f4xx_hal_i2s_ex.o
 .debug_loc     0x0000000000005abf      0x336 Drivers/STM32F4xx_HAL_Driver/Src/stm32f4xx_hal_rcc.o
 .debug_loc     0x0000000000005df5      0x2cf Drivers/STM32F4xx_HAL_Driver/Src/stm32f4xx_hal_rcc_ex.o
 .debug_loc     0x00000000000060c4     0x1830 Drivers/STM32F4xx_HAL_Driver/Src/stm32f4xx_hal_spi.o
 .debug_loc     0x00000000000078f4     0x3009 Drivers/STM32F4xx_HAL_Driver/Src/stm32f4xx_hal_tim.o
 .debug_loc     0x000000000000a8fd      0xa7c Drivers/STM32F4xx_HAL_Driver/Src/stm32f4xx_hal_tim_ex.o
 .debug_loc     0x000000000000b379     0x1335 Drivers/STM32F4xx_HAL_Driver/Src/stm32f4xx_hal_uart.o
 .debug_loc     0x000000000000c6ae     0x1b55 Drivers/STM32F4xx_HAL_Driver/Src/stm32f4xx_ll_usb.o
 .debug_loc     0x000000000000e203      0x6dd Middlewares/ST/STM32_USB_Host_Library/Class/CDC/Src/usbh_cdc.o
 .debug_loc     0x000000000000e8e0      0x79a Middlewares/ST/STM32_USB_Host_Library/Core/Src/usbh_core.o
 .debug_loc     0x000000000000f07a      0x888 Middlewares/ST/STM32_USB_Host_Library/Core/Src/usbh_ctlreq.o
 .debug_loc     0x000000000000f902      0x57d Middlewares/ST/STM32_USB_Host_Library/Core/Src/usbh_ioreq.o
 .debug_loc     0x000000000000fe7f      0x196 Middlewares/ST/STM32_USB_Host_Library/Core/Src/usbh_pipes.o
 .debug_loc     0x0000000000010015      0x794 USB_HOST/Target/usbh_conf.o
 .debug_loc     0x00000000000107a9       0x4c USB_HOST/Target/usbh_platform.o

.debug_aranges  0x0000000000000000     0x13a0
 .debug_aranges
                0x0000000000000000       0x38 Core/Src/main.o
 .debug_aranges
                0x0000000000000038       0x60 Core/Src/stm32f4xx_hal_msp.o
 .debug_aranges
                0x0000000000000098       0x30 Core/Src/stm32f4xx_hal_timebase_tim.o
 .debug_aranges
                0x00000000000000c8       0x50 Core/Src/stm32f4xx_it.o
 .debug_aranges
                0x0000000000000118       0xb0 Core/Src/syscalls.o
 .debug_aranges
                0x00000000000001c8       0x28 Core/Src/system_stm32f4xx.o
 .debug_aranges
                0x00000000000001f0       0xe8 Drivers/STM32F4xx_HAL_Driver/Src/stm32f4xx_hal.o
 .debug_aranges
                0x00000000000002d8       0xa8 Drivers/STM32F4xx_HAL_Driver/Src/stm32f4xx_hal_cortex.o
 .debug_aranges
                0x0000000000000380       0x58 Drivers/STM32F4xx_HAL_Driver/Src/stm32f4xx_hal_gpio.o
 .debug_aranges
                0x00000000000003d8       0xa0 Drivers/STM32F4xx_HAL_Driver/Src/stm32f4xx_hal_hcd.o
 .debug_aranges
                0x0000000000000478      0x1b0 Drivers/STM32F4xx_HAL_Driver/Src/stm32f4xx_hal_i2c.o
 .debug_aranges
                0x0000000000000628       0xc8 Drivers/STM32F4xx_HAL_Driver/Src/stm32f4xx_hal_i2s.o
 .debug_aranges
                0x00000000000006f0       0x60 Drivers/STM32F4xx_HAL_Driver/Src/stm32f4xx_hal_i2s_ex.o
 .debug_aranges
                0x0000000000000750       0x88 Drivers/STM32F4xx_HAL_Driver/Src/stm32f4xx_hal_rcc.o
 .debug_aranges
                0x00000000000007d8       0x48 Drivers/STM32F4xx_HAL_Driver/Src/stm32f4xx_hal_rcc_ex.o
 .debug_aranges
                0x0000000000000820      0x188 Drivers/STM32F4xx_HAL_Driver/Src/stm32f4xx_hal_spi.o
 .debug_aranges
                0x00000000000009a8      0x278 Drivers/STM32F4xx_HAL_Driver/Src/stm32f4xx_hal_tim.o
 .debug_aranges
                0x0000000000000c20       0xf8 Drivers/STM32F4xx_HAL_Driver/Src/stm32f4xx_hal_tim_ex.o
 .debug_aranges
                0x0000000000000d18      0x170 Drivers/STM32F4xx_HAL_Driver/Src/stm32f4xx_hal_uart.o
 .debug_aranges
                0x0000000000000e88      0x198 Drivers/STM32F4xx_HAL_Driver/Src/stm32f4xx_ll_usb.o
 .debug_aranges
                0x0000000000001020       0x78 Middlewares/ST/STM32_USB_Host_Library/Class/CDC/Src/usbh_cdc.o
 .debug_aranges
                0x0000000000001098       0xb0 Middlewares/ST/STM32_USB_Host_Library/Core/Src/usbh_core.o
 .debug_aranges
                0x0000000000001148       0x70 Middlewares/ST/STM32_USB_Host_Library/Core/Src/usbh_ctlreq.o
 .debug_aranges
                0x00000000000011b8       0x60 Middlewares/ST/STM32_USB_Host_Library/Core/Src/usbh_ioreq.o
 .debug_aranges
                0x0000000000001218       0x38 Middlewares/ST/STM32_USB_Host_Library/Core/Src/usbh_pipes.o
 .debug_aranges
                0x0000000000001250       0x30 USB_HOST/App/usb_host.o
 .debug_aranges
                0x0000000000001280       0xd8 USB_HOST/Target/usbh_conf.o
 .debug_aranges
                0x0000000000001358       0x20 USB_HOST/Target/usbh_platform.o
 .debug_aranges
                0x0000000000001378       0x28 startup/startup_stm32f407xx.o

.debug_ranges   0x0000000000000000     0x1990
 .debug_ranges  0x0000000000000000       0x60 Core/Src/main.o
 .debug_ranges  0x0000000000000060       0xe0 Core/Src/stm32f4xx_hal_msp.o
 .debug_ranges  0x0000000000000140       0x40 Core/Src/stm32f4xx_hal_timebase_tim.o
 .debug_ranges  0x0000000000000180       0x40 Core/Src/stm32f4xx_it.o
 .debug_ranges  0x00000000000001c0       0xa0 Core/Src/syscalls.o
 .debug_ranges  0x0000000000000260       0x18 Core/Src/system_stm32f4xx.o
 .debug_ranges  0x0000000000000278       0xd8 Drivers/STM32F4xx_HAL_Driver/Src/stm32f4xx_hal.o
 .debug_ranges  0x0000000000000350      0x128 Drivers/STM32F4xx_HAL_Driver/Src/stm32f4xx_hal_cortex.o
 .debug_ranges  0x0000000000000478       0x68 Drivers/STM32F4xx_HAL_Driver/Src/stm32f4xx_hal_gpio.o
 .debug_ranges  0x00000000000004e0       0xf8 Drivers/STM32F4xx_HAL_Driver/Src/stm32f4xx_hal_hcd.o
 .debug_ranges  0x00000000000005d8      0x3d0 Drivers/STM32F4xx_HAL_Driver/Src/stm32f4xx_hal_i2c.o
 .debug_ranges  0x00000000000009a8       0xb8 Drivers/STM32F4xx_HAL_Driver/Src/stm32f4xx_hal_i2s.o
 .debug_ranges  0x0000000000000a60       0x50 Drivers/STM32F4xx_HAL_Driver/Src/stm32f4xx_hal_i2s_ex.o
 .debug_ranges  0x0000000000000ab0       0xb0 Drivers/STM32F4xx_HAL_Driver/Src/stm32f4xx_hal_rcc.o
 .debug_ranges  0x0000000000000b60       0x50 Drivers/STM32F4xx_HAL_Driver/Src/stm32f4xx_hal_rcc_ex.o
 .debug_ranges  0x0000000000000bb0      0x238 Drivers/STM32F4xx_HAL_Driver/Src/stm32f4xx_hal_spi.o
 .debug_ranges  0x0000000000000de8      0x340 Drivers/STM32F4xx_HAL_Driver/Src/stm32f4xx_hal_tim.o
 .debug_ranges  0x0000000000001128       0xe8 Drivers/STM32F4xx_HAL_Driver/Src/stm32f4xx_hal_tim_ex.o
 .debug_ranges  0x0000000000001210      0x178 Drivers/STM32F4xx_HAL_Driver/Src/stm32f4xx_hal_uart.o
 .debug_ranges  0x0000000000001388      0x1a0 Drivers/STM32F4xx_HAL_Driver/Src/stm32f4xx_ll_usb.o
 .debug_ranges  0x0000000000001528       0xc8 Middlewares/ST/STM32_USB_Host_Library/Class/CDC/Src/usbh_cdc.o
 .debug_ranges  0x00000000000015f0       0xa0 Middlewares/ST/STM32_USB_Host_Library/Core/Src/usbh_core.o
 .debug_ranges  0x0000000000001690      0x120 Middlewares/ST/STM32_USB_Host_Library/Core/Src/usbh_ctlreq.o
 .debug_ranges  0x00000000000017b0       0x50 Middlewares/ST/STM32_USB_Host_Library/Core/Src/usbh_ioreq.o
 .debug_ranges  0x0000000000001800       0x48 Middlewares/ST/STM32_USB_Host_Library/Core/Src/usbh_pipes.o
 .debug_ranges  0x0000000000001848       0x20 USB_HOST/App/usb_host.o
 .debug_ranges  0x0000000000001868       0xf8 USB_HOST/Target/usbh_conf.o
 .debug_ranges  0x0000000000001960       0x10 USB_HOST/Target/usbh_platform.o
 .debug_ranges  0x0000000000001970       0x20 startup/startup_stm32f407xx.o

.debug_line     0x0000000000000000     0xafef
 .debug_line    0x0000000000000000      0x62d Core/Src/main.o
 .debug_line    0x000000000000062d      0x396 Core/Src/stm32f4xx_hal_msp.o
 .debug_line    0x00000000000009c3      0x27f Core/Src/stm32f4xx_hal_timebase_tim.o
 .debug_line    0x0000000000000c42      0x28d Core/Src/stm32f4xx_it.o
 .debug_line    0x0000000000000ecf      0x394 Core/Src/syscalls.o
 .debug_line    0x0000000000001263      0x1cd Core/Src/system_stm32f4xx.o
 .debug_line    0x0000000000001430      0x405 Drivers/STM32F4xx_HAL_Driver/Src/stm32f4xx_hal.o
 .debug_line    0x0000000000001835      0x440 Drivers/STM32F4xx_HAL_Driver/Src/stm32f4xx_hal_cortex.o
 .debug_line    0x0000000000001c75      0x3ce Drivers/STM32F4xx_HAL_Driver/Src/stm32f4xx_hal_gpio.o
 .debug_line    0x0000000000002043      0x5c3 Drivers/STM32F4xx_HAL_Driver/Src/stm32f4xx_hal_hcd.o
 .debug_line    0x0000000000002606     0x1bdb Drivers/STM32F4xx_HAL_Driver/Src/stm32f4xx_hal_i2c.o
 .debug_line    0x00000000000041e1      0x68f Drivers/STM32F4xx_HAL_Driver/Src/stm32f4xx_hal_i2s.o
 .debug_line    0x0000000000004870      0x569 Drivers/STM32F4xx_HAL_Driver/Src/stm32f4xx_hal_i2s_ex.o
 .debug_line    0x0000000000004dd9      0x4de Drivers/STM32F4xx_HAL_Driver/Src/stm32f4xx_hal_rcc.o
 .debug_line    0x00000000000052b7      0x380 Drivers/STM32F4xx_HAL_Driver/Src/stm32f4xx_hal_rcc_ex.o
 .debug_line    0x0000000000005637      0xb65 Drivers/STM32F4xx_HAL_Driver/Src/stm32f4xx_hal_spi.o
 .debug_line    0x000000000000619c     0x116d Drivers/STM32F4xx_HAL_Driver/Src/stm32f4xx_hal_tim.o
 .debug_line    0x0000000000007309      0x667 Drivers/STM32F4xx_HAL_Driver/Src/stm32f4xx_hal_tim_ex.o
 .debug_line    0x0000000000007970      0xb60 Drivers/STM32F4xx_HAL_Driver/Src/stm32f4xx_hal_uart.o
 .debug_line    0x00000000000084d0      0x931 Drivers/STM32F4xx_HAL_Driver/Src/stm32f4xx_ll_usb.o
 .debug_line    0x0000000000008e01      0x560 Middlewares/ST/STM32_USB_Host_Library/Class/CDC/Src/usbh_cdc.o
 .debug_line    0x0000000000009361      0x567 Middlewares/ST/STM32_USB_Host_Library/Core/Src/usbh_core.o
 .debug_line    0x00000000000098c8      0x4f6 Middlewares/ST/STM32_USB_Host_Library/Core/Src/usbh_ctlreq.o
 .debug_line    0x0000000000009dbe      0x3ac Middlewares/ST/STM32_USB_Host_Library/Core/Src/usbh_ioreq.o
 .debug_line    0x000000000000a16a      0x33b Middlewares/ST/STM32_USB_Host_Library/Core/Src/usbh_pipes.o
 .debug_line    0x000000000000a4a5      0x365 USB_HOST/App/usb_host.o
 .debug_line    0x000000000000a80a      0x58b USB_HOST/Target/usbh_conf.o
 .debug_line    0x000000000000ad95      0x1db USB_HOST/Target/usbh_platform.o
 .debug_line    0x000000000000af70       0x7f startup/startup_stm32f407xx.o

.debug_str      0x0000000000000000     0x7a9c
 .debug_str     0x0000000000000000     0x1880 Core/Src/main.o
                                       0x1a37 (size before relaxing)
 .debug_str     0x0000000000001880       0xf8 Core/Src/stm32f4xx_hal_msp.o
                                        0xddf (size before relaxing)
 .debug_str     0x0000000000001978      0x614 Core/Src/stm32f4xx_hal_timebase_tim.o
                                        0xdae (size before relaxing)
 .debug_str     0x0000000000001f8c      0x465 Core/Src/stm32f4xx_it.o
                                        0xae3 (size before relaxing)
 .debug_str     0x00000000000023f1      0x25b Core/Src/syscalls.o
                                        0x86e (size before relaxing)
 .debug_str     0x000000000000264c       0xaf Core/Src/system_stm32f4xx.o
                                        0x3a7 (size before relaxing)
 .debug_str     0x00000000000026fb      0x2e7 Drivers/STM32F4xx_HAL_Driver/Src/stm32f4xx_hal.o
                                        0xbad (size before relaxing)
 .debug_str     0x00000000000029e2      0x43a Drivers/STM32F4xx_HAL_Driver/Src/stm32f4xx_hal_cortex.o
                                        0xc78 (size before relaxing)
 .debug_str     0x0000000000002e1c      0x128 Drivers/STM32F4xx_HAL_Driver/Src/stm32f4xx_hal_gpio.o
                                        0x53e (size before relaxing)
 .debug_str     0x0000000000002f44      0x4d3 Drivers/STM32F4xx_HAL_Driver/Src/stm32f4xx_hal_hcd.o
                                        0xb3a (size before relaxing)
 .debug_str     0x0000000000003417      0x875 Drivers/STM32F4xx_HAL_Driver/Src/stm32f4xx_hal_i2c.o
                                       0x104b (size before relaxing)
 .debug_str     0x0000000000003c8c      0x282 Drivers/STM32F4xx_HAL_Driver/Src/stm32f4xx_hal_i2s.o
                                        0x9a0 (size before relaxing)
 .debug_str     0x0000000000003f0e      0x1f1 Drivers/STM32F4xx_HAL_Driver/Src/stm32f4xx_hal_i2s_ex.o
                                        0x8e1 (size before relaxing)
 .debug_str     0x00000000000040ff      0x147 Drivers/STM32F4xx_HAL_Driver/Src/stm32f4xx_hal_rcc.o
                                        0x711 (size before relaxing)
 .debug_str     0x0000000000004246       0xde Drivers/STM32F4xx_HAL_Driver/Src/stm32f4xx_hal_rcc_ex.o
                                        0x50a (size before relaxing)
 .debug_str     0x0000000000004324      0x4d4 Drivers/STM32F4xx_HAL_Driver/Src/stm32f4xx_hal_spi.o
                                        0xc27 (size before relaxing)
 .debug_str     0x00000000000047f8      0xdc4 Drivers/STM32F4xx_HAL_Driver/Src/stm32f4xx_hal_tim.o
                                       0x151b (size before relaxing)
 .debug_str     0x00000000000055bc      0x548 Drivers/STM32F4xx_HAL_Driver/Src/stm32f4xx_hal_tim_ex.o
                                        0xd33 (size before relaxing)
 .debug_str     0x0000000000005b04      0x4f4 Drivers/STM32F4xx_HAL_Driver/Src/stm32f4xx_hal_uart.o
                                        0xc66 (size before relaxing)
 .debug_str     0x0000000000005ff8      0x502 Drivers/STM32F4xx_HAL_Driver/Src/stm32f4xx_ll_usb.o
                                        0xc9a (size before relaxing)
 .debug_str     0x00000000000064fa      0xe7f Middlewares/ST/STM32_USB_Host_Library/Class/CDC/Src/usbh_cdc.o
                                       0x159f (size before relaxing)
 .debug_str     0x0000000000007379      0x2ac Middlewares/ST/STM32_USB_Host_Library/Core/Src/usbh_core.o
                                       0x1131 (size before relaxing)
 .debug_str     0x0000000000007625      0x1db Middlewares/ST/STM32_USB_Host_Library/Core/Src/usbh_ctlreq.o
                                       0x110f (size before relaxing)
 .debug_str     0x0000000000007800       0xb2 Middlewares/ST/STM32_USB_Host_Library/Core/Src/usbh_ioreq.o
                                        0xf44 (size before relaxing)
 .debug_str     0x00000000000078b2       0x80 Middlewares/ST/STM32_USB_Host_Library/Core/Src/usbh_pipes.o
                                        0xeda (size before relaxing)
 .debug_str     0x0000000000007932       0xa2 USB_HOST/App/usb_host.o
                                        0xf11 (size before relaxing)
 .debug_str     0x00000000000079d4       0xa5 USB_HOST/Target/usbh_conf.o
                                       0x1d9a (size before relaxing)
 .debug_str     0x0000000000007a79       0x23 USB_HOST/Target/usbh_platform.o
                                        0x2bc (size before relaxing)

.comment        0x0000000000000000       0x7c
 .comment       0x0000000000000000       0x7c Core/Src/main.o
                                         0x7d (size before relaxing)
 .comment       0x000000000000007c       0x7d Core/Src/stm32f4xx_hal_msp.o
 .comment       0x000000000000007c       0x7d Core/Src/stm32f4xx_hal_timebase_tim.o
 .comment       0x000000000000007c       0x7d Core/Src/stm32f4xx_it.o
 .comment       0x000000000000007c       0x7d Core/Src/syscalls.o
 .comment       0x000000000000007c       0x7d Core/Src/system_stm32f4xx.o
 .comment       0x000000000000007c       0x7d Drivers/STM32F4xx_HAL_Driver/Src/stm32f4xx_hal.o
 .comment       0x000000000000007c       0x7d Drivers/STM32F4xx_HAL_Driver/Src/stm32f4xx_hal_cortex.o
 .comment       0x000000000000007c       0x7d Drivers/STM32F4xx_HAL_Driver/Src/stm32f4xx_hal_gpio.o
 .comment       0x000000000000007c       0x7d Drivers/STM32F4xx_HAL_Driver/Src/stm32f4xx_hal_hcd.o
 .comment       0x000000000000007c       0x7d Drivers/STM32F4xx_HAL_Driver/Src/stm32f4xx_hal_i2c.o
 .comment       0x000000000000007c       0x7d Drivers/STM32F4xx_HAL_Driver/Src/stm32f4xx_hal_i2s.o
 .comment       0x000000000000007c       0x7d Drivers/STM32F4xx_HAL_Driver/Src/stm32f4xx_hal_i2s_ex.o
 .comment       0x000000000000007c       0x7d Drivers/STM32F4xx_HAL_Driver/Src/stm32f4xx_hal_rcc.o
 .comment       0x000000000000007c       0x7d Drivers/STM32F4xx_HAL_Driver/Src/stm32f4xx_hal_rcc_ex.o
 .comment       0x000000000000007c       0x7d Drivers/STM32F4xx_HAL_Driver/Src/stm32f4xx_hal_spi.o
 .comment       0x000000000000007c       0x7d Drivers/STM32F4xx_HAL_Driver/Src/stm32f4xx_hal_tim.o
 .comment       0x000000000000007c       0x7d Drivers/STM32F4xx_HAL_Driver/Src/stm32f4xx_hal_tim_ex.o
 .comment       0x000000000000007c       0x7d Drivers/STM32F4xx_HAL_Driver/Src/stm32f4xx_hal_uart.o
 .comment       0x000000000000007c       0x7d Drivers/STM32F4xx_HAL_Driver/Src/stm32f4xx_ll_usb.o
 .comment       0x000000000000007c       0x7d Middlewares/ST/STM32_USB_Host_Library/Class/CDC/Src/usbh_cdc.o
 .comment       0x000000000000007c       0x7d Middlewares/ST/STM32_USB_Host_Library/Core/Src/usbh_core.o
 .comment       0x000000000000007c       0x7d Middlewares/ST/STM32_USB_Host_Library/Core/Src/usbh_ctlreq.o
 .comment       0x000000000000007c       0x7d Middlewares/ST/STM32_USB_Host_Library/Core/Src/usbh_ioreq.o
 .comment       0x000000000000007c       0x7d Middlewares/ST/STM32_USB_Host_Library/Core/Src/usbh_pipes.o
 .comment       0x000000000000007c       0x7d USB_HOST/App/usb_host.o
 .comment       0x000000000000007c       0x7d USB_HOST/Target/usbh_conf.o
 .comment       0x000000000000007c       0x7d USB_HOST/Target/usbh_platform.o

.debug_frame    0x0000000000000000     0x3d4c
 .debug_frame   0x0000000000000000       0x70 Core/Src/main.o
 .debug_frame   0x0000000000000070       0xfc Core/Src/stm32f4xx_hal_msp.o
 .debug_frame   0x000000000000016c       0x54 Core/Src/stm32f4xx_hal_timebase_tim.o
 .debug_frame   0x00000000000001c0       0xc0 Core/Src/stm32f4xx_it.o
 .debug_frame   0x0000000000000280      0x1a8 Core/Src/syscalls.o
 .debug_frame   0x0000000000000428       0x38 Core/Src/system_stm32f4xx.o
 .debug_frame   0x0000000000000460      0x1f0 Drivers/STM32F4xx_HAL_Driver/Src/stm32f4xx_hal.o
 .debug_frame   0x0000000000000650      0x158 Drivers/STM32F4xx_HAL_Driver/Src/stm32f4xx_hal_cortex.o
 .debug_frame   0x00000000000007a8       0xd8 Drivers/STM32F4xx_HAL_Driver/Src/stm32f4xx_hal_gpio.o
 .debug_frame   0x0000000000000880      0x218 Drivers/STM32F4xx_HAL_Driver/Src/stm32f4xx_hal_hcd.o
 .debug_frame   0x0000000000000a98      0x704 Drivers/STM32F4xx_HAL_Driver/Src/stm32f4xx_hal_i2c.o
 .debug_frame   0x000000000000119c      0x288 Drivers/STM32F4xx_HAL_Driver/Src/stm32f4xx_hal_i2s.o
 .debug_frame   0x0000000000001424      0x130 Drivers/STM32F4xx_HAL_Driver/Src/stm32f4xx_hal_i2s_ex.o
 .debug_frame   0x0000000000001554      0x13c Drivers/STM32F4xx_HAL_Driver/Src/stm32f4xx_hal_rcc.o
 .debug_frame   0x0000000000001690       0xac Drivers/STM32F4xx_HAL_Driver/Src/stm32f4xx_hal_rcc_ex.o
 .debug_frame   0x000000000000173c      0x574 Drivers/STM32F4xx_HAL_Driver/Src/stm32f4xx_hal_spi.o
 .debug_frame   0x0000000000001cb0      0x928 Drivers/STM32F4xx_HAL_Driver/Src/stm32f4xx_hal_tim.o
 .debug_frame   0x00000000000025d8      0x360 Drivers/STM32F4xx_HAL_Driver/Src/stm32f4xx_hal_tim_ex.o
 .debug_frame   0x0000000000002938      0x4a0 Drivers/STM32F4xx_HAL_Driver/Src/stm32f4xx_hal_uart.o
 .debug_frame   0x0000000000002dd8      0x45c Drivers/STM32F4xx_HAL_Driver/Src/stm32f4xx_ll_usb.o
 .debug_frame   0x0000000000003234      0x148 Middlewares/ST/STM32_USB_Host_Library/Class/CDC/Src/usbh_cdc.o
 .debug_frame   0x000000000000337c      0x19c Middlewares/ST/STM32_USB_Host_Library/Core/Src/usbh_core.o
 .debug_frame   0x0000000000003518      0x118 Middlewares/ST/STM32_USB_Host_Library/Core/Src/usbh_ctlreq.o
 .debug_frame   0x0000000000003630      0x130 Middlewares/ST/STM32_USB_Host_Library/Core/Src/usbh_ioreq.o
 .debug_frame   0x0000000000003760       0x70 Middlewares/ST/STM32_USB_Host_Library/Core/Src/usbh_pipes.o
 .debug_frame   0x00000000000037d0       0x50 USB_HOST/App/usb_host.o
 .debug_frame   0x0000000000003820      0x208 USB_HOST/Target/usbh_conf.o
 .debug_frame   0x0000000000003a28       0x20 USB_HOST/Target/usbh_platform.o
 .debug_frame   0x0000000000003a48       0x20 /opt/Atollic_TrueSTUDIO_for_STM32_x86_64_9.3.0/ARMTools/bin/../lib/gcc/arm-atollic-eabi/6.3.1/../../../../arm-atollic-eabi/lib/armv7e-m/fpu/libc.a(lib_a-errno.o)
 .debug_frame   0x0000000000003a68       0x2c /opt/Atollic_TrueSTUDIO_for_STM32_x86_64_9.3.0/ARMTools/bin/../lib/gcc/arm-atollic-eabi/6.3.1/../../../../arm-atollic-eabi/lib/armv7e-m/fpu/libc.a(lib_a-init.o)
 .debug_frame   0x0000000000003a94       0x30 /opt/Atollic_TrueSTUDIO_for_STM32_x86_64_9.3.0/ARMTools/bin/../lib/gcc/arm-atollic-eabi/6.3.1/../../../../arm-atollic-eabi/lib/armv7e-m/fpu/libc.a(lib_a-malloc.o)
 .debug_frame   0x0000000000003ac4       0x40 /opt/Atollic_TrueSTUDIO_for_STM32_x86_64_9.3.0/ARMTools/bin/../lib/gcc/arm-atollic-eabi/6.3.1/../../../../arm-atollic-eabi/lib/armv7e-m/fpu/libc.a(lib_a-mallocr.o)
 .debug_frame   0x0000000000003b04       0x20 /opt/Atollic_TrueSTUDIO_for_STM32_x86_64_9.3.0/ARMTools/bin/../lib/gcc/arm-atollic-eabi/6.3.1/../../../../arm-atollic-eabi/lib/armv7e-m/fpu/libc.a(lib_a-memset.o)
 .debug_frame   0x0000000000003b24       0x30 /opt/Atollic_TrueSTUDIO_for_STM32_x86_64_9.3.0/ARMTools/bin/../lib/gcc/arm-atollic-eabi/6.3.1/../../../../arm-atollic-eabi/lib/armv7e-m/fpu/libc.a(lib_a-mlock.o)
 .debug_frame   0x0000000000003b54       0x2c /opt/Atollic_TrueSTUDIO_for_STM32_x86_64_9.3.0/ARMTools/bin/../lib/gcc/arm-atollic-eabi/6.3.1/../../../../arm-atollic-eabi/lib/armv7e-m/fpu/libc.a(lib_a-sbrkr.o)
 .debug_frame   0x0000000000003b80       0x60 /opt/Atollic_TrueSTUDIO_for_STM32_x86_64_9.3.0/ARMTools/bin/../lib/gcc/arm-atollic-eabi/6.3.1/../../../../arm-atollic-eabi/lib/armv7e-m/fpu/libc.a(lib_a-freer.o)