Archive member included to satisfy reference by file (symbol)

/opt/Atollic_TrueSTUDIO_for_STM32_x86_64_9.3.0/ARMTools/bin/../lib/gcc/arm-atollic-eabi/6.3.1/../../../../arm-atollic-eabi/lib/armv7e-m/fpu/libc.a(lib_a-errno.o)
                              Core/Src/syscalls.o (__errno)
/opt/Atollic_TrueSTUDIO_for_STM32_x86_64_9.3.0/ARMTools/bin/../lib/gcc/arm-atollic-eabi/6.3.1/../../../../arm-atollic-eabi/lib/armv7e-m/fpu/libc.a(lib_a-impure.o)
                              /opt/Atollic_TrueSTUDIO_for_STM32_x86_64_9.3.0/ARMTools/bin/../lib/gcc/arm-atollic-eabi/6.3.1/../../../../arm-atollic-eabi/lib/armv7e-m/fpu/libc.a(lib_a-errno.o) (_impure_ptr)
/opt/Atollic_TrueSTUDIO_for_STM32_x86_64_9.3.0/ARMTools/bin/../lib/gcc/arm-atollic-eabi/6.3.1/../../../../arm-atollic-eabi/lib/armv7e-m/fpu/libc.a(lib_a-init.o)
                              startup/startup_stm32f407xx.o (__libc_init_array)
/opt/Atollic_TrueSTUDIO_for_STM32_x86_64_9.3.0/ARMTools/bin/../lib/gcc/arm-atollic-eabi/6.3.1/../../../../arm-atollic-eabi/lib/armv7e-m/fpu/libc.a(lib_a-malloc.o)
                              Middlewares/ST/STM32_USB_Host_Library/Class/CDC/Src/usbh_cdc.o (malloc)
/opt/Atollic_TrueSTUDIO_for_STM32_x86_64_9.3.0/ARMTools/bin/../lib/gcc/arm-atollic-eabi/6.3.1/../../../../arm-atollic-eabi/lib/armv7e-m/fpu/libc.a(lib_a-mallocr.o)
                              /opt/Atollic_TrueSTUDIO_for_STM32_x86_64_9.3.0/ARMTools/bin/../lib/gcc/arm-atollic-eabi/6.3.1/../../../../arm-atollic-eabi/lib/armv7e-m/fpu/libc.a(lib_a-malloc.o) (_malloc_r)
/opt/Atollic_TrueSTUDIO_for_STM32_x86_64_9.3.0/ARMTools/bin/../lib/gcc/arm-atollic-eabi/6.3.1/../../../../arm-atollic-eabi/lib/armv7e-m/fpu/libc.a(lib_a-memcpy-stub.o)
                              lvgl/src/lv_core/lv_refr.o (memcpy)
/opt/Atollic_TrueSTUDIO_for_STM32_x86_64_9.3.0/ARMTools/bin/../lib/gcc/arm-atollic-eabi/6.3.1/../../../../arm-atollic-eabi/lib/armv7e-m/fpu/libc.a(lib_a-memset.o)
                              Core/Src/main.o (memset)
/opt/Atollic_TrueSTUDIO_for_STM32_x86_64_9.3.0/ARMTools/bin/../lib/gcc/arm-atollic-eabi/6.3.1/../../../../arm-atollic-eabi/lib/armv7e-m/fpu/libc.a(lib_a-mlock.o)
                              /opt/Atollic_TrueSTUDIO_for_STM32_x86_64_9.3.0/ARMTools/bin/../lib/gcc/arm-atollic-eabi/6.3.1/../../../../arm-atollic-eabi/lib/armv7e-m/fpu/libc.a(lib_a-mallocr.o) (__malloc_lock)
/opt/Atollic_TrueSTUDIO_for_STM32_x86_64_9.3.0/ARMTools/bin/../lib/gcc/arm-atollic-eabi/6.3.1/../../../../arm-atollic-eabi/lib/armv7e-m/fpu/libc.a(lib_a-printf.o)
                              Simulacare/src/main.o (printf)
/opt/Atollic_TrueSTUDIO_for_STM32_x86_64_9.3.0/ARMTools/bin/../lib/gcc/arm-atollic-eabi/6.3.1/../../../../arm-atollic-eabi/lib/armv7e-m/fpu/libc.a(lib_a-sbrkr.o)
                              /opt/Atollic_TrueSTUDIO_for_STM32_x86_64_9.3.0/ARMTools/bin/../lib/gcc/arm-atollic-eabi/6.3.1/../../../../arm-atollic-eabi/lib/armv7e-m/fpu/libc.a(lib_a-mallocr.o) (_sbrk_r)
/opt/Atollic_TrueSTUDIO_for_STM32_x86_64_9.3.0/ARMTools/bin/../lib/gcc/arm-atollic-eabi/6.3.1/../../../../arm-atollic-eabi/lib/armv7e-m/fpu/libc.a(lib_a-sprintf.o)
                              Simulacare/src/main.o (sprintf)
/opt/Atollic_TrueSTUDIO_for_STM32_x86_64_9.3.0/ARMTools/bin/../lib/gcc/arm-atollic-eabi/6.3.1/../../../../arm-atollic-eabi/lib/armv7e-m/fpu/libc.a(lib_a-strcmp.o)
                              lvgl/src/lv_draw/lv_img_decoder.o (strcmp)
/opt/Atollic_TrueSTUDIO_for_STM32_x86_64_9.3.0/ARMTools/bin/../lib/gcc/arm-atollic-eabi/6.3.1/../../../../arm-atollic-eabi/lib/armv7e-m/fpu/libc.a(lib_a-strcpy.o)
                              lvgl/src/lv_objx/lv_calendar.o (strcpy)
/opt/Atollic_TrueSTUDIO_for_STM32_x86_64_9.3.0/ARMTools/bin/../lib/gcc/arm-atollic-eabi/6.3.1/../../../../arm-atollic-eabi/lib/armv7e-m/fpu/libc.a(lib_a-strlen.o)
                              lvgl/src/lv_misc/lv_fs.o (strlen)
/opt/Atollic_TrueSTUDIO_for_STM32_x86_64_9.3.0/ARMTools/bin/../lib/gcc/arm-atollic-eabi/6.3.1/../../../../arm-atollic-eabi/lib/armv7e-m/fpu/libc.a(lib_a-svfprintf.o)
                              /opt/Atollic_TrueSTUDIO_for_STM32_x86_64_9.3.0/ARMTools/bin/../lib/gcc/arm-atollic-eabi/6.3.1/../../../../arm-atollic-eabi/lib/armv7e-m/fpu/libc.a(lib_a-sprintf.o) (_svfprintf_r)
/opt/Atollic_TrueSTUDIO_for_STM32_x86_64_9.3.0/ARMTools/bin/../lib/gcc/arm-atollic-eabi/6.3.1/../../../../arm-atollic-eabi/lib/armv7e-m/fpu/libc.a(lib_a-vfprintf.o)
                              /opt/Atollic_TrueSTUDIO_for_STM32_x86_64_9.3.0/ARMTools/bin/../lib/gcc/arm-atollic-eabi/6.3.1/../../../../arm-atollic-eabi/lib/armv7e-m/fpu/libc.a(lib_a-printf.o) (_vfprintf_r)
/opt/Atollic_TrueSTUDIO_for_STM32_x86_64_9.3.0/ARMTools/bin/../lib/gcc/arm-atollic-eabi/6.3.1/../../../../arm-atollic-eabi/lib/armv7e-m/fpu/libc.a(lib_a-wsetup.o)
                              /opt/Atollic_TrueSTUDIO_for_STM32_x86_64_9.3.0/ARMTools/bin/../lib/gcc/arm-atollic-eabi/6.3.1/../../../../arm-atollic-eabi/lib/armv7e-m/fpu/libc.a(lib_a-vfprintf.o) (__swsetup_r)
[...]
Memory Configuration

Name             Origin             Length             Attributes
RAM              0x0000000020000000 0x0000000000020000 xrw
CCMRAM           0x0000000010000000 0x0000000000010000 rw
FLASH            0x0000000008000000 0x0000000000100000 xr
*default*        0x0000000000000000 0xffffffffffffffff

Linker script and memory map

LOAD /opt/Atollic_TrueSTUDIO_for_STM32_x86_64_9.3.0/ARMTools/bin/../lib/gcc/arm-atollic-eabi/6.3.1/armv7e-m/fpu/crti.o
LOAD /opt/Atollic_TrueSTUDIO_for_STM32_x86_64_9.3.0/ARMTools/bin/../lib/gcc/arm-atollic-eabi/6.3.1/armv7e-m/fpu/crtbegin.o
LOAD Core/Src/main.o
LOAD Core/Src/misc.o
LOAD Core/Src/stm32f4xx_hal_msp.o
LOAD Core/Src/stm32f4xx_hal_timebase_tim.o
LOAD Core/Src/stm32f4xx_it.o
LOAD Core/Src/syscalls.o
LOAD Core/Src/system_stm32f4xx.o
LOAD Drivers/STM32F4xx_HAL_Driver/Src/stm32f4xx_hal.o
LOAD Drivers/STM32F4xx_HAL_Driver/Src/stm32f4xx_hal_cortex.o
LOAD Drivers/STM32F4xx_HAL_Driver/Src/stm32f4xx_hal_dma.o
LOAD Drivers/STM32F4xx_HAL_Driver/Src/stm32f4xx_hal_dma_ex.o
LOAD Drivers/STM32F4xx_HAL_Driver/Src/stm32f4xx_hal_exti.o
LOAD Drivers/STM32F4xx_HAL_Driver/Src/stm32f4xx_hal_flash.o
LOAD Drivers/STM32F4xx_HAL_Driver/Src/stm32f4xx_hal_flash_ex.o
LOAD Drivers/STM32F4xx_HAL_Driver/Src/stm32f4xx_hal_flash_ramfunc.o
LOAD Drivers/STM32F4xx_HAL_Driver/Src/stm32f4xx_hal_gpio.o
LOAD Drivers/STM32F4xx_HAL_Driver/Src/stm32f4xx_hal_hcd.o
LOAD Drivers/STM32F4xx_HAL_Driver/Src/stm32f4xx_hal_i2c.o
LOAD Drivers/STM32F4xx_HAL_Driver/Src/stm32f4xx_hal_i2c_ex.o
LOAD Drivers/STM32F4xx_HAL_Driver/Src/stm32f4xx_hal_i2s.o
LOAD Drivers/STM32F4xx_HAL_Driver/Src/stm32f4xx_hal_i2s_ex.o
LOAD Drivers/STM32F4xx_HAL_Driver/Src/stm32f4xx_hal_pwr.o
LOAD Drivers/STM32F4xx_HAL_Driver/Src/stm32f4xx_hal_pwr_ex.o
LOAD Drivers/STM32F4xx_HAL_Driver/Src/stm32f4xx_hal_rcc.o
LOAD Drivers/STM32F4xx_HAL_Driver/Src/stm32f4xx_hal_rcc_ex.o
LOAD Drivers/STM32F4xx_HAL_Driver/Src/stm32f4xx_hal_spi.o
LOAD Drivers/STM32F4xx_HAL_Driver/Src/stm32f4xx_hal_tim.o
LOAD Drivers/STM32F4xx_HAL_Driver/Src/stm32f4xx_hal_tim_ex.o
LOAD Drivers/STM32F4xx_HAL_Driver/Src/stm32f4xx_hal_uart.o
LOAD Drivers/STM32F4xx_HAL_Driver/Src/stm32f4xx_ll_usb.o
LOAD Middlewares/ST/STM32_USB_Host_Library/Class/CDC/Src/usbh_cdc.o
LOAD Middlewares/ST/STM32_USB_Host_Library/Core/Src/usbh_core.o
LOAD Middlewares/ST/STM32_USB_Host_Library/Core/Src/usbh_ctlreq.o
LOAD Middlewares/ST/STM32_USB_Host_Library/Core/Src/usbh_ioreq.o
LOAD Middlewares/ST/STM32_USB_Host_Library/Core/Src/usbh_pipes.o
LOAD Simulacare/img_inc/Background.o
LOAD Simulacare/img_inc/Barra.o
LOAD Simulacare/img_inc/Btn_Distorcia.o
LOAD Simulacare/img_inc/Btn_Distorcia_OFF.o
LOAD Simulacare/img_inc/Btn_Home.o
LOAD Simulacare/img_inc/Btn_Inicio.o
LOAD Simulacare/img_inc/Btn_OFF.o
LOAD Simulacare/img_inc/Btn_ON.o
LOAD Simulacare/img_inc/Btn_Pausa.o
LOAD Simulacare/img_inc/Coracao.o
LOAD Simulacare/img_inc/Distorcia_OFF.o
LOAD Simulacare/img_inc/Distorcia_ON.o
LOAD Simulacare/img_inc/Duracao.o
LOAD Simulacare/img_inc/Frequencia.o
LOAD Simulacare/img_inc/Fundo_1.o
LOAD Simulacare/img_inc/Fundo_2.o
LOAD Simulacare/img_inc/Home.o
LOAD Simulacare/img_inc/Home_OFF.o
LOAD Simulacare/img_inc/Home_off.o
LOAD Simulacare/img_inc/Inicio.o
LOAD Simulacare/img_inc/Inicio_OFF.o
LOAD Simulacare/img_inc/Inicio_off.o
LOAD Simulacare/img_inc/OFF.o
LOAD Simulacare/img_inc/ON.o
LOAD Simulacare/img_inc/Pausa.o
LOAD Simulacare/img_inc/Pausa_OFF.o
LOAD Simulacare/img_inc/Pausa_off.o
LOAD Simulacare/img_inc/Pulmao.o
LOAD Simulacare/img_inc/barra.o
LOAD Simulacare/img_inc/coracao.o
LOAD Simulacare/img_inc/distorcia_off.o
LOAD Simulacare/img_inc/distorcia_on.o
LOAD Simulacare/img_inc/off.o
LOAD Simulacare/img_inc/on.o
LOAD Simulacare/src/main.o
LOAD USB_HOST/App/usb_host.o
LOAD USB_HOST/Target/usbh_conf.o
LOAD USB_HOST/Target/usbh_platform.o
LOAD lv_drivers/display/R61581.o
LOAD lv_drivers/display/SSD1963.o
LOAD lv_drivers/display/ST7565.o
LOAD lv_drivers/display/UC1610.o
LOAD lv_drivers/display/fbdev.o
LOAD lv_drivers/display/monitor.o
LOAD lv_drivers/indev/AD_touch.o
LOAD lv_drivers/indev/FT5406EE8.o
LOAD lv_drivers/indev/XPT2046.o
LOAD lv_drivers/indev/evdev.o
LOAD lv_drivers/indev/keyboard.o
LOAD lv_drivers/indev/libinput.o
LOAD lv_drivers/indev/mouse.o
LOAD lv_drivers/indev/mousewheel.o
LOAD lv_drivers/win_drv.o
LOAD lvgl/porting/lv_port_disp_template.o
LOAD lvgl/porting/lv_port_fs_template.o
LOAD lvgl/porting/lv_port_indev_template.o
LOAD lvgl/src/lv_core/lv_disp.o
LOAD lvgl/src/lv_core/lv_group.o
LOAD lvgl/src/lv_core/lv_indev.o
LOAD lvgl/src/lv_core/lv_obj.o
LOAD lvgl/src/lv_core/lv_refr.o
LOAD lvgl/src/lv_core/lv_style.o
LOAD lvgl/src/lv_draw/lv_draw.o
LOAD lvgl/src/lv_draw/lv_draw_arc.o
LOAD lvgl/src/lv_draw/lv_draw_basic.o
LOAD lvgl/src/lv_draw/lv_draw_img.o
LOAD lvgl/src/lv_draw/lv_draw_label.o
LOAD lvgl/src/lv_draw/lv_draw_line.o
LOAD lvgl/src/lv_draw/lv_draw_rect.o
LOAD lvgl/src/lv_draw/lv_draw_triangle.o
LOAD lvgl/src/lv_draw/lv_img_cache.o
LOAD lvgl/src/lv_draw/lv_img_decoder.o
LOAD lvgl/src/lv_font/lv_font.o
LOAD lvgl/src/lv_font/lv_font_fmt_txt.o
LOAD lvgl/src/lv_font/lv_font_roboto_12.o
LOAD lvgl/src/lv_font/lv_font_roboto_16.o
LOAD lvgl/src/lv_font/lv_font_roboto_22.o
LOAD lvgl/src/lv_font/lv_font_roboto_28.o
LOAD lvgl/src/lv_font/lv_font_unscii_8.o
LOAD lvgl/src/lv_hal/lv_hal_disp.o
LOAD lvgl/src/lv_hal/lv_hal_indev.o
LOAD lvgl/src/lv_hal/lv_hal_tick.o
LOAD lvgl/src/lv_misc/lv_anim.o
LOAD lvgl/src/lv_misc/lv_area.o
LOAD lvgl/src/lv_misc/lv_async.o
LOAD lvgl/src/lv_misc/lv_circ.o
LOAD lvgl/src/lv_misc/lv_color.o
LOAD lvgl/src/lv_misc/lv_fs.o
LOAD lvgl/src/lv_misc/lv_gc.o
LOAD lvgl/src/lv_misc/lv_ll.o
LOAD lvgl/src/lv_misc/lv_log.o
LOAD lvgl/src/lv_misc/lv_math.o
LOAD lvgl/src/lv_misc/lv_mem.o
LOAD lvgl/src/lv_misc/lv_task.o
LOAD lvgl/src/lv_misc/lv_templ.o
LOAD lvgl/src/lv_misc/lv_txt.o
LOAD lvgl/src/lv_misc/lv_utils.o
LOAD lvgl/src/lv_objx/lv_arc.o
LOAD lvgl/src/lv_objx/lv_bar.o
LOAD lvgl/src/lv_objx/lv_btn.o
LOAD lvgl/src/lv_objx/lv_btnm.o
LOAD lvgl/src/lv_objx/lv_calendar.o
LOAD lvgl/src/lv_objx/lv_canvas.o
LOAD lvgl/src/lv_objx/lv_cb.o
LOAD lvgl/src/lv_objx/lv_chart.o
LOAD lvgl/src/lv_objx/lv_cont.o
LOAD lvgl/src/lv_objx/lv_ddlist.o
LOAD lvgl/src/lv_objx/lv_gauge.o
LOAD lvgl/src/lv_objx/lv_img.o
LOAD lvgl/src/lv_objx/lv_imgbtn.o
LOAD lvgl/src/lv_objx/lv_kb.o
LOAD lvgl/src/lv_objx/lv_label.o
LOAD lvgl/src/lv_objx/lv_led.o
LOAD lvgl/src/lv_objx/lv_line.o
LOAD lvgl/src/lv_objx/lv_list.o
LOAD lvgl/src/lv_objx/lv_lmeter.o
LOAD lvgl/src/lv_objx/lv_mbox.o
LOAD lvgl/src/lv_objx/lv_objx_templ.o
LOAD lvgl/src/lv_objx/lv_page.o
LOAD lvgl/src/lv_objx/lv_preload.o
LOAD lvgl/src/lv_objx/lv_roller.o
LOAD lvgl/src/lv_objx/lv_slider.o
LOAD lvgl/src/lv_objx/lv_spinbox.o
LOAD lvgl/src/lv_objx/lv_sw.o
LOAD lvgl/src/lv_objx/lv_ta.o
LOAD lvgl/src/lv_objx/lv_table.o
LOAD lvgl/src/lv_objx/lv_tabview.o
LOAD lvgl/src/lv_objx/lv_tileview.o
LOAD lvgl/src/lv_objx/lv_win.o
LOAD lvgl/src/lv_themes/lv_theme.o
LOAD lvgl/src/lv_themes/lv_theme_alien.o
LOAD lvgl/src/lv_themes/lv_theme_default.o
LOAD lvgl/src/lv_themes/lv_theme_material.o
LOAD lvgl/src/lv_themes/lv_theme_mono.o
LOAD lvgl/src/lv_themes/lv_theme_nemo.o
LOAD lvgl/src/lv_themes/lv_theme_night.o
LOAD lvgl/src/lv_themes/lv_theme_templ.o
LOAD lvgl/src/lv_themes/lv_theme_zen.o
LOAD startup/startup_stm32f407xx.o
                0x0000000000000080                malloc_getpagesize_P = 0x80
START GROUP
LOAD /opt/Atollic_TrueSTUDIO_for_STM32_x86_64_9.3.0/ARMTools/bin/../lib/gcc/arm-atollic-eabi/6.3.1/../../../../arm-atollic-eabi/lib/armv7e-m/fpu/libc.a
LOAD /opt/Atollic_TrueSTUDIO_for_STM32_x86_64_9.3.0/ARMTools/bin/../lib/gcc/arm-atollic-eabi/6.3.1/../../../../arm-atollic-eabi/lib/armv7e-m/fpu/libm.a
END GROUP
START GROUP
LOAD /opt/Atollic_TrueSTUDIO_for_STM32_x86_64_9.3.0/ARMTools/bin/../lib/gcc/arm-atollic-eabi/6.3.1/armv7e-m/fpu/libgcc.a
LOAD /opt/Atollic_TrueSTUDIO_for_STM32_x86_64_9.3.0/ARMTools/bin/../lib/gcc/arm-atollic-eabi/6.3.1/../../../../arm-atollic-eabi/lib/armv7e-m/fpu/libc.a
END GROUP
START GROUP
LOAD /opt/Atollic_TrueSTUDIO_for_STM32_x86_64_9.3.0/ARMTools/bin/../lib/gcc/arm-atollic-eabi/6.3.1/armv7e-m/fpu/libgcc.a
LOAD /opt/Atollic_TrueSTUDIO_for_STM32_x86_64_9.3.0/ARMTools/bin/../lib/gcc/arm-atollic-eabi/6.3.1/../../../../arm-atollic-eabi/lib/armv7e-m/fpu/libc.a
LOAD /opt/Atollic_TrueSTUDIO_for_STM32_x86_64_9.3.0/ARMTools/bin/../lib/gcc/arm-atollic-eabi/6.3.1/../../../../arm-atollic-eabi/lib/armv7e-m/fpu/libnosys.a
END GROUP
LOAD /opt/Atollic_TrueSTUDIO_for_STM32_x86_64_9.3.0/ARMTools/bin/../lib/gcc/arm-atollic-eabi/6.3.1/armv7e-m/fpu/crtend.o
LOAD /opt/Atollic_TrueSTUDIO_for_STM32_x86_64_9.3.0/ARMTools/bin/../lib/gcc/arm-atollic-eabi/6.3.1/armv7e-m/fpu/crtn.o
                0x0000000020020000                _estack = 0x20020000
                0x0000000000000200                _Min_Heap_Size = 0x200
                0x0000000000000400                _Min_Stack_Size = 0x400

.isr_vector     0x0000000008000000      0x188
                0x0000000008000000                . = ALIGN (0x4)
 *(.isr_vector)
 .isr_vector    0x0000000008000000      0x188 startup/startup_stm32f407xx.o
                0x0000000008000000                g_pfnVectors
                0x0000000008000188                . = ALIGN (0x4)

.text           0x0000000008000190    0x14dc0
                0x0000000008000190                . = ALIGN (0x4)
 *(.text)
 .text          0x0000000008000190       0x40 /opt/Atollic_TrueSTUDIO_for_STM32_x86_64_9.3.0/ARMTools/bin/../lib/gcc/arm-atollic-eabi/6.3.1/armv7e-m/fpu/crtbegin.o
 .text          0x00000000080001d0       0x14 /opt/Atollic_TrueSTUDIO_for_STM32_x86_64_9.3.0/ARMTools/bin/../lib/gcc/arm-atollic-eabi/6.3.1/../../../../arm-atollic-eabi/lib/armv7e-m/fpu/libc.a(lib_a-strcmp.o)
                0x00000000080001d0                strcmp
 .text          0x00000000080001e4       0x10 /opt/Atollic_TrueSTUDIO_for_STM32_x86_64_9.3.0/ARMTools/bin/../lib/gcc/arm-atollic-eabi/6.3.1/../../../../arm-atollic-eabi/lib/armv7e-m/fpu/libc.a(lib_a-strlen.o)
                0x00000000080001e4                strlen
 *fill*         0x00000000080001f4        0xc 
 .text          0x0000000008000200       0xa0 /opt/Atollic_TrueSTUDIO_for_STM32_x86_64_9.3.0/ARMTools/bin/../lib/gcc/arm-atollic-eabi/6.3.1/../../../../arm-atollic-eabi/lib/armv7e-m/fpu/libc.a(lib_a-memchr.o)
                0x0000000008000200                memchr
 .text          0x00000000080002a0      0x370 /opt/Atollic_TrueSTUDIO_for_STM32_x86_64_9.3.0/ARMTools/bin/../lib/gcc/arm-atollic-eabi/6.3.1/armv7e-m/fpu/libgcc.a(_arm_addsubdf3.o)
                0x00000000080002a0                __aeabi_drsub
                0x00000000080002a8                __aeabi_dsub
                0x00000000080002a8                __subdf3
                0x00000000080002ac                __adddf3
                0x00000000080002ac                __aeabi_dadd
                0x0000000008000524                __aeabi_ui2d
                0x0000000008000524                __floatunsidf
                0x0000000008000544                __floatsidf
                0x0000000008000544                __aeabi_i2d
                0x0000000008000568                __extendsfdf2
                0x0000000008000568                __aeabi_f2d
                0x00000000080005a4                __aeabi_ul2d
                0x00000000080005a4                __floatundidf
                0x00000000080005b4                __floatdidf
                0x00000000080005b4                __aeabi_l2d
 .text          0x0000000008000610      0x424 /opt/Atollic_TrueSTUDIO_for_STM32_x86_64_9.3.0/ARMTools/bin/../lib/gcc/arm-atollic-eabi/6.3.1/armv7e-m/fpu/libgcc.a(_arm_muldivdf3.o)
                0x0000000008000610                __aeabi_dmul
                0x0000000008000610                __muldf3
                0x0000000008000864                __aeabi_ddiv
                0x0000000008000864                __divdf3
 .text          0x0000000008000a34      0x110 /opt/Atollic_TrueSTUDIO_for_STM32_x86_64_9.3.0/ARMTools/bin/../lib/gcc/arm-atollic-eabi/6.3.1/armv7e-m/fpu/libgcc.a(_arm_cmpdf2.o)
                0x0000000008000a34                __gtdf2
                0x0000000008000a34                __gedf2
                0x0000000008000a3c                __ltdf2
                0x0000000008000a3c                __ledf2
                0x0000000008000a44                __cmpdf2
                0x0000000008000a44                __eqdf2
                0x0000000008000a44                __nedf2
                0x0000000008000ac0                __aeabi_cdrcmple
                0x0000000008000ad0                __aeabi_cdcmple
                0x0000000008000ad0                __aeabi_cdcmpeq
                0x0000000008000ae0                __aeabi_dcmpeq
                0x0000000008000af4                __aeabi_dcmplt
                0x0000000008000b08                __aeabi_dcmple
                0x0000000008000b1c                __aeabi_dcmpge
                0x0000000008000b30                __aeabi_dcmpgt
 .text          0x0000000008000b44       0x2c /opt/Atollic_TrueSTUDIO_for_STM32_x86_64_9.3.0/ARMTools/bin/../lib/gcc/arm-atollic-eabi/6.3.1/armv7e-m/fpu/libgcc.a(_arm_unorddf2.o)
                0x0000000008000b44                __aeabi_dcmpun
                0x0000000008000b44                __unorddf2
 .text          0x0000000008000b70       0x50 /opt/Atollic_TrueSTUDIO_for_STM32_x86_64_9.3.0/ARMTools/bin/../lib/gcc/arm-atollic-eabi/6.3.1/armv7e-m/fpu/libgcc.a(_arm_fixdfsi.o)
                0x0000000008000b70                __fixdfsi
                0x0000000008000b70                __aeabi_d2iz
 .text          0x0000000008000bc0       0x30 /opt/Atollic_TrueSTUDIO_for_STM32_x86_64_9.3.0/ARMTools/bin/../lib/gcc/arm-atollic-eabi/6.3.1/armv7e-m/fpu/libgcc.a(_aeabi_uldivmod.o)
                0x0000000008000bc0                __aeabi_uldivmod
 .text          0x0000000008000bf0      0x2dc /opt/Atollic_TrueSTUDIO_for_STM32_x86_64_9.3.0/ARMTools/bin/../lib/gcc/arm-atollic-eabi/6.3.1/armv7e-m/fpu/libgcc.a(_udivmoddi4.o)
                0x0000000008000bf0                __udivmoddi4
 .text          0x0000000008000ecc        0x4 /opt/Atollic_TrueSTUDIO_for_STM32_x86_64_9.3.0/ARMTools/bin/../lib/gcc/arm-atollic-eabi/6.3.1/armv7e-m/fpu/libgcc.a(_dvmd_tls.o)
                0x0000000008000ecc                __aeabi_ldiv0
                0x0000000008000ecc                __aeabi_idiv0
 *(.text*)
 .text.SystemClock_Config
                0x0000000008000ed0       0xb4 Core/Src/main.o
                0x0000000008000ed0                SystemClock_Config
 .text.startup.main
                0x0000000008000f84      0x320 Core/Src/main.o
                0x0000000008000f84                main
 .text.HAL_TIM_PeriodElapsedCallback
                0x00000000080012a4       0x28 Core/Src/main.o
                0x00000000080012a4                HAL_TIM_PeriodElapsedCallback
 .text.Error_Handler
                0x00000000080012cc        0x2 Core/Src/main.o
                0x00000000080012cc                Error_Handler
 *fill*         0x00000000080012ce        0x2 
 .text.xpt2046  0x00000000080012d0       0x28 Core/Src/misc.o
                0x00000000080012d0                xpt2046
 .text.HAL_MspInit
                0x00000000080012f8       0x40 Core/Src/stm32f4xx_hal_msp.o
                0x00000000080012f8                HAL_MspInit
 .text.HAL_I2C_MspInit
                0x0000000008001338       0x70 Core/Src/stm32f4xx_hal_msp.o
                0x0000000008001338                HAL_I2C_MspInit
 .text.HAL_I2S_MspInit
                0x00000000080013a8       0x94 Core/Src/stm32f4xx_hal_msp.o
                0x00000000080013a8                HAL_I2S_MspInit
 .text.HAL_SPI_MspInit
                0x000000000800143c       0x68 Core/Src/stm32f4xx_hal_msp.o
                0x000000000800143c                HAL_SPI_MspInit
 .text.HAL_UART_MspInit
                0x00000000080014a4       0xc8 Core/Src/stm32f4xx_hal_msp.o
                0x00000000080014a4                HAL_UART_MspInit
 .text.HAL_InitTick
                0x000000000800156c       0x7c Core/Src/stm32f4xx_hal_timebase_tim.o
                0x000000000800156c                HAL_InitTick
 .text.NMI_Handler
                0x00000000080015e8        0x2 Core/Src/stm32f4xx_it.o
                0x00000000080015e8                NMI_Handler
 .text.HardFault_Handler
                0x00000000080015ea        0x2 Core/Src/stm32f4xx_it.o
                0x00000000080015ea                HardFault_Handler
 .text.MemManage_Handler
                0x00000000080015ec        0x2 Core/Src/stm32f4xx_it.o
                0x00000000080015ec                MemManage_Handler
 .text.BusFault_Handler
                0x00000000080015ee        0x2 Core/Src/stm32f4xx_it.o
                0x00000000080015ee                BusFault_Handler
 .text.UsageFault_Handler
                0x00000000080015f0        0x2 Core/Src/stm32f4xx_it.o
                0x00000000080015f0                UsageFault_Handler
 .text.SVC_Handler
                0x00000000080015f2        0x2 Core/Src/stm32f4xx_it.o
                0x00000000080015f2                SVC_Handler
 .text.DebugMon_Handler
                0x00000000080015f4        0x2 Core/Src/stm32f4xx_it.o
                0x00000000080015f4                DebugMon_Handler
 .text.PendSV_Handler
                0x00000000080015f6        0x2 Core/Src/stm32f4xx_it.o
                0x00000000080015f6                PendSV_Handler
 .text.SysTick_Handler
                0x00000000080015f8        0x2 Core/Src/stm32f4xx_it.o
                0x00000000080015f8                SysTick_Handler
 *fill*         0x00000000080015fa        0x2 
 .text.TIM6_DAC_IRQHandler
                0x00000000080015fc        0xc Core/Src/stm32f4xx_it.o
                0x00000000080015fc                TIM6_DAC_IRQHandler
 .text.OTG_FS_IRQHandler
                0x0000000008001608        0xc Core/Src/stm32f4xx_it.o
                0x0000000008001608                OTG_FS_IRQHandler
 .text._read    0x0000000008001614       0x1c Core/Src/syscalls.o
                0x0000000008001614                _read
 .text._write   0x0000000008001630       0x1c Core/Src/syscalls.o
                0x0000000008001630                _write
 .text._sbrk    0x000000000800164c       0x34 Core/Src/syscalls.o
                0x000000000800164c                _sbrk
 .text._close   0x0000000008001680        0x6 Core/Src/syscalls.o
                0x0000000008001680                _close
 .text._fstat   0x0000000008001686        0xa Core/Src/syscalls.o
                0x0000000008001686                _fstat
 .text._isatty  0x0000000008001690        0x4 Core/Src/syscalls.o
                0x0000000008001690                _isatty
 .text._lseek   0x0000000008001694        0x4 Core/Src/syscalls.o
                0x0000000008001694                _lseek
 .text.SystemInit
                0x0000000008001698       0x4c Core/Src/system_stm32f4xx.o
                0x0000000008001698                SystemInit
 .text.HAL_Init
                0x00000000080016e4       0x34 Drivers/STM32F4xx_HAL_Driver/Src/stm32f4xx_hal.o
                0x00000000080016e4                HAL_Init
 .text.HAL_IncTick
                0x0000000008001718       0x18 Drivers/STM32F4xx_HAL_Driver/Src/stm32f4xx_hal.o
                0x0000000008001718                HAL_IncTick
 .text.HAL_GetTick
                0x0000000008001730        0xc Drivers/STM32F4xx_HAL_Driver/Src/stm32f4xx_hal.o
                0x0000000008001730                HAL_GetTick
 .text.HAL_Delay
                0x000000000800173c       0x28 Drivers/STM32F4xx_HAL_Driver/Src/stm32f4xx_hal.o
                0x000000000800173c                HAL_Delay
 .text.HAL_NVIC_SetPriorityGrouping
                0x0000000008001764       0x24 Drivers/STM32F4xx_HAL_Driver/Src/stm32f4xx_hal_cortex.o
                0x0000000008001764                HAL_NVIC_SetPriorityGrouping
 .text.HAL_NVIC_SetPriority
                0x0000000008001788       0x68 Drivers/STM32F4xx_HAL_Driver/Src/stm32f4xx_hal_cortex.o
                0x0000000008001788                HAL_NVIC_SetPriority
 .text.HAL_NVIC_EnableIRQ
                0x00000000080017f0       0x1c Drivers/STM32F4xx_HAL_Driver/Src/stm32f4xx_hal_cortex.o
                0x00000000080017f0                HAL_NVIC_EnableIRQ
 .text.HAL_GPIO_Init
                0x000000000800180c      0x1c0 Drivers/STM32F4xx_HAL_Driver/Src/stm32f4xx_hal_gpio.o
                0x000000000800180c                HAL_GPIO_Init
 .text.HAL_GPIO_WritePin
                0x00000000080019cc        0xa Drivers/STM32F4xx_HAL_Driver/Src/stm32f4xx_hal_gpio.o
                0x00000000080019cc                HAL_GPIO_WritePin
 .text.HAL_GPIO_TogglePin
                0x00000000080019d6        0xe Drivers/STM32F4xx_HAL_Driver/Src/stm32f4xx_hal_gpio.o
                0x00000000080019d6                HAL_GPIO_TogglePin
 .text.HAL_HCD_HC_Init
                0x00000000080019e4       0x70 Drivers/STM32F4xx_HAL_Driver/Src/stm32f4xx_hal_hcd.o
                0x00000000080019e4                HAL_HCD_HC_Init
 .text.HAL_HCD_HC_Halt
                0x0000000008001a54       0x24 Drivers/STM32F4xx_HAL_Driver/Src/stm32f4xx_hal_hcd.o
                0x0000000008001a54                HAL_HCD_HC_Halt
 .text.HAL_HCD_Init
                0x0000000008001a78       0x94 Drivers/STM32F4xx_HAL_Driver/Src/stm32f4xx_hal_hcd.o
                0x0000000008001a78                HAL_HCD_Init
 .text.HAL_HCD_HC_SubmitRequest
                0x0000000008001b0c       0xc4 Drivers/STM32F4xx_HAL_Driver/Src/stm32f4xx_hal_hcd.o
                0x0000000008001b0c                HAL_HCD_HC_SubmitRequest
 .text.HAL_HCD_IRQHandler
                0x0000000008001bd0      0x638 Drivers/STM32F4xx_HAL_Driver/Src/stm32f4xx_hal_hcd.o
                0x0000000008001bd0                HAL_HCD_IRQHandler
 .text.HAL_HCD_Start
                0x0000000008002208       0x2c Drivers/STM32F4xx_HAL_Driver/Src/stm32f4xx_hal_hcd.o
                0x0000000008002208                HAL_HCD_Start
 .text.HAL_HCD_Stop
                0x0000000008002234       0x24 Drivers/STM32F4xx_HAL_Driver/Src/stm32f4xx_hal_hcd.o
                0x0000000008002234                HAL_HCD_Stop
 .text.HAL_HCD_ResetPort
                0x0000000008002258        0x6 Drivers/STM32F4xx_HAL_Driver/Src/stm32f4xx_hal_hcd.o
                0x0000000008002258                HAL_HCD_ResetPort
 .text.HAL_HCD_HC_GetURBState
                0x000000000800225e        0xc Drivers/STM32F4xx_HAL_Driver/Src/stm32f4xx_hal_hcd.o
                0x000000000800225e                HAL_HCD_HC_GetURBState
 .text.HAL_HCD_HC_GetXferCount
                0x000000000800226a        0xa Drivers/STM32F4xx_HAL_Driver/Src/stm32f4xx_hal_hcd.o
                0x000000000800226a                HAL_HCD_HC_GetXferCount
 .text.HAL_HCD_GetCurrentFrame
                0x0000000008002274        0x6 Drivers/STM32F4xx_HAL_Driver/Src/stm32f4xx_hal_hcd.o
                0x0000000008002274                HAL_HCD_GetCurrentFrame
 .text.HAL_HCD_GetCurrentSpeed
                0x000000000800227a        0x6 Drivers/STM32F4xx_HAL_Driver/Src/stm32f4xx_hal_hcd.o
                0x000000000800227a                HAL_HCD_GetCurrentSpeed
 .text.HAL_I2C_Init
                0x0000000008002280      0x148 Drivers/STM32F4xx_HAL_Driver/Src/stm32f4xx_hal_i2c.o
                0x0000000008002280                HAL_I2C_Init
 .text.HAL_I2S_Init
                0x00000000080023c8      0x130 Drivers/STM32F4xx_HAL_Driver/Src/stm32f4xx_hal_i2s.o
                0x00000000080023c8                HAL_I2S_Init
 .text.HAL_I2S_TxCpltCallback
                0x00000000080024f8        0x2 Drivers/STM32F4xx_HAL_Driver/Src/stm32f4xx_hal_i2s.o
                0x00000000080024f8                HAL_I2S_TxCpltCallback
 .text.HAL_I2S_RxCpltCallback
                0x00000000080024fa        0x2 Drivers/STM32F4xx_HAL_Driver/Src/stm32f4xx_hal_i2s.o
                0x00000000080024fa                HAL_I2S_RxCpltCallback
 .text.HAL_I2S_ErrorCallback
                0x00000000080024fc        0x2 Drivers/STM32F4xx_HAL_Driver/Src/stm32f4xx_hal_i2s.o
                0x00000000080024fc                HAL_I2S_ErrorCallback
 .text.I2S_IRQHandler
                0x00000000080024fe       0xfa Drivers/STM32F4xx_HAL_Driver/Src/stm32f4xx_hal_i2s.o
 .text.HAL_I2SEx_TxRxCpltCallback
                0x00000000080025f8        0x2 Drivers/STM32F4xx_HAL_Driver/Src/stm32f4xx_hal_i2s_ex.o
                0x00000000080025f8                HAL_I2SEx_TxRxCpltCallback
 *fill*         0x00000000080025fa        0x2 
 .text.HAL_I2SEx_FullDuplex_IRQHandler
                0x00000000080025fc      0x23c Drivers/STM32F4xx_HAL_Driver/Src/stm32f4xx_hal_i2s_ex.o
                0x00000000080025fc                HAL_I2SEx_FullDuplex_IRQHandler
 .text.HAL_RCC_OscConfig
                0x0000000008002838      0x304 Drivers/STM32F4xx_HAL_Driver/Src/stm32f4xx_hal_rcc.o
                0x0000000008002838                HAL_RCC_OscConfig
 .text.HAL_RCC_GetSysClockFreq
                0x0000000008002b3c       0x5c Drivers/STM32F4xx_HAL_Driver/Src/stm32f4xx_hal_rcc.o
                0x0000000008002b3c                HAL_RCC_GetSysClockFreq
 .text.HAL_RCC_ClockConfig
                0x0000000008002b98      0x134 Drivers/STM32F4xx_HAL_Driver/Src/stm32f4xx_hal_rcc.o
                0x0000000008002b98                HAL_RCC_ClockConfig
 .text.HAL_RCC_GetPCLK1Freq
                0x0000000008002ccc       0x20 Drivers/STM32F4xx_HAL_Driver/Src/stm32f4xx_hal_rcc.o
                0x0000000008002ccc                HAL_RCC_GetPCLK1Freq
 .text.HAL_RCC_GetPCLK2Freq
                0x0000000008002cec       0x20 Drivers/STM32F4xx_HAL_Driver/Src/stm32f4xx_hal_rcc.o
                0x0000000008002cec                HAL_RCC_GetPCLK2Freq
 .text.HAL_RCC_GetClockConfig
                0x0000000008002d0c       0x3c Drivers/STM32F4xx_HAL_Driver/Src/stm32f4xx_hal_rcc.o
                0x0000000008002d0c                HAL_RCC_GetClockConfig
 .text.HAL_RCCEx_PeriphCLKConfig
                0x0000000008002d48      0x130 Drivers/STM32F4xx_HAL_Driver/Src/stm32f4xx_hal_rcc_ex.o
                0x0000000008002d48                HAL_RCCEx_PeriphCLKConfig
 .text.HAL_RCCEx_GetPeriphCLKFreq
                0x0000000008002e78       0x5c Drivers/STM32F4xx_HAL_Driver/Src/stm32f4xx_hal_rcc_ex.o
                0x0000000008002e78                HAL_RCCEx_GetPeriphCLKFreq
 .text.SPI_WaitFlagStateUntilTimeout.constprop.9
                0x0000000008002ed4       0x76 Drivers/STM32F4xx_HAL_Driver/Src/stm32f4xx_hal_spi.o
 *fill*         0x0000000008002f4a        0x2 
 .text.SPI_EndRxTxTransaction
                0x0000000008002f4c       0x5c Drivers/STM32F4xx_HAL_Driver/Src/stm32f4xx_hal_spi.o
 .text.HAL_SPI_Init
                0x0000000008002fa8       0x7a Drivers/STM32F4xx_HAL_Driver/Src/stm32f4xx_hal_spi.o
                0x0000000008002fa8                HAL_SPI_Init
 .text.HAL_SPI_Transmit
                0x0000000008003022      0x150 Drivers/STM32F4xx_HAL_Driver/Src/stm32f4xx_hal_spi.o
                0x0000000008003022                HAL_SPI_Transmit
 .text.HAL_SPI_TransmitReceive
                0x0000000008003172      0x1e0 Drivers/STM32F4xx_HAL_Driver/Src/stm32f4xx_hal_spi.o
                0x0000000008003172                HAL_SPI_TransmitReceive
 .text.HAL_TIM_Base_MspInit
                0x0000000008003352        0x2 Drivers/STM32F4xx_HAL_Driver/Src/stm32f4xx_hal_tim.o
                0x0000000008003352                HAL_TIM_Base_MspInit
 .text.HAL_TIM_Base_Start_IT
                0x0000000008003354       0x20 Drivers/STM32F4xx_HAL_Driver/Src/stm32f4xx_hal_tim.o
                0x0000000008003354                HAL_TIM_Base_Start_IT
 .text.HAL_TIM_OC_DelayElapsedCallback
                0x0000000008003374        0x2 Drivers/STM32F4xx_HAL_Driver/Src/stm32f4xx_hal_tim.o
                0x0000000008003374                HAL_TIM_OC_DelayElapsedCallback
 .text.HAL_TIM_IC_CaptureCallback
                0x0000000008003376        0x2 Drivers/STM32F4xx_HAL_Driver/Src/stm32f4xx_hal_tim.o
                0x0000000008003376                HAL_TIM_IC_CaptureCallback
 .text.HAL_TIM_PWM_PulseFinishedCallback
                0x0000000008003378        0x2 Drivers/STM32F4xx_HAL_Driver/Src/stm32f4xx_hal_tim.o
                0x0000000008003378                HAL_TIM_PWM_PulseFinishedCallback
 .text.HAL_TIM_TriggerCallback
                0x000000000800337a        0x2 Drivers/STM32F4xx_HAL_Driver/Src/stm32f4xx_hal_tim.o
                0x000000000800337a                HAL_TIM_TriggerCallback
 .text.HAL_TIM_IRQHandler
                0x000000000800337c      0x144 Drivers/STM32F4xx_HAL_Driver/Src/stm32f4xx_hal_tim.o
                0x000000000800337c                HAL_TIM_IRQHandler
 .text.TIM_Base_SetConfig
                0x00000000080034c0       0xcc Drivers/STM32F4xx_HAL_Driver/Src/stm32f4xx_hal_tim.o
                0x00000000080034c0                TIM_Base_SetConfig
 .text.HAL_TIM_Base_Init
                0x000000000800358c       0x34 Drivers/STM32F4xx_HAL_Driver/Src/stm32f4xx_hal_tim.o
                0x000000000800358c                HAL_TIM_Base_Init
 .text.HAL_TIMEx_CommutCallback
                0x00000000080035c0        0x2 Drivers/STM32F4xx_HAL_Driver/Src/stm32f4xx_hal_tim_ex.o
                0x00000000080035c0                HAL_TIMEx_CommutCallback
 .text.HAL_TIMEx_BreakCallback
                0x00000000080035c2        0x2 Drivers/STM32F4xx_HAL_Driver/Src/stm32f4xx_hal_tim_ex.o
                0x00000000080035c2                HAL_TIMEx_BreakCallback
 .text.UART_SetConfig
                0x00000000080035c4      0x234 Drivers/STM32F4xx_HAL_Driver/Src/stm32f4xx_hal_uart.o
 .text.HAL_UART_Init
                0x00000000080037f8       0x5c Drivers/STM32F4xx_HAL_Driver/Src/stm32f4xx_hal_uart.o
                0x00000000080037f8                HAL_UART_Init
 .text.USB_CoreReset
                0x0000000008003854       0x30 Drivers/STM32F4xx_HAL_Driver/Src/stm32f4xx_ll_usb.o
 .text.USB_CoreInit
                0x0000000008003884       0x80 Drivers/STM32F4xx_HAL_Driver/Src/stm32f4xx_ll_usb.o
                0x0000000008003884                USB_CoreInit
 .text.USB_EnableGlobalInt
                0x0000000008003904        0xc Drivers/STM32F4xx_HAL_Driver/Src/stm32f4xx_ll_usb.o
                0x0000000008003904                USB_EnableGlobalInt
 .text.USB_DisableGlobalInt
                0x0000000008003910        0xc Drivers/STM32F4xx_HAL_Driver/Src/stm32f4xx_ll_usb.o
                0x0000000008003910                USB_DisableGlobalInt
 .text.USB_SetCurrentMode
                0x000000000800391c       0x2e Drivers/STM32F4xx_HAL_Driver/Src/stm32f4xx_ll_usb.o
                0x000000000800391c                USB_SetCurrentMode
 *fill*         0x000000000800394a        0x2 
 .text.USB_FlushTxFifo
                0x000000000800394c       0x24 Drivers/STM32F4xx_HAL_Driver/Src/stm32f4xx_ll_usb.o
                0x000000000800394c                USB_FlushTxFifo
 .text.USB_FlushRxFifo
                0x0000000008003970       0x20 Drivers/STM32F4xx_HAL_Driver/Src/stm32f4xx_ll_usb.o
                0x0000000008003970                USB_FlushRxFifo
 .text.USB_WritePacket
                0x0000000008003990       0x28 Drivers/STM32F4xx_HAL_Driver/Src/stm32f4xx_ll_usb.o
                0x0000000008003990                USB_WritePacket
 .text.USB_ReadPacket
                0x00000000080039b8       0x1c Drivers/STM32F4xx_HAL_Driver/Src/stm32f4xx_ll_usb.o
                0x00000000080039b8                USB_ReadPacket
 .text.USB_ReadInterrupts
                0x00000000080039d4        0x8 Drivers/STM32F4xx_HAL_Driver/Src/stm32f4xx_ll_usb.o
                0x00000000080039d4                USB_ReadInterrupts
 .text.USB_GetMode
                0x00000000080039dc        0x8 Drivers/STM32F4xx_HAL_Driver/Src/stm32f4xx_ll_usb.o
                0x00000000080039dc                USB_GetMode
 .text.USB_InitFSLSPClkSel
                0x00000000080039e4       0x38 Drivers/STM32F4xx_HAL_Driver/Src/stm32f4xx_ll_usb.o
                0x00000000080039e4                USB_InitFSLSPClkSel
 .text.USB_ResetPort
                0x0000000008003a1c       0x3c Drivers/STM32F4xx_HAL_Driver/Src/stm32f4xx_ll_usb.o
                0x0000000008003a1c                USB_ResetPort
 .text.USB_DriveVbus
                0x0000000008003a58       0x40 Drivers/STM32F4xx_HAL_Driver/Src/stm32f4xx_ll_usb.o
                0x0000000008003a58                USB_DriveVbus
 .text.USB_HostInit
                0x0000000008003a98       0xe0 Drivers/STM32F4xx_HAL_Driver/Src/stm32f4xx_ll_usb.o
                0x0000000008003a98                USB_HostInit
 .text.USB_GetHostSpeed
                0x0000000008003b78       0x16 Drivers/STM32F4xx_HAL_Driver/Src/stm32f4xx_ll_usb.o
                0x0000000008003b78                USB_GetHostSpeed
 .text.USB_GetCurrentFrame
                0x0000000008003b8e        0xa Drivers/STM32F4xx_HAL_Driver/Src/stm32f4xx_ll_usb.o
                0x0000000008003b8e                USB_GetCurrentFrame
 .text.USB_HC_Init
                0x0000000008003b98      0x10a Drivers/STM32F4xx_HAL_Driver/Src/stm32f4xx_ll_usb.o
                0x0000000008003b98                USB_HC_Init
 .text.USB_HC_ReadInterrupt
                0x0000000008003ca2        0xa Drivers/STM32F4xx_HAL_Driver/Src/stm32f4xx_ll_usb.o
                0x0000000008003ca2                USB_HC_ReadInterrupt
 .text.USB_HC_Halt
                0x0000000008003cac       0xa4 Drivers/STM32F4xx_HAL_Driver/Src/stm32f4xx_ll_usb.o
                0x0000000008003cac                USB_HC_Halt
 .text.USB_DoPing
                0x0000000008003d50       0x24 Drivers/STM32F4xx_HAL_Driver/Src/stm32f4xx_ll_usb.o
                0x0000000008003d50                USB_DoPing
 .text.USB_HC_StartXfer
                0x0000000008003d74      0x164 Drivers/STM32F4xx_HAL_Driver/Src/stm32f4xx_ll_usb.o
                0x0000000008003d74                USB_HC_StartXfer
 .text.USB_StopHost
                0x0000000008003ed8       0x6c Drivers/STM32F4xx_HAL_Driver/Src/stm32f4xx_ll_usb.o
                0x0000000008003ed8                USB_StopHost
 .text.USBH_CDC_SOFProcess
                0x0000000008003f44        0x4 Middlewares/ST/STM32_USB_Host_Library/Class/CDC/Src/usbh_cdc.o
 .text.USBH_CDC_InterfaceDeInit
                0x0000000008003f48       0x62 Middlewares/ST/STM32_USB_Host_Library/Class/CDC/Src/usbh_cdc.o
 .text.USBH_CDC_InterfaceInit
                0x0000000008003faa      0x12a Middlewares/ST/STM32_USB_Host_Library/Class/CDC/Src/usbh_cdc.o
 .text.USBH_CDC_ClassRequest
                0x00000000080040d4       0x34 Middlewares/ST/STM32_USB_Host_Library/Class/CDC/Src/usbh_cdc.o
 .text.USBH_CDC_TransmitCallback
                0x0000000008004108        0x2 Middlewares/ST/STM32_USB_Host_Library/Class/CDC/Src/usbh_cdc.o
                0x0000000008004108                USBH_CDC_TransmitCallback
 .text.USBH_CDC_ReceiveCallback
                0x000000000800410a        0x2 Middlewares/ST/STM32_USB_Host_Library/Class/CDC/Src/usbh_cdc.o
                0x000000000800410a                USBH_CDC_ReceiveCallback
 .text.USBH_CDC_LineCodingChanged
                0x000000000800410c        0x2 Middlewares/ST/STM32_USB_Host_Library/Class/CDC/Src/usbh_cdc.o
                0x000000000800410c                USBH_CDC_LineCodingChanged
 .text.USBH_CDC_Process
                0x000000000800410e      0x172 Middlewares/ST/STM32_USB_Host_Library/Class/CDC/Src/usbh_cdc.o
 .text.DeInitStateMachine
                0x0000000008004280       0x44 Middlewares/ST/STM32_USB_Host_Library/Core/Src/usbh_core.o
 .text.USBH_Init
                0x00000000080042c4       0x2e Middlewares/ST/STM32_USB_Host_Library/Core/Src/usbh_core.o
                0x00000000080042c4                USBH_Init
 .text.USBH_RegisterClass
                0x00000000080042f2       0x1a Middlewares/ST/STM32_USB_Host_Library/Core/Src/usbh_core.o
                0x00000000080042f2                USBH_RegisterClass
 .text.USBH_SelectInterface
                0x000000000800430c       0x12 Middlewares/ST/STM32_USB_Host_Library/Core/Src/usbh_core.o
                0x000000000800430c                USBH_SelectInterface
 .text.USBH_FindInterface
                0x000000000800431e       0x3a Middlewares/ST/STM32_USB_Host_Library/Core/Src/usbh_core.o
                0x000000000800431e                USBH_FindInterface
 .text.USBH_Start
                0x0000000008004358       0x14 Middlewares/ST/STM32_USB_Host_Library/Core/Src/usbh_core.o
                0x0000000008004358                USBH_Start
 .text.USBH_Process
                0x000000000800436c      0x28a Middlewares/ST/STM32_USB_Host_Library/Core/Src/usbh_core.o
                0x000000000800436c                USBH_Process
 .text.USBH_LL_SetTimer
                0x00000000080045f6        0x6 Middlewares/ST/STM32_USB_Host_Library/Core/Src/usbh_core.o
                0x00000000080045f6                USBH_LL_SetTimer
 .text.USBH_LL_IncTimer
                0x00000000080045fc       0x1c Middlewares/ST/STM32_USB_Host_Library/Core/Src/usbh_core.o
                0x00000000080045fc                USBH_LL_IncTimer
 .text.USBH_LL_PortEnabled
                0x0000000008004618        0x8 Middlewares/ST/STM32_USB_Host_Library/Core/Src/usbh_core.o
                0x0000000008004618                USBH_LL_PortEnabled
 .text.USBH_LL_PortDisabled
                0x0000000008004620        0x8 Middlewares/ST/STM32_USB_Host_Library/Core/Src/usbh_core.o
                0x0000000008004620                USBH_LL_PortDisabled
 .text.USBH_LL_Connect
                0x0000000008004628       0x28 Middlewares/ST/STM32_USB_Host_Library/Core/Src/usbh_core.o
                0x0000000008004628                USBH_LL_Connect
 .text.USBH_LL_Disconnect
                0x0000000008004650       0x38 Middlewares/ST/STM32_USB_Host_Library/Core/Src/usbh_core.o
                0x0000000008004650                USBH_LL_Disconnect
 .text.USBH_CtlReq
                0x0000000008004688      0x182 Middlewares/ST/STM32_USB_Host_Library/Core/Src/usbh_ctlreq.o
                0x0000000008004688                USBH_CtlReq
 .text.USBH_GetDescriptor
                0x000000000800480a       0x38 Middlewares/ST/STM32_USB_Host_Library/Core/Src/usbh_ctlreq.o
                0x000000000800480a                USBH_GetDescriptor
 .text.USBH_Get_DevDesc
                0x0000000008004842       0x90 Middlewares/ST/STM32_USB_Host_Library/Core/Src/usbh_ctlreq.o
                0x0000000008004842                USBH_Get_DevDesc
 .text.USBH_Get_CfgDesc
                0x00000000080048d2      0x11c Middlewares/ST/STM32_USB_Host_Library/Core/Src/usbh_ctlreq.o
                0x00000000080048d2                USBH_Get_CfgDesc
 .text.USBH_Get_StringDesc
                0x00000000080049ee       0x4e Middlewares/ST/STM32_USB_Host_Library/Core/Src/usbh_ctlreq.o
                0x00000000080049ee                USBH_Get_StringDesc
 .text.USBH_SetAddress
                0x0000000008004a3c       0x1c Middlewares/ST/STM32_USB_Host_Library/Core/Src/usbh_ctlreq.o
                0x0000000008004a3c                USBH_SetAddress
 .text.USBH_SetCfg
                0x0000000008004a58       0x1c Middlewares/ST/STM32_USB_Host_Library/Core/Src/usbh_ctlreq.o
                0x0000000008004a58                USBH_SetCfg
 .text.USBH_SetFeature
                0x0000000008004a74       0x1c Middlewares/ST/STM32_USB_Host_Library/Core/Src/usbh_ctlreq.o
                0x0000000008004a74                USBH_SetFeature
 .text.USBH_ClrFeature
                0x0000000008004a90       0x1c Middlewares/ST/STM32_USB_Host_Library/Core/Src/usbh_ctlreq.o
                0x0000000008004a90                USBH_ClrFeature
 .text.USBH_CtlSendSetup
                0x0000000008004aac       0x22 Middlewares/ST/STM32_USB_Host_Library/Core/Src/usbh_ioreq.o
                0x0000000008004aac                USBH_CtlSendSetup
 .text.USBH_CtlSendData
                0x0000000008004ace       0x2e Middlewares/ST/STM32_USB_Host_Library/Core/Src/usbh_ioreq.o
                0x0000000008004ace                USBH_CtlSendData
 .text.USBH_CtlReceiveData
                0x0000000008004afc       0x20 Middlewares/ST/STM32_USB_Host_Library/Core/Src/usbh_ioreq.o
                0x0000000008004afc                USBH_CtlReceiveData
 .text.USBH_BulkSendData
                0x0000000008004b1c       0x2e Middlewares/ST/STM32_USB_Host_Library/Core/Src/usbh_ioreq.o
                0x0000000008004b1c                USBH_BulkSendData
 .text.USBH_BulkReceiveData
                0x0000000008004b4a       0x20 Middlewares/ST/STM32_USB_Host_Library/Core/Src/usbh_ioreq.o
                0x0000000008004b4a                USBH_BulkReceiveData
 .text.USBH_OpenPipe
                0x0000000008004b6a       0x1e Middlewares/ST/STM32_USB_Host_Library/Core/Src/usbh_pipes.o
                0x0000000008004b6a                USBH_OpenPipe
 .text.USBH_ClosePipe
                0x0000000008004b88        0xa Middlewares/ST/STM32_USB_Host_Library/Core/Src/usbh_pipes.o
                0x0000000008004b88                USBH_ClosePipe
 .text.USBH_AllocPipe
                0x0000000008004b92       0x2e Middlewares/ST/STM32_USB_Host_Library/Core/Src/usbh_pipes.o
                0x0000000008004b92                USBH_AllocPipe
 .text.USBH_FreePipe
                0x0000000008004bc0       0x18 Middlewares/ST/STM32_USB_Host_Library/Core/Src/usbh_pipes.o
                0x0000000008004bc0                USBH_FreePipe
 .text.event_handler_duracao
                0x0000000008004bd8       0x30 Simulacare/src/main.o
 .text.event_handler_bpm
                0x0000000008004c08       0x30 Simulacare/src/main.o
 .text.btn_event_btn5
                0x0000000008004c38       0x60 Simulacare/src/main.o
 .text.btn_event_btn4
                0x0000000008004c98       0x40 Simulacare/src/main.o
 .text.btn_event_pausa
                0x0000000008004cd8       0x40 Simulacare/src/main.o
 .text.btn_event_inicio
                0x0000000008004d18       0x40 Simulacare/src/main.o
 .text.btn_event_home
                0x0000000008004d58       0x40 Simulacare/src/main.o
 .text.simulacare
                0x0000000008004d98      0x870 Simulacare/src/main.o
                0x0000000008004d98                simulacare
 .text.USBH_UserProcess
                0x0000000008005608       0x24 USB_HOST/App/usb_host.o
 .text.MX_USB_HOST_Init
                0x000000000800562c       0x40 USB_HOST/App/usb_host.o
                0x000000000800562c                MX_USB_HOST_Init
 .text.MX_USB_HOST_Process
                0x000000000800566c        0xc USB_HOST/App/usb_host.o
                0x000000000800566c                MX_USB_HOST_Process
 .text.HAL_HCD_MspInit
                0x0000000008005678       0x90 USB_HOST/Target/usbh_conf.o
                0x0000000008005678                HAL_HCD_MspInit
 .text.HAL_HCD_SOF_Callback
                0x0000000008005708        0x8 USB_HOST/Target/usbh_conf.o
                0x0000000008005708                HAL_HCD_SOF_Callback
 .text.HAL_HCD_Connect_Callback
                0x0000000008005710        0x8 USB_HOST/Target/usbh_conf.o
                0x0000000008005710                HAL_HCD_Connect_Callback
 .text.HAL_HCD_Disconnect_Callback
                0x0000000008005718        0x8 USB_HOST/Target/usbh_conf.o
                0x0000000008005718                HAL_HCD_Disconnect_Callback
 .text.HAL_HCD_HC_NotifyURBChange_Callback
                0x0000000008005720        0x2 USB_HOST/Target/usbh_conf.o
                0x0000000008005720                HAL_HCD_HC_NotifyURBChange_Callback
 .text.HAL_HCD_PortEnabled_Callback
                0x0000000008005722        0x8 USB_HOST/Target/usbh_conf.o
                0x0000000008005722                HAL_HCD_PortEnabled_Callback
 .text.HAL_HCD_PortDisabled_Callback
                0x000000000800572a        0x8 USB_HOST/Target/usbh_conf.o
                0x000000000800572a                HAL_HCD_PortDisabled_Callback
 *fill*         0x0000000008005732        0x2 
 .text.USBH_LL_Init
                0x0000000008005734       0x4c USB_HOST/Target/usbh_conf.o
                0x0000000008005734                USBH_LL_Init
 .text.USBH_LL_Start
                0x0000000008005780       0x1c USB_HOST/Target/usbh_conf.o
                0x0000000008005780                USBH_LL_Start
 .text.USBH_LL_Stop
                0x000000000800579c       0x1c USB_HOST/Target/usbh_conf.o
                0x000000000800579c                USBH_LL_Stop
 .text.USBH_LL_GetSpeed
                0x00000000080057b8       0x1c USB_HOST/Target/usbh_conf.o
                0x00000000080057b8                USBH_LL_GetSpeed
 .text.USBH_LL_ResetPort
                0x00000000080057d4       0x1c USB_HOST/Target/usbh_conf.o
                0x00000000080057d4                USBH_LL_ResetPort
 .text.USBH_LL_GetLastXferSize
                0x00000000080057f0        0x8 USB_HOST/Target/usbh_conf.o
                0x00000000080057f0                USBH_LL_GetLastXferSize
 .text.USBH_LL_OpenPipe
                0x00000000080057f8       0x30 USB_HOST/Target/usbh_conf.o
                0x00000000080057f8                USBH_LL_OpenPipe
 .text.USBH_LL_ClosePipe
                0x0000000008005828       0x1c USB_HOST/Target/usbh_conf.o
                0x0000000008005828                USBH_LL_ClosePipe
 .text.USBH_LL_SubmitURB
                0x0000000008005844       0x34 USB_HOST/Target/usbh_conf.o
                0x0000000008005844                USBH_LL_SubmitURB
 .text.USBH_LL_GetURBState
                0x0000000008005878        0x8 USB_HOST/Target/usbh_conf.o
                0x0000000008005878                USBH_LL_GetURBState
 .text.USBH_LL_DriverVBUS
                0x0000000008005880       0x1a USB_HOST/Target/usbh_conf.o
                0x0000000008005880                USBH_LL_DriverVBUS
 .text.USBH_LL_SetToggle
                0x000000000800589a       0x1e USB_HOST/Target/usbh_conf.o
                0x000000000800589a                USBH_LL_SetToggle
 .text.USBH_Delay
                0x00000000080058b8        0x4 USB_HOST/Target/usbh_conf.o
                0x00000000080058b8                USBH_Delay
 .text.MX_DriverVbusFS
                0x00000000080058bc       0x14 USB_HOST/Target/usbh_platform.o
                0x00000000080058bc                MX_DriverVbusFS
 .text.ssd1963_cmd_mode
                0x00000000080058d0       0x10 lv_drivers/display/SSD1963.o
 .text.ssd1963_data_mode
                0x00000000080058e0       0x10 lv_drivers/display/SSD1963.o
 .text.ssd1963_init
                0x00000000080058f0      0x15c lv_drivers/display/SSD1963.o
                0x00000000080058f0                ssd1963_init
 .text.ssd1963_flush
                0x0000000008005a4c       0xd6 lv_drivers/display/SSD1963.o
                0x0000000008005a4c                ssd1963_flush
 *fill*         0x0000000008005b22        0x2 
 .text.xpt2046_read
                0x0000000008005b24       0xec lv_drivers/indev/XPT2046.o
                0x0000000008005b24                xpt2046_read
 .text.lv_disp_get_scr_act
                0x0000000008005c10        0xe lvgl/src/lv_core/lv_disp.o
                0x0000000008005c10                lv_disp_get_scr_act
 .text.lv_disp_load_scr
                0x0000000008005c1e       0x14 lvgl/src/lv_core/lv_disp.o
                0x0000000008005c1e                lv_disp_load_scr
 .text.lv_disp_get_layer_top
                0x0000000008005c32        0xe lvgl/src/lv_core/lv_disp.o
                0x0000000008005c32                lv_disp_get_layer_top
 .text.lv_disp_get_layer_sys
                0x0000000008005c40        0xe lvgl/src/lv_core/lv_disp.o
                0x0000000008005c40                lv_disp_get_layer_sys
 .text.obj_to_foreground
                0x0000000008005c4e       0x26 lvgl/src/lv_core/lv_group.o
 .text.focus_next_core.part.1
                0x0000000008005c74       0xd6 lvgl/src/lv_core/lv_group.o
 *fill*         0x0000000008005d4a        0x2 
 .text.lv_group_init
                0x0000000008005d4c        0xc lvgl/src/lv_core/lv_group.o
                0x0000000008005d4c                lv_group_init
 .text.lv_group_focus_next
                0x0000000008005d58       0x1c lvgl/src/lv_core/lv_group.o
                0x0000000008005d58                lv_group_focus_next
 .text.lv_group_focus_prev
                0x0000000008005d74       0x1c lvgl/src/lv_core/lv_group.o
                0x0000000008005d74                lv_group_focus_prev
 .text.lv_group_refocus
                0x0000000008005d90       0x30 lvgl/src/lv_core/lv_group.o
 .text.lv_group_add_obj
                0x0000000008005dc0       0x56 lvgl/src/lv_core/lv_group.o
                0x0000000008005dc0                lv_group_add_obj
 .text.lv_group_mod_style
                0x0000000008005e16       0x26 lvgl/src/lv_core/lv_group.o
                0x0000000008005e16                lv_group_mod_style
 .text.lv_group_get_focused
                0x0000000008005e3c        0xa lvgl/src/lv_core/lv_group.o
                0x0000000008005e3c                lv_group_get_focused
 .text.lv_group_send_data
                0x0000000008005e46       0x2a lvgl/src/lv_core/lv_group.o
                0x0000000008005e46                lv_group_send_data
 .text.lv_group_set_editing
                0x0000000008005e70       0x44 lvgl/src/lv_core/lv_group.o
                0x0000000008005e70                lv_group_set_editing
 .text.lv_group_focus_obj
                0x0000000008005eb4       0x94 lvgl/src/lv_core/lv_group.o
                0x0000000008005eb4                lv_group_focus_obj
 .text.lv_group_get_editing
                0x0000000008005f48        0xc lvgl/src/lv_core/lv_group.o
                0x0000000008005f48                lv_group_get_editing
 .text.lv_group_get_click_focus
                0x0000000008005f54        0xc lvgl/src/lv_core/lv_group.o
                0x0000000008005f54                lv_group_get_click_focus
 .text.indev_reset_check
                0x0000000008005f60       0x1c lvgl/src/lv_core/lv_indev.o
 .text.indev_search_obj
                0x0000000008005f7c       0x60 lvgl/src/lv_core/lv_indev.o
 .text.indev_proc_press
                0x0000000008005fdc      0x448 lvgl/src/lv_core/lv_indev.o
 .text.indev_proc_release
                0x0000000008006424      0x358 lvgl/src/lv_core/lv_indev.o
 .text.indev_proc_reset_query_handler
                0x000000000800677c       0x44 lvgl/src/lv_core/lv_indev.o
 .text.lv_indev_reset.part.1
                0x00000000080067c0       0x1a lvgl/src/lv_core/lv_indev.o
 .text.lv_indev_init
                0x00000000080067da        0x4 lvgl/src/lv_core/lv_indev.o
                0x00000000080067da                lv_indev_init
 *fill*         0x00000000080067de        0x2 
 .text.lv_indev_read_task
                0x00000000080067e0      0x5a8 lvgl/src/lv_core/lv_indev.o
                0x00000000080067e0                lv_indev_read_task
 .text.lv_indev_get_act
                0x0000000008006d88        0xc lvgl/src/lv_core/lv_indev.o
                0x0000000008006d88                lv_indev_get_act
 .text.lv_indev_get_type
                0x0000000008006d94        0x6 lvgl/src/lv_core/lv_indev.o
                0x0000000008006d94                lv_indev_get_type
 .text.lv_indev_get_point
                0x0000000008006d9a       0x20 lvgl/src/lv_core/lv_indev.o
                0x0000000008006d9a                lv_indev_get_point
 .text.lv_indev_is_dragging
                0x0000000008006dba       0x1a lvgl/src/lv_core/lv_indev.o
                0x0000000008006dba                lv_indev_is_dragging
 .text.refresh_children_position
                0x0000000008006dd4       0x4e lvgl/src/lv_core/lv_obj.o
 *fill*         0x0000000008006e22        0x2 
 .text.lv_init  0x0000000008006e24       0x58 lvgl/src/lv_core/lv_obj.o
                0x0000000008006e24                lv_init
 .text.lv_obj_set_click
                0x0000000008006e7c        0xe lvgl/src/lv_core/lv_obj.o
                0x0000000008006e7c                lv_obj_set_click
 .text.lv_obj_set_protect
                0x0000000008006e8a        0xc lvgl/src/lv_core/lv_obj.o
                0x0000000008006e8a                lv_obj_set_protect
 .text.lv_obj_clear_protect
                0x0000000008006e96        0xe lvgl/src/lv_core/lv_obj.o
                0x0000000008006e96                lv_obj_clear_protect
 .text.lv_obj_set_event_cb
                0x0000000008006ea4        0x4 lvgl/src/lv_core/lv_obj.o
                0x0000000008006ea4                lv_obj_set_event_cb
 .text.lv_event_send_func
                0x0000000008006ea8       0x88 lvgl/src/lv_core/lv_obj.o
                0x0000000008006ea8                lv_event_send_func
 .text.lv_event_send
                0x0000000008006f30       0x12 lvgl/src/lv_core/lv_obj.o
                0x0000000008006f30                lv_event_send
 .text.lv_obj_set_signal_cb
                0x0000000008006f42        0x4 lvgl/src/lv_core/lv_obj.o
                0x0000000008006f42                lv_obj_set_signal_cb
 .text.lv_obj_set_design_cb
                0x0000000008006f46        0x4 lvgl/src/lv_core/lv_obj.o
                0x0000000008006f46                lv_obj_set_design_cb
 .text.lv_obj_allocate_ext_attr
                0x0000000008006f4a        0xe lvgl/src/lv_core/lv_obj.o
                0x0000000008006f4a                lv_obj_allocate_ext_attr
 .text.lv_obj_get_disp
                0x0000000008006f58       0x4c lvgl/src/lv_core/lv_obj.o
                0x0000000008006f58                lv_obj_get_disp
 .text.lv_obj_invalidate
                0x0000000008006fa4       0xa0 lvgl/src/lv_core/lv_obj.o
                0x0000000008006fa4                lv_obj_invalidate
 .text.lv_obj_move_foreground
                0x0000000008007044       0x3a lvgl/src/lv_core/lv_obj.o
                0x0000000008007044                lv_obj_move_foreground
 .text.lv_obj_set_pos
                0x000000000800707e       0x86 lvgl/src/lv_core/lv_obj.o
                0x000000000800707e                lv_obj_set_pos
 .text.lv_obj_set_x
                0x0000000008007104       0x14 lvgl/src/lv_core/lv_obj.o
                0x0000000008007104                lv_obj_set_x
 .text.lv_obj_set_y
                0x0000000008007118       0x10 lvgl/src/lv_core/lv_obj.o
                0x0000000008007118                lv_obj_set_y
 .text.lv_obj_align
                0x0000000008007128      0x282 lvgl/src/lv_core/lv_obj.o
                0x0000000008007128                lv_obj_align
 .text.lv_obj_align_origo
                0x00000000080073aa      0x196 lvgl/src/lv_core/lv_obj.o
                0x00000000080073aa                lv_obj_align_origo
 .text.lv_obj_realign
                0x0000000008007540       0x2a lvgl/src/lv_core/lv_obj.o
                0x0000000008007540                lv_obj_realign
 *fill*         0x000000000800756a        0x2 
 .text.lv_obj_create
                0x000000000800756c      0x290 lvgl/src/lv_core/lv_obj.o
                0x000000000800756c                lv_obj_create
 .text.lv_obj_set_size
                0x00000000080077fc       0x94 lvgl/src/lv_core/lv_obj.o
                0x00000000080077fc                lv_obj_set_size
 .text.lv_obj_set_width
                0x0000000008007890        0xe lvgl/src/lv_core/lv_obj.o
                0x0000000008007890                lv_obj_set_width
 .text.lv_obj_set_height
                0x000000000800789e       0x10 lvgl/src/lv_core/lv_obj.o
                0x000000000800789e                lv_obj_set_height
 .text.lv_obj_refresh_style
                0x00000000080078ae       0x1c lvgl/src/lv_core/lv_obj.o
                0x00000000080078ae                lv_obj_refresh_style
 .text.lv_obj_refresh_ext_draw_pad
                0x00000000080078ca       0x18 lvgl/src/lv_core/lv_obj.o
                0x00000000080078ca                lv_obj_refresh_ext_draw_pad
 .text.lv_obj_get_parent
                0x00000000080078e2        0x4 lvgl/src/lv_core/lv_obj.o
                0x00000000080078e2                lv_obj_get_parent
 .text.lv_obj_get_child
                0x00000000080078e6        0xc lvgl/src/lv_core/lv_obj.o
                0x00000000080078e6                lv_obj_get_child
 .text.refresh_children_style
                0x00000000080078f2       0x38 lvgl/src/lv_core/lv_obj.o
 .text.lv_obj_set_style
                0x000000000800792a       0x14 lvgl/src/lv_core/lv_obj.o
                0x000000000800792a                lv_obj_set_style
 .text.lv_obj_get_coords
                0x000000000800793e        0xc lvgl/src/lv_core/lv_obj.o
                0x000000000800793e                lv_obj_get_coords
 .text.lv_obj_get_x
                0x000000000800794a        0xc lvgl/src/lv_core/lv_obj.o
                0x000000000800794a                lv_obj_get_x
 .text.lv_obj_get_y
                0x0000000008007956        0xc lvgl/src/lv_core/lv_obj.o
                0x0000000008007956                lv_obj_get_y
 .text.lv_obj_get_width
                0x0000000008007962        0xc lvgl/src/lv_core/lv_obj.o
                0x0000000008007962                lv_obj_get_width
 .text.lv_obj_get_height
                0x000000000800796e        0xc lvgl/src/lv_core/lv_obj.o
                0x000000000800796e                lv_obj_get_height
 .text.lv_obj_get_auto_realign
                0x000000000800797a        0xa lvgl/src/lv_core/lv_obj.o
                0x000000000800797a                lv_obj_get_auto_realign
 .text.lv_obj_get_style
                0x0000000008007984       0x58 lvgl/src/lv_core/lv_obj.o
                0x0000000008007984                lv_obj_get_style
 .text.lv_obj_signal
                0x00000000080079dc       0x4c lvgl/src/lv_core/lv_obj.o
 .text.lv_obj_get_width_fit
                0x0000000008007a28       0x1c lvgl/src/lv_core/lv_obj.o
                0x0000000008007a28                lv_obj_get_width_fit
 .text.lv_obj_get_hidden
                0x0000000008007a44        0xa lvgl/src/lv_core/lv_obj.o
                0x0000000008007a44                lv_obj_get_hidden
 .text.lv_obj_get_click
                0x0000000008007a4e        0xa lvgl/src/lv_core/lv_obj.o
                0x0000000008007a4e                lv_obj_get_click
 .text.lv_obj_get_drag
                0x0000000008007a58        0xa lvgl/src/lv_core/lv_obj.o
                0x0000000008007a58                lv_obj_get_drag
 .text.lv_obj_get_drag_dir
                0x0000000008007a62        0xa lvgl/src/lv_core/lv_obj.o
                0x0000000008007a62                lv_obj_get_drag_dir
 .text.lv_obj_get_drag_throw
                0x0000000008007a6c        0xa lvgl/src/lv_core/lv_obj.o
                0x0000000008007a6c                lv_obj_get_drag_throw
 .text.lv_obj_get_drag_parent
                0x0000000008007a76        0xa lvgl/src/lv_core/lv_obj.o
                0x0000000008007a76                lv_obj_get_drag_parent
 .text.lv_obj_get_opa_scale
                0x0000000008007a80       0x18 lvgl/src/lv_core/lv_obj.o
                0x0000000008007a80                lv_obj_get_opa_scale
 .text.lv_obj_design
                0x0000000008007a98       0xa2 lvgl/src/lv_core/lv_obj.o
 .text.lv_obj_is_protected
                0x0000000008007b3a        0xe lvgl/src/lv_core/lv_obj.o
                0x0000000008007b3a                lv_obj_is_protected
 .text.lv_obj_get_signal_cb
                0x0000000008007b48        0x4 lvgl/src/lv_core/lv_obj.o
                0x0000000008007b48                lv_obj_get_signal_cb
 .text.lv_obj_get_design_cb
                0x0000000008007b4c        0x4 lvgl/src/lv_core/lv_obj.o
                0x0000000008007b4c                lv_obj_get_design_cb
 .text.lv_obj_get_ext_attr
                0x0000000008007b50        0x4 lvgl/src/lv_core/lv_obj.o
                0x0000000008007b50                lv_obj_get_ext_attr
 .text.lv_obj_get_group
                0x0000000008007b54        0x4 lvgl/src/lv_core/lv_obj.o
                0x0000000008007b54                lv_obj_get_group
 .text.lv_obj_is_focused
                0x0000000008007b58       0x14 lvgl/src/lv_core/lv_obj.o
                0x0000000008007b58                lv_obj_is_focused
 .text.lv_refr_vdb_flush
                0x0000000008007b6c       0x48 lvgl/src/lv_core/lv_refr.o
 .text.lv_refr_get_top_obj
                0x0000000008007bb4       0x64 lvgl/src/lv_core/lv_refr.o
 .text.lv_refr_obj
                0x0000000008007c18       0xda lvgl/src/lv_core/lv_refr.o
 *fill*         0x0000000008007cf2        0x2 
 .text.lv_refr_obj_and_children
                0x0000000008007cf4       0x58 lvgl/src/lv_core/lv_refr.o
 .text.lv_refr_area_part
                0x0000000008007d4c       0x68 lvgl/src/lv_core/lv_refr.o
 .text.lv_refr_init
                0x0000000008007db4        0x2 lvgl/src/lv_core/lv_refr.o
                0x0000000008007db4                lv_refr_init
 .text.lv_inv_area
                0x0000000008007db6       0xb6 lvgl/src/lv_core/lv_refr.o
                0x0000000008007db6                lv_inv_area
 .text.lv_refr_get_disp_refreshing
                0x0000000008007e6c        0xc lvgl/src/lv_core/lv_refr.o
                0x0000000008007e6c                lv_refr_get_disp_refreshing
 .text.lv_disp_refr_task
                0x0000000008007e78      0x36c lvgl/src/lv_core/lv_refr.o
                0x0000000008007e78                lv_disp_refr_task
 .text.lv_style_copy
                0x00000000080081e4        0x6 lvgl/src/lv_core/lv_style.o
                0x00000000080081e4                lv_style_copy
 *fill*         0x00000000080081ea        0x2 
 .text.lv_style_init
                0x00000000080081ec      0x4b4 lvgl/src/lv_core/lv_style.o
                0x00000000080081ec                lv_style_init
 .text.lv_draw_get_buf
                0x00000000080086a0       0x3c lvgl/src/lv_draw/lv_draw.o
                0x00000000080086a0                lv_draw_get_buf
 .text.lv_draw_free_buf
                0x00000000080086dc       0x20 lvgl/src/lv_draw/lv_draw.o
                0x00000000080086dc                lv_draw_free_buf
 .text.lv_draw_aa_get_opa
                0x00000000080086fc       0x2c lvgl/src/lv_draw/lv_draw.o
                0x00000000080086fc                lv_draw_aa_get_opa
 .text.lv_color_mix.isra.0
                0x0000000008008728       0x4c lvgl/src/lv_draw/lv_draw_basic.o
 .text.sw_color_fill
                0x0000000008008774      0x182 lvgl/src/lv_draw/lv_draw_basic.o
 .text.lv_draw_px
                0x00000000080088f6       0xae lvgl/src/lv_draw/lv_draw_basic.o
                0x00000000080088f6                lv_draw_px
 .text.lv_draw_fill
                0x00000000080089a4      0x19c lvgl/src/lv_draw/lv_draw_basic.o
                0x00000000080089a4                lv_draw_fill
 .text.lv_draw_letter
                0x0000000008008b40      0x35c lvgl/src/lv_draw/lv_draw_basic.o
                0x0000000008008b40                lv_draw_letter
 .text.lv_draw_map
                0x0000000008008e9c      0x2ee lvgl/src/lv_draw/lv_draw_basic.o
                0x0000000008008e9c                lv_draw_map
 *fill*         0x000000000800918a        0x2 
 .text.lv_img_color_format_get_px_size
                0x000000000800918c       0x14 lvgl/src/lv_draw/lv_draw_img.o
                0x000000000800918c                lv_img_color_format_get_px_size
 .text.lv_img_color_format_is_chroma_keyed
                0x00000000080091a0       0x1a lvgl/src/lv_draw/lv_draw_img.o
                0x00000000080091a0                lv_img_color_format_is_chroma_keyed
 .text.lv_img_color_format_has_alpha
                0x00000000080091ba       0x20 lvgl/src/lv_draw/lv_draw_img.o
                0x00000000080091ba                lv_img_color_format_has_alpha
 *fill*         0x00000000080091da        0x2 
 .text.lv_draw_img
                0x00000000080091dc      0x1b0 lvgl/src/lv_draw/lv_draw_img.o
                0x00000000080091dc                lv_draw_img
 .text.lv_img_src_get_type
                0x000000000800938c       0x20 lvgl/src/lv_draw/lv_draw_img.o
                0x000000000800938c                lv_img_src_get_type
 .text.hex_char_to_num
                0x00000000080093ac       0x2c lvgl/src/lv_draw/lv_draw_label.o
 .text.lv_draw_label
                0x00000000080093d8      0x44c lvgl/src/lv_draw/lv_draw_label.o
                0x00000000080093d8                lv_draw_label
 .text.lv_draw_cont_radius_corr
                0x0000000008009824       0x36 lvgl/src/lv_draw/lv_draw_rect.o
 .text.lv_color_mix.isra.0
                0x000000000800985a       0x4c lvgl/src/lv_draw/lv_draw_rect.o
 *fill*         0x00000000080098a6        0x2 
 .text.antialias_get_opa_circ
                0x00000000080098a8       0x44 lvgl/src/lv_draw/lv_draw_rect.o
 .text.lv_draw_rect
                0x00000000080098ec     0x1f1e lvgl/src/lv_draw/lv_draw_rect.o
                0x00000000080098ec                lv_draw_rect
 *fill*         0x000000000800b80a        0x2 
 .text.lv_img_cache_open
                0x000000000800b80c       0xe0 lvgl/src/lv_draw/lv_img_cache.o
                0x000000000800b80c                lv_img_cache_open
 .text.lv_img_cache_invalidate_src
                0x000000000800b8ec       0x4c lvgl/src/lv_draw/lv_img_cache.o
                0x000000000800b8ec                lv_img_cache_invalidate_src
 .text.lv_img_cache_set_size
                0x000000000800b938       0x60 lvgl/src/lv_draw/lv_img_cache.o
                0x000000000800b938                lv_img_cache_set_size
 .text.lv_img_decoder_built_in_close
                0x000000000800b998       0x2a lvgl/src/lv_draw/lv_img_decoder.o
                0x000000000800b998                lv_img_decoder_built_in_close
 *fill*         0x000000000800b9c2        0x2 
 .text.lv_img_decoder_built_in_open
                0x000000000800b9c4      0x10c lvgl/src/lv_draw/lv_img_decoder.o
                0x000000000800b9c4                lv_img_decoder_built_in_open
 .text.lv_img_decoder_built_in_line_alpha
                0x000000000800bad0      0x1a0 lvgl/src/lv_draw/lv_img_decoder.o
 .text.lv_img_decoder_built_in_line_indexed
                0x000000000800bc70      0x132 lvgl/src/lv_draw/lv_img_decoder.o
 .text.lv_img_decoder_built_in_info
                0x000000000800bda2       0x9e lvgl/src/lv_draw/lv_img_decoder.o
                0x000000000800bda2                lv_img_decoder_built_in_info
 .text.lv_img_decoder_built_in_read_line
                0x000000000800be40       0x9e lvgl/src/lv_draw/lv_img_decoder.o
                0x000000000800be40                lv_img_decoder_built_in_read_line
 *fill*         0x000000000800bede        0x2 
 .text.lv_img_decoder_get_info
                0x000000000800bee0       0x48 lvgl/src/lv_draw/lv_img_decoder.o
                0x000000000800bee0                lv_img_decoder_get_info
 .text.lv_img_decoder_open
                0x000000000800bf28       0x7c lvgl/src/lv_draw/lv_img_decoder.o
                0x000000000800bf28                lv_img_decoder_open
 .text.lv_img_decoder_read_line
                0x000000000800bfa4       0x20 lvgl/src/lv_draw/lv_img_decoder.o
                0x000000000800bfa4                lv_img_decoder_read_line
 .text.lv_img_decoder_close
                0x000000000800bfc4        0xe lvgl/src/lv_draw/lv_img_decoder.o
                0x000000000800bfc4                lv_img_decoder_close
 *fill*         0x000000000800bfd2        0x2 
 .text.lv_img_decoder_create
                0x000000000800bfd4       0x20 lvgl/src/lv_draw/lv_img_decoder.o
                0x000000000800bfd4                lv_img_decoder_create
 .text.lv_img_decoder_init
                0x000000000800bff4       0x38 lvgl/src/lv_draw/lv_img_decoder.o
                0x000000000800bff4                lv_img_decoder_init
 .text.lv_font_get_glyph_bitmap
                0x000000000800c02c        0x4 lvgl/src/lv_font/lv_font.o
                0x000000000800c02c                lv_font_get_glyph_bitmap
 .text.lv_font_get_glyph_dsc
                0x000000000800c030        0xc lvgl/src/lv_font/lv_font.o
                0x000000000800c030                lv_font_get_glyph_dsc
 .text.lv_font_get_glyph_width
                0x000000000800c03c       0x18 lvgl/src/lv_font/lv_font.o
                0x000000000800c03c                lv_font_get_glyph_width
 .text.kern_pair_8_compare
                0x000000000800c054       0x12 lvgl/src/lv_font/lv_font_fmt_txt.o
 .text.kern_pair_16_compare
                0x000000000800c066       0x12 lvgl/src/lv_font/lv_font_fmt_txt.o
 .text.unicode_list_compare
                0x000000000800c078        0x8 lvgl/src/lv_font/lv_font_fmt_txt.o
 .text.get_glyph_dsc_id.isra.0.part.1
                0x000000000800c080       0xb0 lvgl/src/lv_font/lv_font_fmt_txt.o
 .text.lv_font_get_bitmap_fmt_txt
                0x000000000800c130       0x2c lvgl/src/lv_font/lv_font_fmt_txt.o
                0x000000000800c130                lv_font_get_bitmap_fmt_txt
 .text.lv_font_get_glyph_dsc_fmt_txt
                0x000000000800c15c      0x118 lvgl/src/lv_font/lv_font_fmt_txt.o
                0x000000000800c15c                lv_font_get_glyph_dsc_fmt_txt
 .text.lv_disp_drv_init
                0x000000000800c274       0x32 lvgl/src/lv_hal/lv_hal_disp.o
                0x000000000800c274                lv_disp_drv_init
 .text.lv_disp_buf_init
                0x000000000800c2a6       0x1c lvgl/src/lv_hal/lv_hal_disp.o
                0x000000000800c2a6                lv_disp_buf_init
 *fill*         0x000000000800c2c2        0x2 
 .text.lv_disp_drv_register
                0x000000000800c2c4       0xc0 lvgl/src/lv_hal/lv_hal_disp.o
                0x000000000800c2c4                lv_disp_drv_register
 .text.lv_disp_get_default
                0x000000000800c384        0xc lvgl/src/lv_hal/lv_hal_disp.o
                0x000000000800c384                lv_disp_get_default
 .text.lv_disp_get_hor_res
                0x000000000800c390       0x24 lvgl/src/lv_hal/lv_hal_disp.o
                0x000000000800c390                lv_disp_get_hor_res
 .text.lv_disp_get_ver_res
                0x000000000800c3b4       0x24 lvgl/src/lv_hal/lv_hal_disp.o
                0x000000000800c3b4                lv_disp_get_ver_res
 .text.lv_disp_get_antialiasing
                0x000000000800c3d8       0x14 lvgl/src/lv_hal/lv_hal_disp.o
                0x000000000800c3d8                lv_disp_get_antialiasing
 .text.lv_disp_flush_ready
                0x000000000800c3ec        0xc lvgl/src/lv_hal/lv_hal_disp.o
                0x000000000800c3ec                lv_disp_flush_ready
 .text.lv_disp_get_buf
                0x000000000800c3f8        0x4 lvgl/src/lv_hal/lv_hal_disp.o
                0x000000000800c3f8                lv_disp_get_buf
 .text.lv_disp_get_inv_buf_size
                0x000000000800c3fc        0xa lvgl/src/lv_hal/lv_hal_disp.o
                0x000000000800c3fc                lv_disp_get_inv_buf_size
 .text.lv_disp_pop_from_inv_buf
                0x000000000800c406       0x1c lvgl/src/lv_hal/lv_hal_disp.o
                0x000000000800c406                lv_disp_pop_from_inv_buf
 .text.lv_disp_is_double_buf
                0x000000000800c422       0x10 lvgl/src/lv_hal/lv_hal_disp.o
                0x000000000800c422                lv_disp_is_double_buf
 .text.lv_disp_is_true_double_buf
                0x000000000800c432       0x1e lvgl/src/lv_hal/lv_hal_disp.o
                0x000000000800c432                lv_disp_is_true_double_buf
 .text.lv_indev_drv_init
                0x000000000800c450       0x24 lvgl/src/lv_hal/lv_hal_indev.o
                0x000000000800c450                lv_indev_drv_init
 .text.lv_indev_drv_register
                0x000000000800c474       0x68 lvgl/src/lv_hal/lv_hal_indev.o
                0x000000000800c474                lv_indev_drv_register
 .text.lv_indev_get_next
                0x000000000800c4dc       0x14 lvgl/src/lv_hal/lv_hal_indev.o
                0x000000000800c4dc                lv_indev_get_next
 .text.lv_indev_read
                0x000000000800c4f0       0x3a lvgl/src/lv_hal/lv_hal_indev.o
                0x000000000800c4f0                lv_indev_read
 *fill*         0x000000000800c52a        0x2 
 .text.lv_tick_inc
                0x000000000800c52c       0x18 lvgl/src/lv_hal/lv_hal_tick.o
                0x000000000800c52c                lv_tick_inc
 .text.lv_tick_get
                0x000000000800c544       0x1c lvgl/src/lv_hal/lv_hal_tick.o
                0x000000000800c544                lv_tick_get
 .text.lv_tick_elaps
                0x000000000800c560        0xc lvgl/src/lv_hal/lv_hal_tick.o
                0x000000000800c560                lv_tick_elaps
 .text.lv_anim_path_linear
                0x000000000800c56c       0x26 lvgl/src/lv_misc/lv_anim.o
                0x000000000800c56c                lv_anim_path_linear
 *fill*         0x000000000800c592        0x2 
 .text.anim_task
                0x000000000800c594      0x12c lvgl/src/lv_misc/lv_anim.o
 .text.lv_anim_core_init
                0x000000000800c6c0       0x30 lvgl/src/lv_misc/lv_anim.o
                0x000000000800c6c0                lv_anim_core_init
 .text.lv_anim_del
                0x000000000800c6f0       0x5c lvgl/src/lv_misc/lv_anim.o
                0x000000000800c6f0                lv_anim_del
 .text.lv_anim_create
                0x000000000800c74c       0x54 lvgl/src/lv_misc/lv_anim.o
                0x000000000800c74c                lv_anim_create
 .text.lv_anim_speed_to_time
                0x000000000800c7a0       0x28 lvgl/src/lv_misc/lv_anim.o
                0x000000000800c7a0                lv_anim_speed_to_time
 .text.lv_area_set
                0x000000000800c7c8        0xe lvgl/src/lv_misc/lv_area.o
                0x000000000800c7c8                lv_area_set
 .text.lv_area_set_height
                0x000000000800c7d6        0xa lvgl/src/lv_misc/lv_area.o
                0x000000000800c7d6                lv_area_set_height
 .text.lv_area_get_size
                0x000000000800c7e0       0x1c lvgl/src/lv_misc/lv_area.o
                0x000000000800c7e0                lv_area_get_size
 .text.lv_area_intersect
                0x000000000800c7fc       0x54 lvgl/src/lv_misc/lv_area.o
                0x000000000800c7fc                lv_area_intersect
 .text.lv_area_join
                0x000000000800c850       0x44 lvgl/src/lv_misc/lv_area.o
                0x000000000800c850                lv_area_join
 .text.lv_area_is_point_on
                0x000000000800c894       0x32 lvgl/src/lv_misc/lv_area.o
                0x000000000800c894                lv_area_is_point_on
 .text.lv_area_is_on
                0x000000000800c8c6       0x3a lvgl/src/lv_misc/lv_area.o
                0x000000000800c8c6                lv_area_is_on
 .text.lv_area_is_in
                0x000000000800c900       0x3a lvgl/src/lv_misc/lv_area.o
                0x000000000800c900                lv_area_is_in
 .text.lv_circ_init
                0x000000000800c93a        0xe lvgl/src/lv_misc/lv_circ.o
                0x000000000800c93a                lv_circ_init
 .text.lv_circ_cont
                0x000000000800c948       0x12 lvgl/src/lv_misc/lv_circ.o
                0x000000000800c948                lv_circ_cont
 .text.lv_circ_next
                0x000000000800c95a       0x34 lvgl/src/lv_misc/lv_circ.o
                0x000000000800c95a                lv_circ_next
 .text.lv_fs_get_real_path
                0x000000000800c98e       0x18 lvgl/src/lv_misc/lv_fs.o
 *fill*         0x000000000800c9a6        0x2 
 .text.lv_fs_init
                0x000000000800c9a8        0xc lvgl/src/lv_misc/lv_fs.o
                0x000000000800c9a8                lv_fs_init
 .text.lv_fs_close
                0x000000000800c9b4       0x2a lvgl/src/lv_misc/lv_fs.o
                0x000000000800c9b4                lv_fs_close
 .text.lv_fs_read
                0x000000000800c9de       0x3a lvgl/src/lv_misc/lv_fs.o
                0x000000000800c9de                lv_fs_read
 .text.lv_fs_seek
                0x000000000800ca18       0x24 lvgl/src/lv_misc/lv_fs.o
                0x000000000800ca18                lv_fs_seek
 .text.lv_fs_get_drv
                0x000000000800ca3c       0x24 lvgl/src/lv_misc/lv_fs.o
                0x000000000800ca3c                lv_fs_get_drv
 .text.lv_fs_open
                0x000000000800ca60       0x76 lvgl/src/lv_misc/lv_fs.o
                0x000000000800ca60                lv_fs_open
 *fill*         0x000000000800cad6        0x2 
 .text.lv_fs_get_ext
                0x000000000800cad8       0x2c lvgl/src/lv_misc/lv_fs.o
                0x000000000800cad8                lv_fs_get_ext
 .text.node_set_next.isra.0
                0x000000000800cb04       0x12 lvgl/src/lv_misc/lv_ll.o
 .text.node_set_prev.isra.2
                0x000000000800cb16        0xc lvgl/src/lv_misc/lv_ll.o
 .text.lv_ll_init
                0x000000000800cb22       0x14 lvgl/src/lv_misc/lv_ll.o
                0x000000000800cb22                lv_ll_init
 .text.lv_ll_ins_head
                0x000000000800cb36       0x3c lvgl/src/lv_misc/lv_ll.o
                0x000000000800cb36                lv_ll_ins_head
 .text.lv_ll_ins_tail
                0x000000000800cb72       0x3c lvgl/src/lv_misc/lv_ll.o
                0x000000000800cb72                lv_ll_ins_tail
 .text.lv_ll_get_head
                0x000000000800cbae        0x6 lvgl/src/lv_misc/lv_ll.o
                0x000000000800cbae                lv_ll_get_head
 .text.lv_ll_get_tail
                0x000000000800cbb4        0x6 lvgl/src/lv_misc/lv_ll.o
                0x000000000800cbb4                lv_ll_get_tail
 .text.lv_ll_get_next
                0x000000000800cbba        0xa lvgl/src/lv_misc/lv_ll.o
                0x000000000800cbba                lv_ll_get_next
 .text.lv_ll_get_prev
                0x000000000800cbc4        0x8 lvgl/src/lv_misc/lv_ll.o
                0x000000000800cbc4                lv_ll_get_prev
 .text.lv_ll_ins_prev
                0x000000000800cbcc       0x60 lvgl/src/lv_misc/lv_ll.o
                0x000000000800cbcc                lv_ll_ins_prev
 .text.lv_ll_rem
                0x000000000800cc2c       0x74 lvgl/src/lv_misc/lv_ll.o
                0x000000000800cc2c                lv_ll_rem
 .text.lv_ll_chg_list
                0x000000000800cca0       0x64 lvgl/src/lv_misc/lv_ll.o
                0x000000000800cca0                lv_ll_chg_list
 .text.lv_ll_move_before
                0x000000000800cd04       0x94 lvgl/src/lv_misc/lv_ll.o
                0x000000000800cd04                lv_ll_move_before
 .text.lv_ll_is_empty
                0x000000000800cd98       0x18 lvgl/src/lv_misc/lv_ll.o
                0x000000000800cd98                lv_ll_is_empty
 .text.ent_get_next
                0x000000000800cdb0       0x24 lvgl/src/lv_misc/lv_mem.o
 .text.ent_trunc
                0x000000000800cdd4       0x42 lvgl/src/lv_misc/lv_mem.o
 *fill*         0x000000000800ce16        0x2 
 .text.lv_mem_init
                0x000000000800ce18       0x24 lvgl/src/lv_misc/lv_mem.o
                0x000000000800ce18                lv_mem_init
 .text.lv_mem_alloc
                0x000000000800ce3c       0x50 lvgl/src/lv_misc/lv_mem.o
                0x000000000800ce3c                lv_mem_alloc
 .text.lv_mem_get_size
                0x000000000800ce8c       0x1c lvgl/src/lv_misc/lv_mem.o
                0x000000000800ce8c                lv_mem_get_size
 .text.lv_mem_free
                0x000000000800cea8       0x54 lvgl/src/lv_misc/lv_mem.o
                0x000000000800cea8                lv_mem_free
 .text.lv_mem_realloc
                0x000000000800cefc       0x54 lvgl/src/lv_misc/lv_mem.o
                0x000000000800cefc                lv_mem_realloc
 .text.lv_task_core_init
                0x000000000800cf50       0x1c lvgl/src/lv_misc/lv_task.o
                0x000000000800cf50                lv_task_core_init
 .text.lv_task_create_basic
                0x000000000800cf6c       0x7c lvgl/src/lv_misc/lv_task.o
                0x000000000800cf6c                lv_task_create_basic
 .text.lv_task_del
                0x000000000800cfe8       0x30 lvgl/src/lv_misc/lv_task.o
                0x000000000800cfe8                lv_task_del
 .text.lv_task_exec
                0x000000000800d018       0x48 lvgl/src/lv_misc/lv_task.o
 .text.lv_task_handler
                0x000000000800d060      0x118 lvgl/src/lv_misc/lv_task.o
                0x000000000800d060                lv_task_handler
 .text.lv_task_set_prio
                0x000000000800d178       0x50 lvgl/src/lv_misc/lv_task.o
                0x000000000800d178                lv_task_set_prio
 .text.lv_task_create
                0x000000000800d1c8       0x2a lvgl/src/lv_misc/lv_task.o
                0x000000000800d1c8                lv_task_create
 .text.lv_task_ready
                0x000000000800d1f2       0x12 lvgl/src/lv_misc/lv_task.o
                0x000000000800d1f2                lv_task_ready
 .text.lv_txt_utf8_size
                0x000000000800d204       0x30 lvgl/src/lv_misc/lv_txt.o
 .text.lv_txt_utf8_next
                0x000000000800d234       0xd2 lvgl/src/lv_misc/lv_txt.o
 *fill*         0x000000000800d306        0x2 
 .text.lv_txt_utf8_get_byte_id
                0x000000000800d308       0x2c lvgl/src/lv_misc/lv_txt.o
 .text.lv_txt_utf8_get_char_id
                0x000000000800d334       0x34 lvgl/src/lv_misc/lv_txt.o
 .text.lv_txt_utf8_get_length
                0x000000000800d368       0x2c lvgl/src/lv_misc/lv_txt.o
 .text.lv_txt_utf8_prev
                0x000000000800d394       0x48 lvgl/src/lv_misc/lv_txt.o
 .text.lv_txt_is_cmd
                0x000000000800d3dc       0x3a lvgl/src/lv_misc/lv_txt.o
                0x000000000800d3dc                lv_txt_is_cmd
 *fill*         0x000000000800d416        0x2 
 .text.lv_txt_get_next_line
                0x000000000800d418      0x110 lvgl/src/lv_misc/lv_txt.o
                0x000000000800d418                lv_txt_get_next_line
 .text.lv_txt_get_width
                0x000000000800d528       0x90 lvgl/src/lv_misc/lv_txt.o
                0x000000000800d528                lv_txt_get_width
 .text.lv_txt_get_size
                0x000000000800d5b8       0xaa lvgl/src/lv_misc/lv_txt.o
                0x000000000800d5b8                lv_txt_get_size
 .text.lv_utils_bsearch
                0x000000000800d662       0x3e lvgl/src/lv_misc/lv_utils.o
                0x000000000800d662                lv_utils_bsearch
 .text.lv_bar_anim
                0x000000000800d6a0       0x16 lvgl/src/lv_objx/lv_bar.o
 *fill*         0x000000000800d6b6        0x2 
 .text.lv_bar_signal
                0x000000000800d6b8       0x58 lvgl/src/lv_objx/lv_bar.o
 .text.lv_bar_set_value
                0x000000000800d710       0x98 lvgl/src/lv_objx/lv_bar.o
                0x000000000800d710                lv_bar_set_value
 .text.lv_bar_anim_ready
                0x000000000800d7a8       0x20 lvgl/src/lv_objx/lv_bar.o
 .text.lv_bar_set_range
                0x000000000800d7c8       0x56 lvgl/src/lv_objx/lv_bar.o
                0x000000000800d7c8                lv_bar_set_range
 .text.lv_bar_set_style
                0x000000000800d81e       0x2c lvgl/src/lv_objx/lv_bar.o
                0x000000000800d81e                lv_bar_set_style
 *fill*         0x000000000800d84a        0x2 
 .text.lv_bar_create
                0x000000000800d84c      0x110 lvgl/src/lv_objx/lv_bar.o
                0x000000000800d84c                lv_bar_create
 .text.lv_bar_get_value
                0x000000000800d95c       0x18 lvgl/src/lv_objx/lv_bar.o
                0x000000000800d95c                lv_bar_get_value
 .text.lv_bar_get_min_value
                0x000000000800d974        0xc lvgl/src/lv_objx/lv_bar.o
                0x000000000800d974                lv_bar_get_min_value
 .text.lv_bar_get_max_value
                0x000000000800d980        0xc lvgl/src/lv_objx/lv_bar.o
                0x000000000800d980                lv_bar_get_max_value
 .text.lv_bar_get_style
                0x000000000800d98c       0x22 lvgl/src/lv_objx/lv_bar.o
                0x000000000800d98c                lv_bar_get_style
 *fill*         0x000000000800d9ae        0x2 
 .text.lv_bar_design
                0x000000000800d9b0      0x278 lvgl/src/lv_objx/lv_bar.o
 .text.lv_btn_design
                0x000000000800dc28       0x20 lvgl/src/lv_objx/lv_btn.o
 .text.lv_btn_set_toggle
                0x000000000800dc48       0x12 lvgl/src/lv_objx/lv_btn.o
                0x000000000800dc48                lv_btn_set_toggle
 .text.lv_btn_set_state
                0x000000000800dc5a       0x2c lvgl/src/lv_objx/lv_btn.o
                0x000000000800dc5a                lv_btn_set_state
 .text.lv_btn_set_style
                0x000000000800dc86       0x42 lvgl/src/lv_objx/lv_btn.o
                0x000000000800dc86                lv_btn_set_style
 .text.lv_btn_create
                0x000000000800dcc8      0x120 lvgl/src/lv_objx/lv_btn.o
                0x000000000800dcc8                lv_btn_create
 .text.lv_btn_get_state
                0x000000000800dde8        0xe lvgl/src/lv_objx/lv_btn.o
                0x000000000800dde8                lv_btn_get_state
 .text.lv_btn_get_toggle
                0x000000000800ddf6        0xe lvgl/src/lv_objx/lv_btn.o
                0x000000000800ddf6                lv_btn_get_toggle
 .text.lv_btn_signal
                0x000000000800de04      0x154 lvgl/src/lv_objx/lv_btn.o
 .text.lv_btn_get_style
                0x000000000800df58       0x58 lvgl/src/lv_objx/lv_btn.o
                0x000000000800df58                lv_btn_get_style
 .text.lv_cont_refr_autofit
                0x000000000800dfb0      0x2b4 lvgl/src/lv_objx/lv_cont.o
 .text.lv_cont_create
                0x000000000800e264       0xc4 lvgl/src/lv_objx/lv_cont.o
                0x000000000800e264                lv_cont_create
 .text.lv_cont_set_layout
                0x000000000800e328       0x2a lvgl/src/lv_objx/lv_cont.o
                0x000000000800e328                lv_cont_set_layout
 .text.lv_cont_get_layout
                0x000000000800e352        0xe lvgl/src/lv_objx/lv_cont.o
                0x000000000800e352                lv_cont_get_layout
 .text.lv_cont_refr_layout
                0x000000000800e360      0x548 lvgl/src/lv_objx/lv_cont.o
 .text.lv_cont_signal
                0x000000000800e8a8       0x84 lvgl/src/lv_objx/lv_cont.o
 .text.lv_img_design
                0x000000000800e92c      0x14e lvgl/src/lv_objx/lv_img.o
 .text.lv_img_set_auto_size
                0x000000000800ea7a       0x12 lvgl/src/lv_objx/lv_img.o
                0x000000000800ea7a                lv_img_set_auto_size
 .text.lv_img_get_auto_size
                0x000000000800ea8c        0xe lvgl/src/lv_objx/lv_img.o
                0x000000000800ea8c                lv_img_get_auto_size
 .text.lv_img_set_src
                0x000000000800ea9a      0x11e lvgl/src/lv_objx/lv_img.o
                0x000000000800ea9a                lv_img_set_src
 .text.lv_img_create
                0x000000000800ebb8       0xcc lvgl/src/lv_objx/lv_img.o
                0x000000000800ebb8                lv_img_create
 .text.lv_img_signal
                0x000000000800ec84       0x80 lvgl/src/lv_objx/lv_img.o
 .text.refr_img
                0x000000000800ed04       0x52 lvgl/src/lv_objx/lv_imgbtn.o
 *fill*         0x000000000800ed56        0x2 
 .text.lv_imgbtn_signal
                0x000000000800ed58       0x48 lvgl/src/lv_objx/lv_imgbtn.o
 .text.lv_imgbtn_design
                0x000000000800eda0       0x6c lvgl/src/lv_objx/lv_imgbtn.o
 .text.lv_imgbtn_create
                0x000000000800ee0c       0x90 lvgl/src/lv_objx/lv_imgbtn.o
                0x000000000800ee0c                lv_imgbtn_create
 .text.lv_imgbtn_set_src
                0x000000000800ee9c       0x1c lvgl/src/lv_objx/lv_imgbtn.o
                0x000000000800ee9c                lv_imgbtn_set_src
 .text.lv_label_dot_tmp_free
                0x000000000800eeb8       0x24 lvgl/src/lv_objx/lv_label.o
 .text.lv_label_revert_dots
                0x000000000800eedc       0x70 lvgl/src/lv_objx/lv_label.o
 .text.lv_label_set_offset_y
                0x000000000800ef4c       0x16 lvgl/src/lv_objx/lv_label.o
 .text.lv_label_set_offset_x
                0x000000000800ef62       0x16 lvgl/src/lv_objx/lv_label.o
 .text.lv_label_set_dot_tmp
                0x000000000800ef78       0x52 lvgl/src/lv_objx/lv_label.o
 .text.lv_label_design
                0x000000000800efca      0x206 lvgl/src/lv_objx/lv_label.o
 .text.lv_label_set_align
                0x000000000800f1d0       0x26 lvgl/src/lv_objx/lv_label.o
                0x000000000800f1d0                lv_label_set_align
 .text.lv_label_set_body_draw
                0x000000000800f1f6       0x2c lvgl/src/lv_objx/lv_label.o
                0x000000000800f1f6                lv_label_set_body_draw
 .text.lv_label_get_text
                0x000000000800f222        0xa lvgl/src/lv_objx/lv_label.o
                0x000000000800f222                lv_label_get_text
 .text.lv_label_get_long_mode
                0x000000000800f22c        0xe lvgl/src/lv_objx/lv_label.o
                0x000000000800f22c                lv_label_get_long_mode
 .text.lv_label_get_align
                0x000000000800f23a        0xe lvgl/src/lv_objx/lv_label.o
                0x000000000800f23a                lv_label_get_align
 .text.lv_label_get_recolor
                0x000000000800f248        0xe lvgl/src/lv_objx/lv_label.o
                0x000000000800f248                lv_label_get_recolor
 .text.lv_label_get_body_draw
                0x000000000800f256        0xe lvgl/src/lv_objx/lv_label.o
                0x000000000800f256                lv_label_get_body_draw
 .text.lv_label_get_letter_on
                0x000000000800f264      0x168 lvgl/src/lv_objx/lv_label.o
                0x000000000800f264                lv_label_get_letter_on
 .text.lv_label_refr_text
                0x000000000800f3cc      0x328 lvgl/src/lv_objx/lv_label.o
 .text.lv_label_signal
                0x000000000800f6f4       0xec lvgl/src/lv_objx/lv_label.o
 .text.lv_label_set_text
                0x000000000800f7e0       0x72 lvgl/src/lv_objx/lv_label.o
                0x000000000800f7e0                lv_label_set_text
 .text.lv_label_set_static_text
                0x000000000800f852       0x34 lvgl/src/lv_objx/lv_label.o
                0x000000000800f852                lv_label_set_static_text
 *fill*         0x000000000800f886        0x2 
 .text.lv_label_set_long_mode
                0x000000000800f888       0x84 lvgl/src/lv_objx/lv_label.o
                0x000000000800f888                lv_label_set_long_mode
 .text.lv_label_set_recolor
                0x000000000800f90c       0x26 lvgl/src/lv_objx/lv_label.o
                0x000000000800f90c                lv_label_set_recolor
 *fill*         0x000000000800f932        0x2 
 .text.lv_label_create
                0x000000000800f934      0x174 lvgl/src/lv_objx/lv_label.o
                0x000000000800f934                lv_label_create
 .text.lv_slider_set_style
                0x000000000800faa8       0x38 lvgl/src/lv_objx/lv_slider.o
                0x000000000800faa8                lv_slider_set_style
 .text.lv_slider_create
                0x000000000800fae0       0xc8 lvgl/src/lv_objx/lv_slider.o
                0x000000000800fae0                lv_slider_create
 .text.lv_slider_get_value
                0x000000000800fba8       0x1e lvgl/src/lv_objx/lv_slider.o
                0x000000000800fba8                lv_slider_get_value
 .text.lv_slider_get_style
                0x000000000800fbc6       0x2c lvgl/src/lv_objx/lv_slider.o
                0x000000000800fbc6                lv_slider_get_style
 .text.lv_slider_design
                0x000000000800fbf2      0x486 lvgl/src/lv_objx/lv_slider.o
 .text.lv_slider_signal
                0x0000000008010078      0x274 lvgl/src/lv_objx/lv_slider.o
 .text.lv_theme_get_current
                0x00000000080102ec        0xc lvgl/src/lv_themes/lv_theme.o
                0x00000000080102ec                lv_theme_get_current
 .text.Reset_Handler
                0x00000000080102f8       0x50 startup/startup_stm32f407xx.o
                0x00000000080102f8                Reset_Handler
 .text.Default_Handler
                0x0000000008010348        0x2 startup/startup_stm32f407xx.o
                0x0000000008010348                RTC_Alarm_IRQHandler
                0x0000000008010348                HASH_RNG_IRQHandler
                0x0000000008010348                EXTI2_IRQHandler
                0x0000000008010348                TIM8_CC_IRQHandler
                0x0000000008010348                TIM1_CC_IRQHandler
                0x0000000008010348                DMA2_Stream5_IRQHandler
                0x0000000008010348                DMA1_Stream5_IRQHandler
                0x0000000008010348                PVD_IRQHandler
                0x0000000008010348                SDIO_IRQHandler
                0x0000000008010348                TAMP_STAMP_IRQHandler
                0x0000000008010348                CAN2_RX1_IRQHandler
                0x0000000008010348                EXTI3_IRQHandler
                0x0000000008010348                TIM8_TRG_COM_TIM14_IRQHandler
                0x0000000008010348                TIM1_UP_TIM10_IRQHandler
                0x0000000008010348                TIM8_UP_TIM13_IRQHandler
                0x0000000008010348                I2C3_ER_IRQHandler
                0x0000000008010348                EXTI0_IRQHandler
                0x0000000008010348                I2C2_EV_IRQHandler
                0x0000000008010348                DMA1_Stream2_IRQHandler
                0x0000000008010348                CAN1_RX0_IRQHandler
                0x0000000008010348                FPU_IRQHandler
                0x0000000008010348                OTG_HS_WKUP_IRQHandler
                0x0000000008010348                CAN2_SCE_IRQHandler
                0x0000000008010348                DMA2_Stream2_IRQHandler
                0x0000000008010348                SPI1_IRQHandler
                0x0000000008010348                TIM1_BRK_TIM9_IRQHandler
                0x0000000008010348                DCMI_IRQHandler
                0x0000000008010348                CAN2_RX0_IRQHandler
                0x0000000008010348                DMA2_Stream3_IRQHandler
                0x0000000008010348                USART6_IRQHandler
                0x0000000008010348                USART3_IRQHandler
                0x0000000008010348                CAN1_RX1_IRQHandler
                0x0000000008010348                UART5_IRQHandler
                0x0000000008010348                DMA2_Stream0_IRQHandler
                0x0000000008010348                TIM4_IRQHandler
                0x0000000008010348                I2C1_EV_IRQHandler